<?xml version="1.0"?>
<link_info>
   <banner>MSP430 Linker PC v4.2.1</banner>
   <copyright>Copyright (c) 2003-2013 Texas Instruments Incorporated</copyright>
   <link_time>0x52a6fd43</link_time>
   <link_errors>0x0</link_errors>
   <output_file>ez430_chronos_868MHz.out</output_file>
   <entry_point>
      <name>_c_int00</name>
      <address>0xd6d6</address>
   </entry_point>
   <input_file_list>
      <input_file id="fl-2">
         <path>.\driver\</path>
         <kind>object</kind>
         <file>ps.obj</file>
         <name>ps.obj</name>
      </input_file>
      <input_file id="fl-30">
         <path>..\driver\</path>
         <kind>archive</kind>
         <file>ez430_chronos_drivers.lib</file>
         <name>radio.obj</name>
      </input_file>
      <input_file id="fl-33">
         <path>C:\ti\ccsv5\tools\compiler\msp430_4.2.1\lib\</path>
         <kind>archive</kind>
         <file>rts430x.lib</file>
         <name>asr32.obj</name>
      </input_file>
      <input_file id="fl-34">
         <path>C:\ti\ccsv5\tools\compiler\msp430_4.2.1\lib\</path>
         <kind>archive</kind>
         <file>rts430x.lib</file>
         <name>boot.obj</name>
      </input_file>
      <input_file id="fl-38">
         <path>C:\ti\ccsv5\tools\compiler\msp430_4.2.1\lib\</path>
         <kind>archive</kind>
         <file>rts430x.lib</file>
         <name>cpy_util.obj</name>
      </input_file>
      <input_file id="fl-39">
         <path>C:\ti\ccsv5\tools\compiler\msp430_4.2.1\lib\</path>
         <kind>archive</kind>
         <file>rts430x.lib</file>
         <name>div16s.obj</name>
      </input_file>
      <input_file id="fl-3a">
         <path>C:\ti\ccsv5\tools\compiler\msp430_4.2.1\lib\</path>
         <kind>archive</kind>
         <file>rts430x.lib</file>
         <name>div16u.obj</name>
      </input_file>
      <input_file id="fl-3b">
         <path>C:\ti\ccsv5\tools\compiler\msp430_4.2.1\lib\</path>
         <kind>archive</kind>
         <file>rts430x.lib</file>
         <name>div32s.obj</name>
      </input_file>
      <input_file id="fl-3c">
         <path>C:\ti\ccsv5\tools\compiler\msp430_4.2.1\lib\</path>
         <kind>archive</kind>
         <file>rts430x.lib</file>
         <name>div32u.obj</name>
      </input_file>
      <input_file id="fl-3d">
         <path>C:\ti\ccsv5\tools\compiler\msp430_4.2.1\lib\</path>
         <kind>archive</kind>
         <file>rts430x.lib</file>
         <name>exit.obj</name>
      </input_file>
      <input_file id="fl-3e">
         <path>C:\ti\ccsv5\tools\compiler\msp430_4.2.1\lib\</path>
         <kind>archive</kind>
         <file>rts430x.lib</file>
         <name>fs_add.obj</name>
      </input_file>
      <input_file id="fl-3f">
         <path>C:\ti\ccsv5\tools\compiler\msp430_4.2.1\lib\</path>
         <kind>archive</kind>
         <file>rts430x.lib</file>
         <name>fs_cmp.obj</name>
      </input_file>
      <input_file id="fl-40">
         <path>C:\ti\ccsv5\tools\compiler\msp430_4.2.1\lib\</path>
         <kind>archive</kind>
         <file>rts430x.lib</file>
         <name>fs_div.obj</name>
      </input_file>
      <input_file id="fl-41">
         <path>C:\ti\ccsv5\tools\compiler\msp430_4.2.1\lib\</path>
         <kind>archive</kind>
         <file>rts430x.lib</file>
         <name>fs_itof.obj</name>
      </input_file>
      <input_file id="fl-42">
         <path>C:\ti\ccsv5\tools\compiler\msp430_4.2.1\lib\</path>
         <kind>archive</kind>
         <file>rts430x.lib</file>
         <name>fs_mpy.obj</name>
      </input_file>
      <input_file id="fl-43">
         <path>C:\ti\ccsv5\tools\compiler\msp430_4.2.1\lib\</path>
         <kind>archive</kind>
         <file>rts430x.lib</file>
         <name>fs_tou.obj</name>
      </input_file>
      <input_file id="fl-44">
         <path>C:\ti\ccsv5\tools\compiler\msp430_4.2.1\lib\</path>
         <kind>archive</kind>
         <file>rts430x.lib</file>
         <name>fs_toul.obj</name>
      </input_file>
      <input_file id="fl-45">
         <path>C:\ti\ccsv5\tools\compiler\msp430_4.2.1\lib\</path>
         <kind>archive</kind>
         <file>rts430x.lib</file>
         <name>fs_ultof.obj</name>
      </input_file>
      <input_file id="fl-46">
         <path>C:\ti\ccsv5\tools\compiler\msp430_4.2.1\lib\</path>
         <kind>archive</kind>
         <file>rts430x.lib</file>
         <name>fs_utof.obj</name>
      </input_file>
      <input_file id="fl-47">
         <path>C:\ti\ccsv5\tools\compiler\msp430_4.2.1\lib\</path>
         <kind>archive</kind>
         <file>rts430x.lib</file>
         <name>int45.obj</name>
      </input_file>
      <input_file id="fl-48">
         <path>C:\ti\ccsv5\tools\compiler\msp430_4.2.1\lib\</path>
         <kind>archive</kind>
         <file>rts430x.lib</file>
         <name>int46.obj</name>
      </input_file>
      <input_file id="fl-49">
         <path>C:\ti\ccsv5\tools\compiler\msp430_4.2.1\lib\</path>
         <kind>archive</kind>
         <file>rts430x.lib</file>
         <name>int47.obj</name>
      </input_file>
      <input_file id="fl-4a">
         <path>C:\ti\ccsv5\tools\compiler\msp430_4.2.1\lib\</path>
         <kind>archive</kind>
         <file>rts430x.lib</file>
         <name>int49.obj</name>
      </input_file>
      <input_file id="fl-4b">
         <path>C:\ti\ccsv5\tools\compiler\msp430_4.2.1\lib\</path>
         <kind>archive</kind>
         <file>rts430x.lib</file>
         <name>int50.obj</name>
      </input_file>
      <input_file id="fl-4c">
         <path>C:\ti\ccsv5\tools\compiler\msp430_4.2.1\lib\</path>
         <kind>archive</kind>
         <file>rts430x.lib</file>
         <name>int51.obj</name>
      </input_file>
      <input_file id="fl-4d">
         <path>C:\ti\ccsv5\tools\compiler\msp430_4.2.1\lib\</path>
         <kind>archive</kind>
         <file>rts430x.lib</file>
         <name>int52.obj</name>
      </input_file>
      <input_file id="fl-4e">
         <path>C:\ti\ccsv5\tools\compiler\msp430_4.2.1\lib\</path>
         <kind>archive</kind>
         <file>rts430x.lib</file>
         <name>int57.obj</name>
      </input_file>
      <input_file id="fl-4f">
         <path>C:\ti\ccsv5\tools\compiler\msp430_4.2.1\lib\</path>
         <kind>archive</kind>
         <file>rts430x.lib</file>
         <name>int58.obj</name>
      </input_file>
      <input_file id="fl-50">
         <path>C:\ti\ccsv5\tools\compiler\msp430_4.2.1\lib\</path>
         <kind>archive</kind>
         <file>rts430x.lib</file>
         <name>int59.obj</name>
      </input_file>
      <input_file id="fl-51">
         <path>C:\ti\ccsv5\tools\compiler\msp430_4.2.1\lib\</path>
         <kind>archive</kind>
         <file>rts430x.lib</file>
         <name>int60.obj</name>
      </input_file>
      <input_file id="fl-52">
         <path>C:\ti\ccsv5\tools\compiler\msp430_4.2.1\lib\</path>
         <kind>archive</kind>
         <file>rts430x.lib</file>
         <name>int61.obj</name>
      </input_file>
      <input_file id="fl-53">
         <path>C:\ti\ccsv5\tools\compiler\msp430_4.2.1\lib\</path>
         <kind>archive</kind>
         <file>rts430x.lib</file>
         <name>int62.obj</name>
      </input_file>
      <input_file id="fl-54">
         <path>C:\ti\ccsv5\tools\compiler\msp430_4.2.1\lib\</path>
         <kind>archive</kind>
         <file>rts430x.lib</file>
         <name>isr_trap.obj</name>
      </input_file>
      <input_file id="fl-55">
         <path>C:\ti\ccsv5\tools\compiler\msp430_4.2.1\lib\</path>
         <kind>archive</kind>
         <file>rts430x.lib</file>
         <name>lsl32.obj</name>
      </input_file>
      <input_file id="fl-56">
         <path>C:\ti\ccsv5\tools\compiler\msp430_4.2.1\lib\</path>
         <kind>archive</kind>
         <file>rts430x.lib</file>
         <name>lsr32.obj</name>
      </input_file>
      <input_file id="fl-5b">
         <path>C:\ti\ccsv5\tools\compiler\msp430_4.2.1\lib\</path>
         <kind>archive</kind>
         <file>rts430x.lib</file>
         <name>mult16_f5hw.obj</name>
      </input_file>
      <input_file id="fl-5c">
         <path>C:\ti\ccsv5\tools\compiler\msp430_4.2.1\lib\</path>
         <kind>archive</kind>
         <file>rts430x.lib</file>
         <name>mult32_f5hw.obj</name>
      </input_file>
      <input_file id="fl-5f">
         <path>C:\ti\ccsv5\tools\compiler\msp430_4.2.1\lib\</path>
         <kind>archive</kind>
         <file>rts430x.lib</file>
         <name>args_main.obj</name>
      </input_file>
      <input_file id="fl-60">
         <path>C:\ti\ccsv5\tools\compiler\msp430_4.2.1\lib\</path>
         <kind>archive</kind>
         <file>rts430x.lib</file>
         <name>autoinit.obj</name>
      </input_file>
      <input_file id="fl-61">
         <path>C:\Users\thunder\AppData\Local\Temp\</path>
         <kind>object</kind>
         <file>107322</file>
         <name>107322</name>
      </input_file>
      <input_file id="fl-62">
         <path>C:\ti\ccsv5\tools\compiler\msp430_4.2.1\lib\</path>
         <kind>archive</kind>
         <file>rts430x.lib</file>
         <name>copy_decompress_none.obj</name>
      </input_file>
      <input_file id="fl-63">
         <path>C:\ti\ccsv5\tools\compiler\msp430_4.2.1\lib\</path>
         <kind>archive</kind>
         <file>rts430x.lib</file>
         <name>copy_decompress_rle.obj</name>
      </input_file>
      <input_file id="fl-64">
         <path>C:\ti\ccsv5\tools\compiler\msp430_4.2.1\lib\</path>
         <kind>archive</kind>
         <file>rts430x.lib</file>
         <name>copy_zero_init.obj</name>
      </input_file>
   </input_file_list>
   <object_component_list>
      <object_component id="oc-77">
         <name>.bss</name>
         <uninitialized>true</uninitialized>
         <run_address>0x1d32</run_address>
         <size>0x45</size>
         <input_file_ref idref="fl-2"/>
      </object_component>
      <object_component id="oc-83">
         <name>.bss</name>
         <uninitialized>true</uninitialized>
         <run_address>0x1e9a</run_address>
         <size>0x8</size>
         <input_file_ref idref="fl-34"/>
      </object_component>
      <object_component id="oc-e1">
         <name>.bss</name>
         <uninitialized>true</uninitialized>
         <run_address>0x1dec</run_address>
         <size>0x1a</size>
         <input_file_ref idref="fl-5"/>
      </object_component>
      <object_component id="oc-e2">
         <name>.bss</name>
         <uninitialized>true</uninitialized>
         <run_address>0x1e77</run_address>
         <size>0x1</size>
         <input_file_ref idref="fl-7"/>
      </object_component>
      <object_component id="oc-e3">
         <name>.bss</name>
         <uninitialized>true</uninitialized>
         <run_address>0x1e06</run_address>
         <size>0x14</size>
         <input_file_ref idref="fl-15"/>
      </object_component>
      <object_component id="oc-e4">
         <name>.bss</name>
         <uninitialized>true</uninitialized>
         <run_address>0x1e64</run_address>
         <size>0xa</size>
         <input_file_ref idref="fl-2f"/>
      </object_component>
      <object_component id="oc-e5">
         <name>.bss</name>
         <uninitialized>true</uninitialized>
         <run_address>0x1e38</run_address>
         <size>0xe</size>
         <input_file_ref idref="fl-a"/>
      </object_component>
      <object_component id="oc-e6">
         <name>.bss</name>
         <uninitialized>true</uninitialized>
         <run_address>0x1c8c</run_address>
         <size>0x5e</size>
         <input_file_ref idref="fl-2d"/>
      </object_component>
      <object_component id="oc-e7">
         <name>.bss</name>
         <uninitialized>true</uninitialized>
         <run_address>0x1eb0</run_address>
         <size>0x6</size>
         <input_file_ref idref="fl-9"/>
      </object_component>
      <object_component id="oc-e9">
         <name>.bss</name>
         <uninitialized>true</uninitialized>
         <run_address>0x1eba</run_address>
         <size>0x4</size>
         <input_file_ref idref="fl-d"/>
      </object_component>
      <object_component id="oc-ea">
         <name>.bss</name>
         <uninitialized>true</uninitialized>
         <run_address>0x1e5a</run_address>
         <size>0xa</size>
         <input_file_ref idref="fl-14"/>
      </object_component>
      <object_component id="oc-eb">
         <name>.bss</name>
         <uninitialized>true</uninitialized>
         <run_address>0x1e1a</run_address>
         <size>0xf</size>
         <input_file_ref idref="fl-f"/>
      </object_component>
      <object_component id="oc-ec">
         <name>.bss</name>
         <uninitialized>true</uninitialized>
         <run_address>0x1eaa</run_address>
         <size>0x6</size>
         <input_file_ref idref="fl-e"/>
      </object_component>
      <object_component id="oc-ed">
         <name>.bss</name>
         <uninitialized>true</uninitialized>
         <run_address>0x1eb6</run_address>
         <size>0x4</size>
         <input_file_ref idref="fl-13"/>
      </object_component>
      <object_component id="oc-ee">
         <name>.bss</name>
         <uninitialized>true</uninitialized>
         <run_address>0x1e2a</run_address>
         <size>0xe</size>
         <input_file_ref idref="fl-12"/>
      </object_component>
      <object_component id="oc-ef">
         <name>.bss</name>
         <uninitialized>true</uninitialized>
         <run_address>0x1cea</run_address>
         <size>0x48</size>
         <input_file_ref idref="fl-b"/>
      </object_component>
      <object_component id="oc-f0">
         <name>.bss</name>
         <uninitialized>true</uninitialized>
         <run_address>0x1e81</run_address>
         <size>0x1</size>
         <input_file_ref idref="fl-c"/>
      </object_component>
      <object_component id="oc-f1">
         <name>.bss</name>
         <uninitialized>true</uninitialized>
         <run_address>0x1dd2</run_address>
         <size>0x1a</size>
         <input_file_ref idref="fl-10"/>
      </object_component>
      <object_component id="oc-f2">
         <name>.bss</name>
         <uninitialized>true</uninitialized>
         <run_address>0x1e82</run_address>
         <size>0x8</size>
         <input_file_ref idref="fl-11"/>
      </object_component>
      <object_component id="oc-f3">
         <name>.bss</name>
         <uninitialized>true</uninitialized>
         <run_address>0x1dd1</run_address>
         <size>0x1</size>
         <input_file_ref idref="fl-1e"/>
      </object_component>
      <object_component id="oc-f4">
         <name>.bss</name>
         <uninitialized>true</uninitialized>
         <run_address>0x1d77</run_address>
         <size>0x1</size>
         <input_file_ref idref="fl-1c"/>
      </object_component>
      <object_component id="oc-f5">
         <name>.bss</name>
         <uninitialized>true</uninitialized>
         <run_address>0x1d78</run_address>
         <size>0x3c</size>
         <input_file_ref idref="fl-1d"/>
      </object_component>
      <object_component id="oc-f7">
         <name>.bss</name>
         <uninitialized>true</uninitialized>
         <run_address>0x1e46</run_address>
         <size>0xa</size>
         <input_file_ref idref="fl-1f"/>
      </object_component>
      <object_component id="oc-fa">
         <name>.bss</name>
         <uninitialized>true</uninitialized>
         <run_address>0x1e6e</run_address>
         <size>0x9</size>
         <input_file_ref idref="fl-21"/>
      </object_component>
      <object_component id="oc-fb">
         <name>.bss</name>
         <uninitialized>true</uninitialized>
         <run_address>0x1e78</run_address>
         <size>0x9</size>
         <input_file_ref idref="fl-23"/>
      </object_component>
      <object_component id="oc-fc">
         <name>.bss</name>
         <uninitialized>true</uninitialized>
         <run_address>0x1e50</run_address>
         <size>0xa</size>
         <input_file_ref idref="fl-24"/>
      </object_component>
      <object_component id="oc-fd">
         <name>.bss</name>
         <uninitialized>true</uninitialized>
         <run_address>0x1ebe</run_address>
         <size>0x3</size>
         <input_file_ref idref="fl-25"/>
      </object_component>
      <object_component id="oc-fe">
         <name>.bss</name>
         <uninitialized>true</uninitialized>
         <run_address>0x1e29</run_address>
         <size>0x1</size>
         <input_file_ref idref="fl-26"/>
      </object_component>
      <object_component id="oc-ff">
         <name>.bss</name>
         <uninitialized>true</uninitialized>
         <run_address>0x1c00</run_address>
         <size>0x8c</size>
         <input_file_ref idref="fl-27"/>
      </object_component>
      <object_component id="oc-100">
         <name>.bss</name>
         <uninitialized>true</uninitialized>
         <run_address>0x1db4</run_address>
         <size>0x1d</size>
         <input_file_ref idref="fl-2a"/>
      </object_component>
      <object_component id="oc-101">
         <name>.bss</name>
         <uninitialized>true</uninitialized>
         <run_address>0x1ec2</run_address>
         <size>0x3</size>
         <input_file_ref idref="fl-2b"/>
      </object_component>
      <object_component id="oc-102">
         <name>.bss</name>
         <uninitialized>true</uninitialized>
         <run_address>0x1ea2</run_address>
         <size>0x7</size>
         <input_file_ref idref="fl-32"/>
      </object_component>
      <object_component id="oc-103">
         <name>.bss</name>
         <uninitialized>true</uninitialized>
         <run_address>0x1e8a</run_address>
         <size>0x8</size>
         <input_file_ref idref="fl-2c"/>
      </object_component>
      <object_component id="oc-104">
         <name>.bss</name>
         <uninitialized>true</uninitialized>
         <run_address>0x1e92</run_address>
         <size>0x8</size>
         <input_file_ref idref="fl-5e"/>
      </object_component>
      <object_component id="oc-85">
         <name>.stack</name>
         <uninitialized>true</uninitialized>
         <run_address>0x2bac</run_address>
         <size>0x2</size>
         <input_file_ref idref="fl-34"/>
      </object_component>
      <object_component id="oc-229">
         <name>.stack</name>
         <uninitialized>true</uninitialized>
         <run_address>0x2bac</run_address>
         <size>0x0</size>
      </object_component>
      <object_component id="oc-11d">
         <name>.text:_isr:TIMER0_A0_ISR</name>
         <load_address>0x8000</load_address>
         <run_address>0x8000</run_address>
         <size>0x29e</size>
         <input_file_ref idref="fl-32"/>
      </object_component>
      <object_component id="oc-183">
         <name>.text:conv_pa_to_meter</name>
         <load_address>0x829e</load_address>
         <run_address>0x829e</run_address>
         <size>0x294</size>
         <input_file_ref idref="fl-2"/>
      </object_component>
      <object_component id="oc-161">
         <name>.text:set_value</name>
         <load_address>0x8532</load_address>
         <run_address>0x8532</run_address>
         <size>0x236</size>
         <input_file_ref idref="fl-8"/>
      </object_component>
      <object_component id="oc-115">
         <name>.text:_isr:PORT2_ISR</name>
         <load_address>0x8768</load_address>
         <run_address>0x8768</run_address>
         <size>0x1fc</size>
         <input_file_ref idref="fl-2f"/>
      </object_component>
      <object_component id="oc-1ae">
         <name>.text:MRFI_Init</name>
         <load_address>0x8964</load_address>
         <run_address>0x8964</run_address>
         <size>0x1f4</size>
         <input_file_ref idref="fl-1d"/>
      </object_component>
      <object_component id="oc-124">
         <name>.text:mx_time</name>
         <load_address>0x8b58</load_address>
         <run_address>0x8b58</run_address>
         <size>0x1e4</size>
         <input_file_ref idref="fl-f"/>
      </object_component>
      <object_component id="oc-166">
         <name>.text:update_pressure_table</name>
         <load_address>0x8d3c</load_address>
         <run_address>0x8d3c</run_address>
         <size>0x1d6</size>
         <input_file_ref idref="fl-2"/>
      </object_component>
      <object_component id="oc-125">
         <name>.text:display_time</name>
         <load_address>0x8f12</load_address>
         <run_address>0x8f12</run_address>
         <size>0x1ba</size>
         <input_file_ref idref="fl-f"/>
      </object_component>
      <object_component id="oc-136">
         <name>.text:mx_date</name>
         <load_address>0x90cc</load_address>
         <run_address>0x90cc</run_address>
         <size>0x194</size>
         <input_file_ref idref="fl-e"/>
      </object_component>
      <object_component id="oc-182">
         <name>.text:bmp_ps_get_pa</name>
         <load_address>0x9260</load_address>
         <run_address>0x9260</run_address>
         <size>0x192</size>
         <input_file_ref idref="fl-5"/>
      </object_component>
      <object_component id="oc-133">
         <name>.text:display_acceleration</name>
         <load_address>0x93f2</load_address>
         <run_address>0x93f2</run_address>
         <size>0x184</size>
         <input_file_ref idref="fl-14"/>
      </object_component>
      <object_component id="oc-1af">
         <name>.text:nwk_nwkInit</name>
         <load_address>0x9576</load_address>
         <run_address>0x9576</run_address>
         <size>0x16e</size>
         <input_file_ref idref="fl-2a"/>
      </object_component>
      <object_component id="oc-1cf">
         <name>.text:smpl_send_link_reply$27</name>
         <load_address>0x96e4</load_address>
         <run_address>0x96e4</run_address>
         <size>0x164</size>
         <input_file_ref idref="fl-24"/>
      </object_component>
      <object_component id="oc-149">
         <name>.text:init_application</name>
         <load_address>0x9848</load_address>
         <run_address>0x9848</run_address>
         <size>0x160</size>
         <input_file_ref idref="fl-15"/>
      </object_component>
      <object_component id="oc-1c1">
         <name>.text:MRFI_Transmit</name>
         <load_address>0x99a8</load_address>
         <run_address>0x99a8</run_address>
         <size>0x14c</size>
         <input_file_ref idref="fl-1d"/>
      </object_component>
      <object_component id="oc-19b">
         <name>.text:simpliciti_sync_decode_ap_cmd_callback</name>
         <load_address>0x9af4</load_address>
         <run_address>0x9af4</run_address>
         <size>0x14a</size>
         <input_file_ref idref="fl-b"/>
      </object_component>
      <object_component id="oc-196">
         <name>.text:nwk_link</name>
         <load_address>0x9c3e</load_address>
         <run_address>0x9c3e</run_address>
         <size>0x148</size>
         <input_file_ref idref="fl-24"/>
      </object_component>
      <object_component id="oc-193">
         <name>.text:SMPL_Ioctl</name>
         <load_address>0x9d86</load_address>
         <run_address>0x9d86</run_address>
         <size>0x13c</size>
         <input_file_ref idref="fl-1e"/>
      </object_component>
      <object_component id="oc-185">
         <name>.text:Mrfi_SyncPinRxIsr$20</name>
         <load_address>0x9ec2</load_address>
         <run_address>0x9ec2</run_address>
         <size>0x13a</size>
         <input_file_ref idref="fl-1d"/>
      </object_component>
      <object_component id="oc-14b">
         <name>.text:wakeup_event</name>
         <load_address>0x9ffc</load_address>
         <run_address>0x9ffc</run_address>
         <size>0x134</size>
         <input_file_ref idref="fl-15"/>
      </object_component>
      <object_component id="oc-a1">
         <name>.text</name>
         <load_address>0xa130</load_address>
         <run_address>0xa130</run_address>
         <size>0x130</size>
         <input_file_ref idref="fl-3e"/>
      </object_component>
      <object_component id="oc-14d">
         <name>.text:do_altitude_measurement</name>
         <load_address>0xa260</load_address>
         <run_address>0xa260</run_address>
         <size>0x12c</size>
         <input_file_ref idref="fl-12"/>
      </object_component>
      <object_component id="oc-121">
         <name>.text:display_stopwatch</name>
         <load_address>0xa38c</load_address>
         <run_address>0xa38c</run_address>
         <size>0x11c</size>
         <input_file_ref idref="fl-a"/>
      </object_component>
      <object_component id="oc-14a">
         <name>.text:init_global_variables</name>
         <load_address>0xa4a8</load_address>
         <run_address>0xa4a8</run_address>
         <size>0x11c</size>
         <input_file_ref idref="fl-15"/>
      </object_component>
      <object_component id="oc-1b1">
         <name>.text:nwk_join</name>
         <load_address>0xa5c4</load_address>
         <run_address>0xa5c4</run_address>
         <size>0x11c</size>
         <input_file_ref idref="fl-23"/>
      </object_component>
      <object_component id="oc-16f">
         <name>.text:start_simpliciti_tx_only</name>
         <load_address>0xa6e0</load_address>
         <run_address>0xa6e0</run_address>
         <size>0x112</size>
         <input_file_ref idref="fl-b"/>
      </object_component>
      <object_component id="oc-130">
         <name>.text:mx_altitude</name>
         <load_address>0xa7f2</load_address>
         <run_address>0xa7f2</run_address>
         <size>0x106</size>
         <input_file_ref idref="fl-12"/>
      </object_component>
      <object_component id="oc-1a8">
         <name>.text:dispatchFrame$22</name>
         <load_address>0xa8f8</load_address>
         <run_address>0xa8f8</run_address>
         <size>0x104</size>
         <input_file_ref idref="fl-1f"/>
      </object_component>
      <object_component id="oc-12c">
         <name>.text:mx_temperature</name>
         <load_address>0xa9fc</load_address>
         <run_address>0xa9fc</run_address>
         <size>0x102</size>
         <input_file_ref idref="fl-9"/>
      </object_component>
      <object_component id="oc-156">
         <name>.text:stopwatch_tick</name>
         <load_address>0xaafe</load_address>
         <run_address>0xaafe</run_address>
         <size>0x100</size>
         <input_file_ref idref="fl-a"/>
      </object_component>
      <object_component id="oc-151">
         <name>.text:display_update</name>
         <load_address>0xabfe</load_address>
         <run_address>0xabfe</run_address>
         <size>0xf2</size>
         <input_file_ref idref="fl-15"/>
      </object_component>
      <object_component id="oc-128">
         <name>.text:mx_alarm</name>
         <load_address>0xacf0</load_address>
         <run_address>0xacf0</run_address>
         <size>0xf2</size>
         <input_file_ref idref="fl-13"/>
      </object_component>
      <object_component id="oc-131">
         <name>.text:display_altitude</name>
         <load_address>0xade2</load_address>
         <run_address>0xade2</run_address>
         <size>0xf0</size>
         <input_file_ref idref="fl-12"/>
      </object_component>
      <object_component id="oc-12d">
         <name>.text:display_temperature</name>
         <load_address>0xaed2</load_address>
         <run_address>0xaed2</run_address>
         <size>0xea</size>
         <input_file_ref idref="fl-9"/>
      </object_component>
      <object_component id="oc-179">
         <name>.text:bmp_ps_init</name>
         <load_address>0xafbc</load_address>
         <run_address>0xafbc</run_address>
         <size>0xe6</size>
         <input_file_ref idref="fl-5"/>
      </object_component>
      <object_component id="oc-19c">
         <name>.text:simpliciti_sync_get_data_callback</name>
         <load_address>0xb0a2</load_address>
         <run_address>0xb0a2</run_address>
         <size>0xe4</size>
         <input_file_ref idref="fl-b"/>
      </object_component>
      <object_component id="oc-172">
         <name>.text:simpliciti_main_sync</name>
         <load_address>0xb186</load_address>
         <run_address>0xb186</run_address>
         <size>0xe2</size>
         <input_file_ref idref="fl-1c"/>
      </object_component>
      <object_component id="oc-1bb">
         <name>.text:nwk_QfindOldest</name>
         <load_address>0xb268</load_address>
         <run_address>0xb268</run_address>
         <size>0xdc</size>
         <input_file_ref idref="fl-27"/>
      </object_component>
      <object_component id="oc-137">
         <name>.text:display_date</name>
         <load_address>0xb344</load_address>
         <run_address>0xb344</run_address>
         <size>0xd6</size>
         <input_file_ref idref="fl-e"/>
      </object_component>
      <object_component id="oc-129">
         <name>.text:display_alarm</name>
         <load_address>0xb41a</load_address>
         <run_address>0xb41a</run_address>
         <size>0xd4</size>
         <input_file_ref idref="fl-13"/>
      </object_component>
      <object_component id="oc-1b3">
         <name>.text:nwk_allocateLocalRxPort</name>
         <load_address>0xb4ee</load_address>
         <run_address>0xb4ee</run_address>
         <size>0xd2</size>
         <input_file_ref idref="fl-2a"/>
      </object_component>
      <object_component id="oc-15c">
         <name>.text:display_chars</name>
         <load_address>0xb5c0</load_address>
         <run_address>0xb5c0</run_address>
         <size>0xce</size>
         <input_file_ref idref="fl-2d"/>
      </object_component>
      <object_component id="oc-164">
         <name>.text:int_to_array</name>
         <load_address>0xb68e</load_address>
         <run_address>0xb68e</run_address>
         <size>0xcc</size>
         <input_file_ref idref="fl-2d"/>
      </object_component>
      <object_component id="oc-1c7">
         <name>.text:nwk_processLink</name>
         <load_address>0xb75a</load_address>
         <run_address>0xb75a</run_address>
         <size>0xcc</size>
         <input_file_ref idref="fl-24"/>
      </object_component>
      <object_component id="oc-171">
         <name>.text:simpliciti_link</name>
         <load_address>0xb826</load_address>
         <run_address>0xb826</run_address>
         <size>0xca</size>
         <input_file_ref idref="fl-1c"/>
      </object_component>
      <object_component id="oc-157">
         <name>.text:clock_tick</name>
         <load_address>0xb8f0</load_address>
         <run_address>0xb8f0</run_address>
         <size>0xc8</size>
         <input_file_ref idref="fl-f"/>
      </object_component>
      <object_component id="oc-17b">
         <name>.text:read_calibration_values</name>
         <load_address>0xb9b8</load_address>
         <run_address>0xb9b8</run_address>
         <size>0xc6</size>
         <input_file_ref idref="fl-15"/>
      </object_component>
      <object_component id="oc-b1">
         <name>.text</name>
         <load_address>0xba7e</load_address>
         <run_address>0xba7e</run_address>
         <size>0xb6</size>
         <input_file_ref idref="fl-42"/>
      </object_component>
      <object_component id="oc-13f">
         <name>.text:sx_sync</name>
         <load_address>0xbb34</load_address>
         <run_address>0xbb34</run_address>
         <size>0xb6</size>
         <input_file_ref idref="fl-b"/>
      </object_component>
      <object_component id="oc-19d">
         <name>.text:Strobe</name>
         <load_address>0xbbea</load_address>
         <run_address>0xbbea</run_address>
         <size>0xa0</size>
         <input_file_ref idref="fl-31"/>
      </object_component>
      <object_component id="oc-19a">
         <name>.text:nwk_retrieveFrame</name>
         <load_address>0xbc8a</load_address>
         <run_address>0xbc8a</run_address>
         <size>0x9c</size>
         <input_file_ref idref="fl-1f"/>
      </object_component>
      <object_component id="oc-192">
         <name>.text:simpliciti_get_ed_data_callback</name>
         <load_address>0xbd26</load_address>
         <run_address>0xbd26</run_address>
         <size>0x9c</size>
         <input_file_ref idref="fl-b"/>
      </object_component>
      <object_component id="oc-14c">
         <name>.text:temperature_measurement</name>
         <load_address>0xbdc2</load_address>
         <run_address>0xbdc2</run_address>
         <size>0x96</size>
         <input_file_ref idref="fl-9"/>
      </object_component>
      <object_component id="oc-a9">
         <name>.text</name>
         <load_address>0xbe58</load_address>
         <run_address>0xbe58</run_address>
         <size>0x8e</size>
         <input_file_ref idref="fl-40"/>
      </object_component>
      <object_component id="oc-186">
         <name>.text:ps_i2c_sda</name>
         <load_address>0xbee6</load_address>
         <run_address>0xbee6</run_address>
         <size>0x8c</size>
         <input_file_ref idref="fl-2"/>
      </object_component>
      <object_component id="oc-195">
         <name>.text:SMPL_Init</name>
         <load_address>0xbf72</load_address>
         <run_address>0xbf72</run_address>
         <size>0x8a</size>
         <input_file_ref idref="fl-1e"/>
      </object_component>
      <object_component id="oc-1ab">
         <name>.text:nwk_buildFrame</name>
         <load_address>0xbffc</load_address>
         <run_address>0xbffc</run_address>
         <size>0x8a</size>
         <input_file_ref idref="fl-1f"/>
      </object_component>
      <object_component id="oc-176">
         <name>.text:SetVCore</name>
         <load_address>0xc086</load_address>
         <run_address>0xc086</run_address>
         <size>0x88</size>
         <input_file_ref idref="fl-2e"/>
      </object_component>
      <object_component id="oc-119">
         <name>.text:main</name>
         <load_address>0xc10e</load_address>
         <run_address>0xc10e</run_address>
         <size>0x86</size>
         <input_file_ref idref="fl-15"/>
      </object_component>
      <object_component id="oc-16e">
         <name>.text:get_numberOfDays</name>
         <load_address>0xc194</load_address>
         <run_address>0xc194</run_address>
         <size>0x82</size>
         <input_file_ref idref="fl-e"/>
      </object_component>
      <object_component id="oc-1b2">
         <name>.text:nwk_getNextConnection</name>
         <load_address>0xc216</load_address>
         <run_address>0xc216</run_address>
         <size>0x7c</size>
         <input_file_ref idref="fl-2a"/>
      </object_component>
      <object_component id="oc-1c0">
         <name>.text:nwk_sendAckReply</name>
         <load_address>0xc292</load_address>
         <run_address>0xc292</run_address>
         <size>0x7c</size>
         <input_file_ref idref="fl-1f"/>
      </object_component>
      <object_component id="oc-11c">
         <name>.text:_isr:TIMER0_A1_5_ISR</name>
         <load_address>0xc30e</load_address>
         <run_address>0xc30e</run_address>
         <size>0x7a</size>
         <input_file_ref idref="fl-32"/>
      </object_component>
      <object_component id="oc-1a7">
         <name>.text:nwk_QfindSlot</name>
         <load_address>0xc388</load_address>
         <run_address>0xc388</run_address>
         <size>0x76</size>
         <input_file_ref idref="fl-27"/>
      </object_component>
      <object_component id="oc-1ad">
         <name>.text:nwk_radioControl</name>
         <load_address>0xc3fe</load_address>
         <run_address>0xc3fe</run_address>
         <size>0x76</size>
         <input_file_ref idref="fl-22"/>
      </object_component>
      <object_component id="oc-1a9">
         <name>.text:mrfiRadioInterfaceCmdStrobe</name>
         <load_address>0xc474</load_address>
         <run_address>0xc474</run_address>
         <size>0x74</size>
         <input_file_ref idref="fl-1d"/>
      </object_component>
      <object_component id="oc-15d">
         <name>.text:display_char</name>
         <load_address>0xc4e8</load_address>
         <run_address>0xc4e8</run_address>
         <size>0x72</size>
         <input_file_ref idref="fl-2d"/>
      </object_component>
      <object_component id="oc-17f">
         <name>.text:ps_read_register</name>
         <load_address>0xc55a</load_address>
         <run_address>0xc55a</run_address>
         <size>0x72</size>
         <input_file_ref idref="fl-2"/>
      </object_component>
      <object_component id="oc-150">
         <name>.text:battery_measurement</name>
         <load_address>0xc5cc</load_address>
         <run_address>0xc5cc</run_address>
         <size>0x6e</size>
         <input_file_ref idref="fl-11"/>
      </object_component>
      <object_component id="oc-181">
         <name>.text:cma_ps_get_pa</name>
         <load_address>0xc63a</load_address>
         <run_address>0xc63a</run_address>
         <size>0x6a</size>
         <input_file_ref idref="fl-3"/>
      </object_component>
      <object_component id="oc-17d">
         <name>.text:adc12_single_conversion</name>
         <load_address>0xc6a4</load_address>
         <run_address>0xc6a4</run_address>
         <size>0x68</size>
         <input_file_ref idref="fl-2b"/>
      </object_component>
      <object_component id="oc-1c6">
         <name>.text:nwk_processPing</name>
         <load_address>0xc70c</load_address>
         <run_address>0xc70c</run_address>
         <size>0x66</size>
         <input_file_ref idref="fl-26"/>
      </object_component>
      <object_component id="oc-16b">
         <name>.text:bmp_as_start</name>
         <load_address>0xc772</load_address>
         <run_address>0xc772</run_address>
         <size>0x64</size>
         <input_file_ref idref="fl-6"/>
      </object_component>
      <object_component id="oc-17a">
         <name>.text:cma_ps_init</name>
         <load_address>0xc7d6</load_address>
         <run_address>0xc7d6</run_address>
         <size>0x64</size>
         <input_file_ref idref="fl-3"/>
      </object_component>
      <object_component id="oc-154">
         <name>.text:MRFI_RadioIsr</name>
         <load_address>0xc83a</load_address>
         <run_address>0xc83a</run_address>
         <size>0x62</size>
         <input_file_ref idref="fl-1d"/>
      </object_component>
      <object_component id="oc-194">
         <name>.text:SMPL_SendOpt</name>
         <load_address>0xc89c</load_address>
         <run_address>0xc89c</run_address>
         <size>0x60</size>
         <input_file_ref idref="fl-1e"/>
      </object_component>
      <object_component id="oc-184">
         <name>.text:as_read_register</name>
         <load_address>0xc8fc</load_address>
         <run_address>0xc8fc</run_address>
         <size>0x60</size>
         <input_file_ref idref="fl-7"/>
      </object_component>
      <object_component id="oc-191">
         <name>.text:as_write_register</name>
         <load_address>0xc95c</load_address>
         <run_address>0xc95c</run_address>
         <size>0x60</size>
         <input_file_ref idref="fl-7"/>
      </object_component>
      <object_component id="oc-167">
         <name>.text:start_altitude_measurement</name>
         <load_address>0xc9bc</load_address>
         <run_address>0xc9bc</run_address>
         <size>0x60</size>
         <input_file_ref idref="fl-12"/>
      </object_component>
      <object_component id="oc-143">
         <name>.text:Timer0_A4_Delay</name>
         <load_address>0xca1c</load_address>
         <run_address>0xca1c</run_address>
         <size>0x5e</size>
         <input_file_ref idref="fl-32"/>
      </object_component>
      <object_component id="oc-139">
         <name>.text:display_battery_V</name>
         <load_address>0xca7a</load_address>
         <run_address>0xca7a</run_address>
         <size>0x5c</size>
         <input_file_ref idref="fl-11"/>
      </object_component>
      <object_component id="oc-174">
         <name>.text:toggle_buzzer</name>
         <load_address>0xcad6</load_address>
         <run_address>0xcad6</run_address>
         <size>0x5c</size>
         <input_file_ref idref="fl-2c"/>
      </object_component>
      <object_component id="oc-15f">
         <name>.text:clear_line</name>
         <load_address>0xcb32</load_address>
         <run_address>0xcb32</run_address>
         <size>0x58</size>
         <input_file_ref idref="fl-2d"/>
      </object_component>
      <object_component id="oc-158">
         <name>.text:ps_write_register</name>
         <load_address>0xcb8a</load_address>
         <run_address>0xcb8a</run_address>
         <size>0x58</size>
         <input_file_ref idref="fl-2"/>
      </object_component>
      <object_component id="oc-99">
         <name>.text</name>
         <load_address>0xcbe2</load_address>
         <run_address>0xcbe2</run_address>
         <size>0x58</size>
         <input_file_ref idref="fl-3c"/>
      </object_component>
      <object_component id="oc-189">
         <name>.text:write_lcd_mem</name>
         <load_address>0xcc3a</load_address>
         <run_address>0xcc3a</run_address>
         <size>0x58</size>
         <input_file_ref idref="fl-2d"/>
      </object_component>
      <object_component id="oc-163">
         <name>.text:display_hours</name>
         <load_address>0xcc92</load_address>
         <run_address>0xcc92</run_address>
         <size>0x54</size>
         <input_file_ref idref="fl-2d"/>
      </object_component>
      <object_component id="oc-1b6">
         <name>.text:MRFI_ReplyDelay</name>
         <load_address>0xcce6</load_address>
         <run_address>0xcce6</run_address>
         <size>0x52</size>
         <input_file_ref idref="fl-1d"/>
      </object_component>
      <object_component id="oc-16a">
         <name>.text:cma_as_start</name>
         <load_address>0xcd38</load_address>
         <run_address>0xcd38</run_address>
         <size>0x52</size>
         <input_file_ref idref="fl-4"/>
      </object_component>
      <object_component id="oc-19f">
         <name>.text:ps_i2c_read</name>
         <load_address>0xcd8a</load_address>
         <run_address>0xcd8a</run_address>
         <size>0x52</size>
         <input_file_ref idref="fl-2"/>
      </object_component>
      <object_component id="oc-14f">
         <name>.text:bmp_as_get_data</name>
         <load_address>0xcddc</load_address>
         <run_address>0xcddc</run_address>
         <size>0x50</size>
         <input_file_ref idref="fl-6"/>
      </object_component>
      <object_component id="oc-18c">
         <name>.text:button_repeat_function</name>
         <load_address>0xce2c</load_address>
         <run_address>0xce2c</run_address>
         <size>0x50</size>
         <input_file_ref idref="fl-2f"/>
      </object_component>
      <object_component id="oc-17e">
         <name>.text:cma_ps_get_temp</name>
         <load_address>0xce7c</load_address>
         <run_address>0xce7c</run_address>
         <size>0x50</size>
         <input_file_ref idref="fl-3"/>
      </object_component>
      <object_component id="oc-b9">
         <name>.text</name>
         <load_address>0xcecc</load_address>
         <run_address>0xcecc</run_address>
         <size>0x4c</size>
         <input_file_ref idref="fl-44"/>
      </object_component>
      <object_component id="oc-a5">
         <name>.text</name>
         <load_address>0xcf18</load_address>
         <run_address>0xcf18</run_address>
         <size>0x4a</size>
         <input_file_ref idref="fl-3f"/>
      </object_component>
      <object_component id="oc-141">
         <name>.text:sx_rfbsl</name>
         <load_address>0xcf62</load_address>
         <run_address>0xcf62</run_address>
         <size>0x4a</size>
         <input_file_ref idref="fl-c"/>
      </object_component>
      <object_component id="oc-118">
         <name>.text:_auto_init</name>
         <load_address>0xcfac</load_address>
         <run_address>0xcfac</run_address>
         <size>0x48</size>
         <input_file_ref idref="fl-60"/>
      </object_component>
      <object_component id="oc-146">
         <name>.text:start_buzzer</name>
         <load_address>0xcff4</load_address>
         <run_address>0xcff4</run_address>
         <size>0x48</size>
         <input_file_ref idref="fl-2c"/>
      </object_component>
      <object_component id="oc-1b7">
         <name>.text:MRFI_RxIdle</name>
         <load_address>0xd03c</load_address>
         <run_address>0xd03c</run_address>
         <size>0x46</size>
         <input_file_ref idref="fl-1d"/>
      </object_component>
      <object_component id="oc-1cb">
         <name>.text:nwk_processMgmt</name>
         <load_address>0xd082</load_address>
         <run_address>0xd082</run_address>
         <size>0x46</size>
         <input_file_ref idref="fl-25"/>
      </object_component>
      <object_component id="oc-b5">
         <name>.text</name>
         <load_address>0xd0c8</load_address>
         <run_address>0xd0c8</run_address>
         <size>0x46</size>
         <input_file_ref idref="fl-43"/>
      </object_component>
      <object_component id="oc-1a2">
         <name>.text:mrfiRadioInterfaceReadReg</name>
         <load_address>0xd10e</load_address>
         <run_address>0xd10e</run_address>
         <size>0x44</size>
         <input_file_ref idref="fl-1d"/>
      </object_component>
      <object_component id="oc-187">
         <name>.text:ps_i2c_write</name>
         <load_address>0xd152</load_address>
         <run_address>0xd152</run_address>
         <size>0x42</size>
         <input_file_ref idref="fl-2"/>
      </object_component>
      <object_component id="oc-95">
         <name>.text</name>
         <load_address>0xd194</load_address>
         <run_address>0xd194</run_address>
         <size>0x40</size>
         <input_file_ref idref="fl-3b"/>
      </object_component>
      <object_component id="oc-1a0">
         <name>.text:l_asr_const</name>
         <load_address>0xd1d4</load_address>
         <run_address>0xd1d4</run_address>
         <size>0x3e</size>
         <input_file_ref idref="fl-33"/>
      </object_component>
      <object_component id="oc-180">
         <name>.text:l_lsl_const</name>
         <load_address>0xd212</load_address>
         <run_address>0xd212</run_address>
         <size>0x3e</size>
         <input_file_ref idref="fl-55"/>
      </object_component>
      <object_component id="oc-1a1">
         <name>.text:l_lsr_const</name>
         <load_address>0xd250</load_address>
         <run_address>0xd250</run_address>
         <size>0x3e</size>
         <input_file_ref idref="fl-56"/>
      </object_component>
      <object_component id="oc-190">
         <name>.text:as_start</name>
         <load_address>0xd28e</load_address>
         <run_address>0xd28e</run_address>
         <size>0x3c</size>
         <input_file_ref idref="fl-7"/>
      </object_component>
      <object_component id="oc-155">
         <name>.text:update_stopwatch_timer</name>
         <load_address>0xd2ca</load_address>
         <run_address>0xd2ca</run_address>
         <size>0x3c</size>
         <input_file_ref idref="fl-a"/>
      </object_component>
      <object_component id="oc-1ce">
         <name>.text:nwk_isValidReply</name>
         <load_address>0xd306</load_address>
         <run_address>0xd306</run_address>
         <size>0x3a</size>
         <input_file_ref idref="fl-2a"/>
      </object_component>
      <object_component id="oc-11b">
         <name>.text:_isr:radio_ISR</name>
         <load_address>0xd340</load_address>
         <run_address>0xd340</run_address>
         <size>0x38</size>
         <input_file_ref idref="fl-30"/>
      </object_component>
      <object_component id="oc-1b0">
         <name>.text:mrfiRadioInterfaceWriteReg</name>
         <load_address>0xd378</load_address>
         <run_address>0xd378</run_address>
         <size>0x36</size>
         <input_file_ref idref="fl-1d"/>
      </object_component>
      <object_component id="oc-ad">
         <name>.text</name>
         <load_address>0xd3ae</load_address>
         <run_address>0xd3ae</run_address>
         <size>0x36</size>
         <input_file_ref idref="fl-41"/>
      </object_component>
      <object_component id="oc-11f">
         <name>.text:sx_stopwatch</name>
         <load_address>0xd3e4</load_address>
         <run_address>0xd3e4</run_address>
         <size>0x34</size>
         <input_file_ref idref="fl-a"/>
      </object_component>
      <object_component id="oc-1b5">
         <name>.text:MRFI_RxOn</name>
         <load_address>0xd418</load_address>
         <run_address>0xd418</run_address>
         <size>0x32</size>
         <input_file_ref idref="fl-1d"/>
      </object_component>
      <object_component id="oc-1bd">
         <name>.text:WriteSingleReg</name>
         <load_address>0xd44a</load_address>
         <run_address>0xd44a</run_address>
         <size>0x32</size>
         <input_file_ref idref="fl-31"/>
      </object_component>
      <object_component id="oc-15a">
         <name>.text:as_stop</name>
         <load_address>0xd47c</load_address>
         <run_address>0xd47c</run_address>
         <size>0x32</size>
         <input_file_ref idref="fl-7"/>
      </object_component>
      <object_component id="oc-1a3">
         <name>.text:mrfiRadioInterfaceReadRxFifo</name>
         <load_address>0xd4ae</load_address>
         <run_address>0xd4ae</run_address>
         <size>0x32</size>
         <input_file_ref idref="fl-1d"/>
      </object_component>
      <object_component id="oc-177">
         <name>.text:radio_reset</name>
         <load_address>0xd4e0</load_address>
         <run_address>0xd4e0</run_address>
         <size>0x32</size>
         <input_file_ref idref="fl-30"/>
      </object_component>
      <object_component id="oc-bd">
         <name>.text</name>
         <load_address>0xd512</load_address>
         <run_address>0xd512</run_address>
         <size>0x32</size>
         <input_file_ref idref="fl-45"/>
      </object_component>
      <object_component id="oc-127">
         <name>.text:sx_alarm</name>
         <load_address>0xd544</load_address>
         <run_address>0xd544</run_address>
         <size>0x32</size>
         <input_file_ref idref="fl-13"/>
      </object_component>
      <object_component id="oc-1ac">
         <name>.text:nwk_sendFrame</name>
         <load_address>0xd576</load_address>
         <run_address>0xd576</run_address>
         <size>0x30</size>
         <input_file_ref idref="fl-1f"/>
      </object_component>
      <object_component id="oc-1bc">
         <name>.text:nwk_QadjustOrder</name>
         <load_address>0xd5a6</load_address>
         <run_address>0xd5a6</run_address>
         <size>0x2e</size>
         <input_file_ref idref="fl-27"/>
      </object_component>
      <object_component id="oc-14e">
         <name>.text:cma_as_get_data</name>
         <load_address>0xd5d4</load_address>
         <run_address>0xd5d4</run_address>
         <size>0x2c</size>
         <input_file_ref idref="fl-4"/>
      </object_component>
      <object_component id="oc-8d">
         <name>.text</name>
         <load_address>0xd600</load_address>
         <run_address>0xd600</run_address>
         <size>0x2c</size>
         <input_file_ref idref="fl-39"/>
      </object_component>
      <object_component id="oc-159">
         <name>.text:stop_altitude_measurement</name>
         <load_address>0xd62c</load_address>
         <run_address>0xd62c</run_address>
         <size>0x2c</size>
         <input_file_ref idref="fl-12"/>
      </object_component>
      <object_component id="oc-1c2">
         <name>.text:MRFI_SetRFPwr</name>
         <load_address>0xd658</load_address>
         <run_address>0xd658</run_address>
         <size>0x2a</size>
         <input_file_ref idref="fl-1d"/>
      </object_component>
      <object_component id="oc-1a6">
         <name>.text:Mrfi_CalculateRssi$20</name>
         <load_address>0xd682</load_address>
         <run_address>0xd682</run_address>
         <size>0x2a</size>
         <input_file_ref idref="fl-1d"/>
      </object_component>
      <object_component id="oc-175">
         <name>.text:Timer0_A3_Start</name>
         <load_address>0xd6ac</load_address>
         <run_address>0xd6ac</run_address>
         <size>0x2a</size>
         <input_file_ref idref="fl-32"/>
      </object_component>
      <object_component id="oc-69">
         <name>.text:_isr:_c_int00_noexit</name>
         <load_address>0xd6d6</load_address>
         <run_address>0xd6d6</run_address>
         <size>0x2a</size>
         <input_file_ref idref="fl-34"/>
      </object_component>
      <object_component id="oc-1ba">
         <name>.text:map_lid2idx$33</name>
         <load_address>0xd700</load_address>
         <run_address>0xd700</run_address>
         <size>0x28</size>
         <input_file_ref idref="fl-2a"/>
      </object_component>
      <object_component id="oc-120">
         <name>.text:mx_stopwatch</name>
         <load_address>0xd728</load_address>
         <run_address>0xd728</run_address>
         <size>0x28</size>
         <input_file_ref idref="fl-a"/>
      </object_component>
      <object_component id="oc-198">
         <name>.text:nwk_getConnInfo</name>
         <load_address>0xd750</load_address>
         <run_address>0xd750</run_address>
         <size>0x28</size>
         <input_file_ref idref="fl-2a"/>
      </object_component>
      <object_component id="oc-147">
         <name>.text:stop_buzzer</name>
         <load_address>0xd778</load_address>
         <run_address>0xd778</run_address>
         <size>0x28</size>
         <input_file_ref idref="fl-2c"/>
      </object_component>
      <object_component id="oc-1b8">
         <name>.text:MRFI_Sleep</name>
         <load_address>0xd7a0</load_address>
         <run_address>0xd7a0</run_address>
         <size>0x26</size>
         <input_file_ref idref="fl-1d"/>
      </object_component>
      <object_component id="oc-142">
         <name>.text:display_rfbsl</name>
         <load_address>0xd7c6</load_address>
         <run_address>0xd7c6</run_address>
         <size>0x26</size>
         <input_file_ref idref="fl-c"/>
      </object_component>
      <object_component id="oc-17c">
         <name>.text:init_pressure_table</name>
         <load_address>0xd7ec</load_address>
         <run_address>0xd7ec</run_address>
         <size>0x26</size>
         <input_file_ref idref="fl-2"/>
      </object_component>
      <object_component id="oc-199">
         <name>.text:nwk_checkConnInfo</name>
         <load_address>0xd812</load_address>
         <run_address>0xd812</run_address>
         <size>0x26</size>
         <input_file_ref idref="fl-2a"/>
      </object_component>
      <object_component id="oc-19e">
         <name>.text:ps_init</name>
         <load_address>0xd838</load_address>
         <run_address>0xd838</run_address>
         <size>0x24</size>
         <input_file_ref idref="fl-2"/>
      </object_component>
      <object_component id="oc-c1">
         <name>.text</name>
         <load_address>0xd85c</load_address>
         <run_address>0xd85c</run_address>
         <size>0x24</size>
         <input_file_ref idref="fl-46"/>
      </object_component>
      <object_component id="oc-1b9">
         <name>.text:BSP_Delay</name>
         <load_address>0xd880</load_address>
         <run_address>0xd880</run_address>
         <size>0x22</size>
         <input_file_ref idref="fl-29"/>
      </object_component>
      <object_component id="oc-162">
         <name>.text:display_value</name>
         <load_address>0xd8a2</load_address>
         <run_address>0xd8a2</run_address>
         <size>0x22</size>
         <input_file_ref idref="fl-2d"/>
      </object_component>
      <object_component id="oc-1be">
         <name>.text:memcmp</name>
         <load_address>0xd8c4</load_address>
         <run_address>0xd8c4</run_address>
         <size>0x22</size>
         <input_file_ref idref="fl-57"/>
      </object_component>
      <object_component id="oc-d3">
         <name>.text</name>
         <load_address>0xd8e6</load_address>
         <run_address>0xd8e6</run_address>
         <size>0x22</size>
         <input_file_ref idref="fl-5c"/>
      </object_component>
      <object_component id="oc-132">
         <name>.text:sx_acceleration</name>
         <load_address>0xd908</load_address>
         <run_address>0xd908</run_address>
         <size>0x22</size>
         <input_file_ref idref="fl-14"/>
      </object_component>
      <object_component id="oc-13d">
         <name>.text:sx_ppt</name>
         <load_address>0xd92a</load_address>
         <run_address>0xd92a</run_address>
         <size>0x20</size>
         <input_file_ref idref="fl-b"/>
      </object_component>
      <object_component id="oc-13b">
         <name>.text:sx_rf</name>
         <load_address>0xd94a</load_address>
         <run_address>0xd94a</run_address>
         <size>0x20</size>
         <input_file_ref idref="fl-b"/>
      </object_component>
      <object_component id="oc-15b">
         <name>.text:display_symbol</name>
         <load_address>0xd96a</load_address>
         <run_address>0xd96a</run_address>
         <size>0x1e</size>
         <input_file_ref idref="fl-2d"/>
      </object_component>
      <object_component id="oc-1c5">
         <name>.text:memmove</name>
         <load_address>0xd988</load_address>
         <run_address>0xd988</run_address>
         <size>0x1e</size>
         <input_file_ref idref="fl-59"/>
      </object_component>
      <object_component id="oc-1c8">
         <name>.text:nwk_processJoin</name>
         <load_address>0xd9a6</load_address>
         <run_address>0xd9a6</run_address>
         <size>0x1e</size>
         <input_file_ref idref="fl-23"/>
      </object_component>
      <object_component id="oc-197">
         <name>.text:Mrfi_DelayUsec$20</name>
         <load_address>0xd9c4</load_address>
         <run_address>0xd9c4</run_address>
         <size>0x1c</size>
         <input_file_ref idref="fl-1d"/>
      </object_component>
      <object_component id="oc-15e">
         <name>.text:clear_display_all</name>
         <load_address>0xd9e0</load_address>
         <run_address>0xd9e0</run_address>
         <size>0x1c</size>
         <input_file_ref idref="fl-2d"/>
      </object_component>
      <object_component id="oc-173">
         <name>.text:close_radio</name>
         <load_address>0xd9fc</load_address>
         <run_address>0xd9fc</run_address>
         <size>0x1c</size>
         <input_file_ref idref="fl-30"/>
      </object_component>
      <object_component id="oc-1b4">
         <name>.text:nwk_putNumObjectIntoMsg</name>
         <load_address>0xda18</load_address>
         <run_address>0xda18</run_address>
         <size>0x1c</size>
         <input_file_ref idref="fl-2a"/>
      </object_component>
      <object_component id="oc-11e">
         <name>.text:_isr:ADC12ISR</name>
         <load_address>0xda34</load_address>
         <run_address>0xda34</run_address>
         <size>0x1a</size>
         <input_file_ref idref="fl-2b"/>
      </object_component>
      <object_component id="oc-165">
         <name>.text:display_am_pm_symbol</name>
         <load_address>0xda4e</load_address>
         <run_address>0xda4e</run_address>
         <size>0x1a</size>
         <input_file_ref idref="fl-2d"/>
      </object_component>
      <object_component id="oc-145">
         <name>.text:stop_stopwatch</name>
         <load_address>0xda68</load_address>
         <run_address>0xda68</run_address>
         <size>0x1a</size>
         <input_file_ref idref="fl-a"/>
      </object_component>
      <object_component id="oc-160">
         <name>.text:display_selection_Timeformat1</name>
         <load_address>0xda82</load_address>
         <run_address>0xda82</run_address>
         <size>0x16</size>
         <input_file_ref idref="fl-f"/>
      </object_component>
      <object_component id="oc-91">
         <name>.text</name>
         <load_address>0xda98</load_address>
         <run_address>0xda98</run_address>
         <size>0x16</size>
         <input_file_ref idref="fl-3a"/>
      </object_component>
      <object_component id="oc-cf">
         <name>.text</name>
         <load_address>0xdaae</load_address>
         <run_address>0xdaae</run_address>
         <size>0x16</size>
         <input_file_ref idref="fl-5b"/>
      </object_component>
      <object_component id="oc-13e">
         <name>.text:display_ppt</name>
         <load_address>0xdac4</load_address>
         <run_address>0xdac4</run_address>
         <size>0x14</size>
         <input_file_ref idref="fl-b"/>
      </object_component>
      <object_component id="oc-13c">
         <name>.text:display_rf</name>
         <load_address>0xdad8</load_address>
         <run_address>0xdad8</run_address>
         <size>0x14</size>
         <input_file_ref idref="fl-b"/>
      </object_component>
      <object_component id="oc-140">
         <name>.text:display_sync</name>
         <load_address>0xdaec</load_address>
         <run_address>0xdaec</run_address>
         <size>0x14</size>
         <input_file_ref idref="fl-b"/>
      </object_component>
      <object_component id="oc-144">
         <name>.text:is_stopwatch</name>
         <load_address>0xdb00</load_address>
         <run_address>0xdb00</run_address>
         <size>0x14</size>
         <input_file_ref idref="fl-a"/>
      </object_component>
      <object_component id="oc-148">
         <name>.text:memcpy</name>
         <load_address>0xdb14</load_address>
         <run_address>0xdb14</run_address>
         <size>0x12</size>
         <input_file_ref idref="fl-58"/>
      </object_component>
      <object_component id="oc-1a4">
         <name>.text:memset</name>
         <load_address>0xdb26</load_address>
         <run_address>0xdb26</run_address>
         <size>0x12</size>
         <input_file_ref idref="fl-5a"/>
      </object_component>
      <object_component id="oc-170">
         <name>.text:open_radio</name>
         <load_address>0xdb38</load_address>
         <run_address>0xdb38</run_address>
         <size>0x12</size>
         <input_file_ref idref="fl-30"/>
      </object_component>
      <object_component id="oc-16c">
         <name>.text:l_lsl</name>
         <load_address>0xdb4a</load_address>
         <run_address>0xdb4a</run_address>
         <size>0x10</size>
         <input_file_ref idref="fl-55"/>
      </object_component>
      <object_component id="oc-16d">
         <name>.text:l_lsr</name>
         <load_address>0xdb5a</load_address>
         <run_address>0xdb5a</run_address>
         <size>0x10</size>
         <input_file_ref idref="fl-56"/>
      </object_component>
      <object_component id="oc-178">
         <name>.text:radio_powerdown</name>
         <load_address>0xdb6a</load_address>
         <run_address>0xdb6a</run_address>
         <size>0x10</size>
         <input_file_ref idref="fl-30"/>
      </object_component>
      <object_component id="oc-135">
         <name>.text:sx_date</name>
         <load_address>0xdb7a</load_address>
         <run_address>0xdb7a</run_address>
         <size>0x10</size>
         <input_file_ref idref="fl-e"/>
      </object_component>
      <object_component id="oc-123">
         <name>.text:sx_time</name>
         <load_address>0xdb8a</load_address>
         <run_address>0xdb8a</run_address>
         <size>0x10</size>
         <input_file_ref idref="fl-f"/>
      </object_component>
      <object_component id="oc-152">
         <name>.text:is_rf</name>
         <load_address>0xdb9a</load_address>
         <run_address>0xdb9a</run_address>
         <size>0xc</size>
         <input_file_ref idref="fl-b"/>
      </object_component>
      <object_component id="oc-134">
         <name>.text:update_acceleration</name>
         <load_address>0xdba6</load_address>
         <run_address>0xdba6</run_address>
         <size>0xc</size>
         <input_file_ref idref="fl-d"/>
      </object_component>
      <object_component id="oc-12a">
         <name>.text:update_alarm</name>
         <load_address>0xdbb2</load_address>
         <run_address>0xdbb2</run_address>
         <size>0xc</size>
         <input_file_ref idref="fl-d"/>
      </object_component>
      <object_component id="oc-13a">
         <name>.text:update_battery_voltage</name>
         <load_address>0xdbbe</load_address>
         <run_address>0xdbbe</run_address>
         <size>0xc</size>
         <input_file_ref idref="fl-d"/>
      </object_component>
      <object_component id="oc-122">
         <name>.text:update_stopwatch</name>
         <load_address>0xdbca</load_address>
         <run_address>0xdbca</run_address>
         <size>0xc</size>
         <input_file_ref idref="fl-d"/>
      </object_component>
      <object_component id="oc-12e">
         <name>.text:update_temperature</name>
         <load_address>0xdbd6</load_address>
         <run_address>0xdbd6</run_address>
         <size>0xc</size>
         <input_file_ref idref="fl-d"/>
      </object_component>
      <object_component id="oc-138">
         <name>.text:update_date</name>
         <load_address>0xdbe2</load_address>
         <run_address>0xdbe2</run_address>
         <size>0xa</size>
         <input_file_ref idref="fl-d"/>
      </object_component>
      <object_component id="oc-126">
         <name>.text:update_time</name>
         <load_address>0xdbec</load_address>
         <run_address>0xdbec</run_address>
         <size>0xa</size>
         <input_file_ref idref="fl-d"/>
      </object_component>
      <object_component id="oc-c5">
         <name>.text:__TI_ISR_TRAP</name>
         <load_address>0xdbf6</load_address>
         <run_address>0xdbf6</run_address>
         <size>0x6</size>
         <input_file_ref idref="fl-54"/>
      </object_component>
      <object_component id="oc-117">
         <name>.text:_system_pre_init</name>
         <load_address>0xdbfc</load_address>
         <run_address>0xdbfc</run_address>
         <size>0x4</size>
         <input_file_ref idref="fl-5d"/>
      </object_component>
      <object_component id="oc-11a">
         <name>.text:abort</name>
         <load_address>0xdc00</load_address>
         <run_address>0xdc00</run_address>
         <size>0x4</size>
         <input_file_ref idref="fl-3d"/>
      </object_component>
      <object_component id="oc-1ca">
         <name>.text:nwk_processFreq</name>
         <load_address>0xdc04</load_address>
         <run_address>0xdc04</run_address>
         <size>0x4</size>
         <input_file_ref idref="fl-20"/>
      </object_component>
      <object_component id="oc-1c9">
         <name>.text:nwk_processSecurity</name>
         <load_address>0xdc08</load_address>
         <run_address>0xdc08</run_address>
         <size>0x4</size>
         <input_file_ref idref="fl-28"/>
      </object_component>
      <object_component id="oc-1aa">
         <name>.text:ps_i2c_delay</name>
         <load_address>0xdc0c</load_address>
         <run_address>0xdc0c</run_address>
         <size>0x4</size>
         <input_file_ref idref="fl-2"/>
      </object_component>
      <object_component id="oc-153">
         <name>.text:BlueRobin_RadioISR_v</name>
         <load_address>0xdc10</load_address>
         <run_address>0xdc10</run_address>
         <size>0x2</size>
         <input_file_ref idref="fl-10"/>
      </object_component>
      <object_component id="oc-116">
         <name>.text:_nop</name>
         <load_address>0xdc12</load_address>
         <run_address>0xdc12</run_address>
         <size>0x2</size>
         <input_file_ref idref="fl-5e"/>
      </object_component>
      <object_component id="oc-12b">
         <name>.text:dummy</name>
         <load_address>0xdc14</load_address>
         <run_address>0xdc14</run_address>
         <size>0x2</size>
         <input_file_ref idref="fl-8"/>
      </object_component>
      <object_component id="oc-12f">
         <name>.text:sx_altitude</name>
         <load_address>0xdc16</load_address>
         <run_address>0xdc16</run_address>
         <size>0x2</size>
         <input_file_ref idref="fl-12"/>
      </object_component>
      <object_component id="oc-e0">
         <name>.cinit</name>
         <load_address>0xe0b4</load_address>
         <run_address>0xe0b4</run_address>
         <size>0x143</size>
         <input_file_ref idref="fl-61"/>
      </object_component>
      <object_component id="oc-18d">
         <name>.const:int_to_array_conversion_table</name>
         <load_address>0xdc18</load_address>
         <run_address>0xdc18</run_address>
         <size>0x21f</size>
         <input_file_ref idref="fl-2d"/>
      </object_component>
      <object_component id="oc-f6">
         <name>.const</name>
         <load_address>0xde37</load_address>
         <run_address>0xde37</run_address>
         <size>0x1</size>
         <input_file_ref idref="fl-1d"/>
      </object_component>
      <object_component id="oc-e8">
         <name>.const</name>
         <load_address>0xde38</load_address>
         <run_address>0xde38</run_address>
         <size>0xd8</size>
         <input_file_ref idref="fl-d"/>
      </object_component>
      <object_component id="oc-105">
         <name>.const:.string</name>
         <load_address>0xdf10</load_address>
         <run_address>0xdf10</run_address>
         <size>0x74</size>
         <input_file_ref idref="fl-61"/>
      </object_component>
      <object_component id="oc-1c3">
         <name>.const:mrfiRadioCfg</name>
         <load_address>0xdf84</load_address>
         <run_address>0xdf84</run_address>
         <size>0x40</size>
         <input_file_ref idref="fl-1d"/>
      </object_component>
      <object_component id="oc-18a">
         <name>.const:.string:lcd_font</name>
         <load_address>0xdfc4</load_address>
         <run_address>0xdfc4</run_address>
         <size>0x2b</size>
         <input_file_ref idref="fl-2d"/>
      </object_component>
      <object_component id="oc-f8">
         <name>.const</name>
         <load_address>0xdfef</load_address>
         <run_address>0xdfef</run_address>
         <size>0x1</size>
         <input_file_ref idref="fl-1f"/>
      </object_component>
      <object_component id="oc-188">
         <name>.const:.string:segments_bitmask</name>
         <load_address>0xdff0</load_address>
         <run_address>0xdff0</run_address>
         <size>0x2a</size>
         <input_file_ref idref="fl-2d"/>
      </object_component>
      <object_component id="oc-18e">
         <name>.const:h0</name>
         <load_address>0xe01a</load_address>
         <run_address>0xe01a</run_address>
         <size>0x22</size>
         <input_file_ref idref="fl-2"/>
      </object_component>
      <object_component id="oc-18f">
         <name>.const:p0</name>
         <load_address>0xe03c</load_address>
         <run_address>0xe03c</run_address>
         <size>0x22</size>
         <input_file_ref idref="fl-2"/>
      </object_component>
      <object_component id="oc-1bf">
         <name>.const:func$22</name>
         <load_address>0xe05e</load_address>
         <run_address>0xe05e</run_address>
         <size>0x18</size>
         <input_file_ref idref="fl-1f"/>
      </object_component>
      <object_component id="oc-168">
         <name>.const:bmp_mgrav_per_bit</name>
         <load_address>0xe076</load_address>
         <run_address>0xe076</run_address>
         <size>0xe</size>
         <input_file_ref idref="fl-14"/>
      </object_component>
      <object_component id="oc-169">
         <name>.const:cma_mgrav_per_bit</name>
         <load_address>0xe084</load_address>
         <run_address>0xe084</run_address>
         <size>0xe</size>
         <input_file_ref idref="fl-14"/>
      </object_component>
      <object_component id="oc-f9">
         <name>.const</name>
         <load_address>0xe092</load_address>
         <run_address>0xe092</run_address>
         <size>0x9</size>
         <input_file_ref idref="fl-21"/>
      </object_component>
      <object_component id="oc-18b">
         <name>.const:selection_Timeformat</name>
         <load_address>0xe09c</load_address>
         <run_address>0xe09c</run_address>
         <size>0x8</size>
         <input_file_ref idref="fl-f"/>
      </object_component>
      <object_component id="oc-1a5">
         <name>.const:.string:mrfiBroadcastAddr</name>
         <load_address>0xe0a4</load_address>
         <run_address>0xe0a4</run_address>
         <size>0x4</size>
         <input_file_ref idref="fl-1d"/>
      </object_component>
      <object_component id="oc-1c4">
         <name>.const:.string:mrfiLogicalChanTable$20</name>
         <load_address>0xe0a8</load_address>
         <run_address>0xe0a8</run_address>
         <size>0x4</size>
         <input_file_ref idref="fl-1d"/>
      </object_component>
      <object_component id="oc-1cc">
         <name>.const:.string:mrfiRFPowerTable$20</name>
         <load_address>0xe0ac</load_address>
         <run_address>0xe0ac</run_address>
         <size>0x3</size>
         <input_file_ref idref="fl-1d"/>
      </object_component>
      <object_component id="oc-1cd">
         <name>.const:.string:mrfiRFPowerTable_B$20</name>
         <load_address>0xe0b0</load_address>
         <run_address>0xe0b0</run_address>
         <size>0x3</size>
         <input_file_ref idref="fl-1d"/>
      </object_component>
      <object_component id="oc-64">
         <name>.int45</name>
         <load_address>0xffda</load_address>
         <run_address>0xffda</run_address>
         <size>0x2</size>
         <input_file_ref idref="fl-47"/>
      </object_component>
      <object_component id="oc-65">
         <name>.int46</name>
         <load_address>0xffdc</load_address>
         <run_address>0xffdc</run_address>
         <size>0x2</size>
         <input_file_ref idref="fl-48"/>
      </object_component>
      <object_component id="oc-66">
         <name>.int47</name>
         <load_address>0xffde</load_address>
         <run_address>0xffde</run_address>
         <size>0x2</size>
         <input_file_ref idref="fl-49"/>
      </object_component>
      <object_component id="oc-67">
         <name>.int48</name>
         <load_address>0xffe0</load_address>
         <run_address>0xffe0</run_address>
         <size>0x2</size>
         <input_file_ref idref="fl-61"/>
      </object_component>
      <object_component id="oc-68">
         <name>.int49</name>
         <load_address>0xffe2</load_address>
         <run_address>0xffe2</run_address>
         <size>0x2</size>
         <input_file_ref idref="fl-4a"/>
      </object_component>
      <object_component id="oc-6a">
         <name>.int50</name>
         <load_address>0xffe4</load_address>
         <run_address>0xffe4</run_address>
         <size>0x2</size>
         <input_file_ref idref="fl-4b"/>
      </object_component>
      <object_component id="oc-6b">
         <name>.int51</name>
         <load_address>0xffe6</load_address>
         <run_address>0xffe6</run_address>
         <size>0x2</size>
         <input_file_ref idref="fl-4c"/>
      </object_component>
      <object_component id="oc-6c">
         <name>.int52</name>
         <load_address>0xffe8</load_address>
         <run_address>0xffe8</run_address>
         <size>0x2</size>
         <input_file_ref idref="fl-4d"/>
      </object_component>
      <object_component id="oc-6d">
         <name>.int53</name>
         <load_address>0xffea</load_address>
         <run_address>0xffea</run_address>
         <size>0x2</size>
         <input_file_ref idref="fl-30"/>
      </object_component>
      <object_component id="oc-6e">
         <name>.int54</name>
         <load_address>0xffec</load_address>
         <run_address>0xffec</run_address>
         <size>0x2</size>
         <input_file_ref idref="fl-61"/>
      </object_component>
      <object_component id="oc-6f">
         <name>.int55</name>
         <load_address>0xffee</load_address>
         <run_address>0xffee</run_address>
         <size>0x2</size>
         <input_file_ref idref="fl-61"/>
      </object_component>
      <object_component id="oc-70">
         <name>.int56</name>
         <load_address>0xfff0</load_address>
         <run_address>0xfff0</run_address>
         <size>0x2</size>
         <input_file_ref idref="fl-61"/>
      </object_component>
      <object_component id="oc-71">
         <name>.int57</name>
         <load_address>0xfff2</load_address>
         <run_address>0xfff2</run_address>
         <size>0x2</size>
         <input_file_ref idref="fl-4e"/>
      </object_component>
      <object_component id="oc-72">
         <name>.int58</name>
         <load_address>0xfff4</load_address>
         <run_address>0xfff4</run_address>
         <size>0x2</size>
         <input_file_ref idref="fl-4f"/>
      </object_component>
      <object_component id="oc-73">
         <name>.int59</name>
         <load_address>0xfff6</load_address>
         <run_address>0xfff6</run_address>
         <size>0x2</size>
         <input_file_ref idref="fl-50"/>
      </object_component>
      <object_component id="oc-74">
         <name>.int60</name>
         <load_address>0xfff8</load_address>
         <run_address>0xfff8</run_address>
         <size>0x2</size>
         <input_file_ref idref="fl-51"/>
      </object_component>
      <object_component id="oc-75">
         <name>.int61</name>
         <load_address>0xfffa</load_address>
         <run_address>0xfffa</run_address>
         <size>0x2</size>
         <input_file_ref idref="fl-52"/>
      </object_component>
      <object_component id="oc-76">
         <name>.int62</name>
         <load_address>0xfffc</load_address>
         <run_address>0xfffc</run_address>
         <size>0x2</size>
         <input_file_ref idref="fl-53"/>
      </object_component>
      <object_component id="oc-86">
         <name>.reset</name>
         <load_address>0xfffe</load_address>
         <run_address>0xfffe</run_address>
         <size>0x2</size>
         <input_file_ref idref="fl-34"/>
      </object_component>
      <object_component id="oc-78">
         <name>.debug_info</name>
         <load_address>0x0</load_address>
         <run_address>0x0</run_address>
         <size>0x117a</size>
         <input_file_ref idref="fl-2"/>
      </object_component>
      <object_component id="oc-7c">
         <name>.debug_info</name>
         <load_address>0x117a</load_address>
         <run_address>0x117a</run_address>
         <size>0x758</size>
         <input_file_ref idref="fl-30"/>
      </object_component>
      <object_component id="oc-80">
         <name>.debug_info</name>
         <load_address>0x18d2</load_address>
         <run_address>0x18d2</run_address>
         <size>0xba</size>
         <input_file_ref idref="fl-33"/>
      </object_component>
      <object_component id="oc-84">
         <name>.debug_info</name>
         <load_address>0x198c</load_address>
         <run_address>0x198c</run_address>
         <size>0x443</size>
         <input_file_ref idref="fl-34"/>
      </object_component>
      <object_component id="oc-8a">
         <name>.debug_info</name>
         <load_address>0x1dcf</load_address>
         <run_address>0x1dcf</run_address>
         <size>0x8b</size>
         <input_file_ref idref="fl-38"/>
      </object_component>
      <object_component id="oc-8e">
         <name>.debug_info</name>
         <load_address>0x1e5a</load_address>
         <run_address>0x1e5a</run_address>
         <size>0xc4</size>
         <input_file_ref idref="fl-39"/>
      </object_component>
      <object_component id="oc-92">
         <name>.debug_info</name>
         <load_address>0x1f1e</load_address>
         <run_address>0x1f1e</run_address>
         <size>0xb7</size>
         <input_file_ref idref="fl-3a"/>
      </object_component>
      <object_component id="oc-96">
         <name>.debug_info</name>
         <load_address>0x1fd5</load_address>
         <run_address>0x1fd5</run_address>
         <size>0xc7</size>
         <input_file_ref idref="fl-3b"/>
      </object_component>
      <object_component id="oc-9a">
         <name>.debug_info</name>
         <load_address>0x209c</load_address>
         <run_address>0x209c</run_address>
         <size>0xb9</size>
[...]
      <symbol id="sm-b63">
         <name>stop_stopwatch</name>
         <value>0xda68</value>
         <object_component_ref idref="oc-145"/>
      </symbol>
      <symbol id="sm-b64">
         <name>memcmp</name>
         <value>0xd8c4</value>
         <object_component_ref idref="oc-1be"/>
      </symbol>
      <symbol id="sm-b65">
         <name>mrfiBroadcastAddr</name>
         <value>0xe0a4</value>
         <object_component_ref idref="oc-1a5"/>
      </symbol>
      <symbol id="sm-b66">
         <name>bmp_as_get_data</name>
         <value>0xcddc</value>
         <object_component_ref idref="oc-14f"/>
      </symbol>
      <symbol id="sm-b67">
         <name>simpliciti_flag</name>
         <value>0x1cf0</value>
         <object_component_ref idref="oc-ef"/>
      </symbol>
      <symbol id="sm-b68">
         <name>simpliciti_data</name>
         <value>0x1cf2</value>
         <object_component_ref idref="oc-ef"/>
      </symbol>
      <symbol id="sm-b69">
         <name>mrfiRadioInterfaceCmdStrobe</name>
         <value>0xc474</value>
         <object_component_ref idref="oc-1a9"/>
      </symbol>
      <symbol id="sm-b6a">
         <name>display_update</name>
         <value>0xabfe</value>
         <object_component_ref idref="oc-151"/>
      </symbol>
      <symbol id="sm-b6b">
         <name>sRFsmpl</name>
         <value>0x1cea</value>
         <object_component_ref idref="oc-ef"/>
      </symbol>
      <symbol id="sm-b6c">
         <name>nwk_radioControl</name>
         <value>0xc3fe</value>
         <object_component_ref idref="oc-1ad"/>
      </symbol>
      <symbol id="sm-b6d">
         <name>cma_ps_init</name>
         <value>0xc7d6</value>
         <object_component_ref idref="oc-17a"/>
      </symbol>
      <symbol id="sm-b6e">
         <name>sAlarm</name>
         <value>0x1eb6</value>
         <object_component_ref idref="oc-ed"/>
      </symbol>
      <symbol id="sm-b6f">
         <name>BlTimeoutCounter</name>
         <value>0x1e28</value>
         <object_component_ref idref="oc-eb"/>
      </symbol>
      <symbol id="sm-b70">
         <name>sx_rfbsl</name>
         <value>0xcf62</value>
         <object_component_ref idref="oc-141"/>
      </symbol>
      <symbol id="sm-b71">
         <name>read_calibration_values</name>
         <value>0xb9b8</value>
         <object_component_ref idref="oc-17b"/>
      </symbol>
      <symbol id="sm-b72">
         <name>nwk_QfindSlot</name>
         <value>0xc388</value>
         <object_component_ref idref="oc-1a7"/>
      </symbol>
      <symbol id="sm-b73">
         <name>init_application</name>
         <value>0x9848</value>
         <object_component_ref idref="oc-149"/>
      </symbol>
      <symbol id="sm-b74">
         <name>display_char</name>
         <value>0xc4e8</value>
         <object_component_ref idref="oc-15d"/>
      </symbol>
      <symbol id="sm-b75">
         <name>sx_altitude</name>
         <value>0xdc16</value>
         <object_component_ref idref="oc-12f"/>
      </symbol>
      <symbol id="sm-b76">
         <name>cma_mgrav_per_bit</name>
         <value>0xe084</value>
         <object_component_ref idref="oc-169"/>
      </symbol>
      <symbol id="sm-b77">
         <name>main</name>
         <value>0xc10e</value>
         <object_component_ref idref="oc-119"/>
      </symbol>
      <symbol id="sm-b78">
         <name>sTimer</name>
         <value>0x1ea6</value>
         <object_component_ref idref="oc-102"/>
      </symbol>
      <symbol id="sm-b79">
         <name>update_stopwatch</name>
         <value>0xdbca</value>
         <object_component_ref idref="oc-122"/>
      </symbol>
      <symbol id="sm-b7a">
         <name>MRFI_ReplyDelay</name>
         <value>0xcce6</value>
         <object_component_ref idref="oc-1b6"/>
      </symbol>
      <symbol id="sm-b7b">
         <name>_lock</name>
         <value>0x1e92</value>
         <object_component_ref idref="oc-104"/>
      </symbol>
      <symbol id="sm-b7c">
         <name>as_stop</name>
         <value>0xd47c</value>
         <object_component_ref idref="oc-15a"/>
      </symbol>
      <symbol id="sm-b7d">
         <name>display_alarm</name>
         <value>0xb41a</value>
         <object_component_ref idref="oc-129"/>
      </symbol>
      <symbol id="sm-b7e">
         <name>MRFI_Transmit</name>
         <value>0x99a8</value>
         <object_component_ref idref="oc-1c1"/>
      </symbol>
      <symbol id="sm-b7f">
         <name>display_rfbsl</name>
         <value>0xd7c6</value>
         <object_component_ref idref="oc-142"/>
      </symbol>
      <symbol id="sm-b80">
         <name>button</name>
         <value>0x1e64</value>
         <object_component_ref idref="oc-e4"/>
      </symbol>
      <symbol id="sm-b81">
         <name>sx_acceleration</name>
         <value>0xd908</value>
         <object_component_ref idref="oc-132"/>
      </symbol>
      <symbol id="sm-b82">
         <name>MRFI_RxIdle</name>
         <value>0xd03c</value>
         <object_component_ref idref="oc-1b7"/>
      </symbol>
      <symbol id="sm-b83">
         <name>message</name>
         <value>0x1e12</value>
         <object_component_ref idref="oc-e3"/>
      </symbol>
      <symbol id="sm-b84">
         <name>sButton</name>
         <value>0x1e66</value>
         <object_component_ref idref="oc-e4"/>
      </symbol>
      <symbol id="sm-b85">
         <name>battery_measurement</name>
         <value>0xc5cc</value>
         <object_component_ref idref="oc-150"/>
      </symbol>
      <symbol id="sm-b86">
         <name>mx_temperature</name>
         <value>0xa9fc</value>
         <object_component_ref idref="oc-12c"/>
      </symbol>
      <symbol id="sm-b87">
         <name>SMPL_Init</name>
         <value>0xbf72</value>
         <object_component_ref idref="oc-195"/>
      </symbol>
      <symbol id="sm-b88">
         <name>SMPL_SendOpt</name>
         <value>0xc89c</value>
         <object_component_ref idref="oc-194"/>
      </symbol>
      <symbol id="sm-b89">
         <name>update_date</name>
         <value>0xdbe2</value>
         <object_component_ref idref="oc-138"/>
      </symbol>
      <symbol id="sm-b8a">
         <name>menu_L2_Ppt</name>
         <value>0xdeda</value>
         <object_component_ref idref="oc-e8"/>
      </symbol>
      <symbol id="sm-b8b">
         <name>sStopwatch</name>
         <value>0x1e38</value>
         <object_component_ref idref="oc-e5"/>
      </symbol>
      <symbol id="sm-b8c">
         <name>mx_time</name>
         <value>0x8b58</value>
         <object_component_ref idref="oc-124"/>
      </symbol>
      <symbol id="sm-b8d">
         <name>simpliciti_ed_address</name>
         <value>0x1d12</value>
         <object_component_ref idref="oc-ef"/>
      </symbol>
      <symbol id="sm-b8e">
         <name>sBuzzer</name>
         <value>0x1e8a</value>
         <object_component_ref idref="oc-103"/>
      </symbol>
      <symbol id="sm-b8f">
         <name>cma_as_get_data</name>
         <value>0xd5d4</value>
         <object_component_ref idref="oc-14e"/>
      </symbol>
      <symbol id="sm-b90">
         <name>display_chars</name>
         <value>0xb5c0</value>
         <object_component_ref idref="oc-15c"/>
      </symbol>
      <symbol id="sm-b91">
         <name>_unlock</name>
         <value>0x1e96</value>
         <object_component_ref idref="oc-104"/>
      </symbol>
      <symbol id="sm-b92">
         <name>nwk_retrieveFrame</name>
         <value>0xbc8a</value>
         <object_component_ref idref="oc-19a"/>
      </symbol>
      <symbol id="sm-b93">
         <name>nwk_isValidReply</name>
         <value>0xd306</value>
         <object_component_ref idref="oc-1ce"/>
      </symbol>
      <symbol id="sm-b94">
         <name>Timer0_A4_Delay</name>
         <value>0xca1c</value>
         <object_component_ref idref="oc-143"/>
      </symbol>
      <symbol id="sm-b95">
         <name>bmp_param_b5</name>
         <value>0x1e02</value>
         <object_component_ref idref="oc-e1"/>
      </symbol>
      <symbol id="sm-b96">
         <name>mx_altitude</name>
         <value>0xa7f2</value>
         <object_component_ref idref="oc-130"/>
      </symbol>
      <symbol id="sm-b97">
         <name>nwk_link</name>
         <value>0x9c3e</value>
         <object_component_ref idref="oc-196"/>
      </symbol>
      <symbol id="sm-b98">
         <name>nwk_sendAckReply</name>
         <value>0xc292</value>
         <object_component_ref idref="oc-1c0"/>
      </symbol>
      <symbol id="sm-b99">
         <name>burst_start</name>
         <value>0x1d1a</value>
         <object_component_ref idref="oc-ef"/>
      </symbol>
      <symbol id="sm-b9a">
         <name>toggle_buzzer</name>
         <value>0xcad6</value>
         <object_component_ref idref="oc-174"/>
      </symbol>
      <symbol id="sm-b9b">
         <name>sys</name>
         <value>0x1e06</value>
         <object_component_ref idref="oc-e3"/>
      </symbol>
      <symbol id="sm-b9c">
         <name>nwk_putNumObjectIntoMsg</name>
         <value>0xda18</value>
         <object_component_ref idref="oc-1b4"/>
      </symbol>
      <symbol id="sm-b9d">
         <name>bmp_ps_get_pa</name>
         <value>0x9260</value>
         <object_component_ref idref="oc-182"/>
      </symbol>
      <symbol id="sm-b9e">
         <name>is_rf</name>
         <value>0xdb9a</value>
         <object_component_ref idref="oc-152"/>
      </symbol>
      <symbol id="sm-b9f">
         <name>clear_line</name>
         <value>0xcb32</value>
         <object_component_ref idref="oc-15f"/>
      </symbol>
      <symbol id="sm-ba0">
         <name>nwk_allocateLocalRxPort</name>
         <value>0xb4ee</value>
         <object_component_ref idref="oc-1b3"/>
      </symbol>
      <symbol id="sm-ba1">
         <name>do_altitude_measurement</name>
         <value>0xa260</value>
         <object_component_ref idref="oc-14d"/>
      </symbol>
      <symbol id="sm-ba2">
         <name>display</name>
         <value>0x1c8c</value>
         <object_component_ref idref="oc-e6"/>
      </symbol>
      <symbol id="sm-ba3">
         <name>menu_L2_Acc</name>
         <value>0xdec8</value>
         <object_component_ref idref="oc-e8"/>
      </symbol>
      <symbol id="sm-ba4">
         <name>menu_L2_RFBSL</name>
         <value>0xdefe</value>
         <object_component_ref idref="oc-e8"/>
      </symbol>
      <symbol id="sm-ba5">
         <name>update_time</name>
         <value>0xdbec</value>
         <object_component_ref idref="oc-126"/>
      </symbol>
      <symbol id="sm-ba6">
         <name>segments_bitmask</name>
         <value>0xdff0</value>
         <object_component_ref idref="oc-188"/>
      </symbol>
      <symbol id="sm-ba7">
         <name>mx_stopwatch</name>
         <value>0xd728</value>
         <object_component_ref idref="oc-120"/>
      </symbol>
      <symbol id="sm-ba8">
         <name>PORT2_ISR</name>
         <value>0x8768</value>
         <object_component_ref idref="oc-115"/>
      </symbol>
      <symbol id="sm-ba9">
         <name>nwk_processSecurity</name>
         <value>0xdc08</value>
         <object_component_ref idref="oc-1c9"/>
      </symbol>
      <symbol id="sm-baa">
         <name>memmove</name>
         <value>0xd988</value>
         <object_component_ref idref="oc-1c5"/>
      </symbol>
      <symbol id="sm-bab">
         <name>stop_altitude_measurement</name>
         <value>0xd62c</value>
         <object_component_ref idref="oc-159"/>
      </symbol>
      <symbol id="sm-bac">
         <name>BSP_Delay</name>
         <value>0xd880</value>
         <object_component_ref idref="oc-1b9"/>
      </symbol>
      <symbol id="sm-bad">
         <name>clock_tick</name>
         <value>0xb8f0</value>
         <object_component_ref idref="oc-157"/>
      </symbol>
      <symbol id="sm-bae">
         <name>menu_L1_Time</name>
         <value>0xde4a</value>
         <object_component_ref idref="oc-e8"/>
      </symbol>
      <symbol id="sm-baf">
         <name>nwk_join</name>
         <value>0xa5c4</value>
         <object_component_ref idref="oc-1b1"/>
      </symbol>
      <symbol id="sm-bb0">
         <name>nwk_processMgmt</name>
         <value>0xd082</value>
         <object_component_ref idref="oc-1cb"/>
      </symbol>
      <symbol id="sm-bb1">
         <name>display_temperature</name>
         <value>0xaed2</value>
         <object_component_ref idref="oc-12d"/>
      </symbol>
      <symbol id="sm-bb2">
         <name>SMPL_Ioctl</name>
         <value>0x9d86</value>
         <object_component_ref idref="oc-193"/>
      </symbol>
      <symbol id="sm-bb3">
         <name>display_acceleration</name>
         <value>0x93f2</value>
         <object_component_ref idref="oc-133"/>
      </symbol>
      <symbol id="sm-bb4">
         <name>sx_stopwatch</name>
         <value>0xd3e4</value>
         <object_component_ref idref="oc-11f"/>
      </symbol>
      <symbol id="sm-bb5">
         <name>selection_Timeformat</name>
         <value>0xe09c</value>
         <object_component_ref idref="oc-18b"/>
      </symbol>
      <symbol id="sm-bb6">
         <name>adc12_single_conversion</name>
         <value>0xc6a4</value>
         <object_component_ref idref="oc-17d"/>
      </symbol>
      <symbol id="sm-bb7">
         <name>bmp_as_start</name>
         <value>0xc772</value>
         <object_component_ref idref="oc-16b"/>
      </symbol>
      <symbol id="sm-bb8">
         <name>ADC12ISR</name>
         <value>0xda34</value>
         <object_component_ref idref="oc-11e"/>
      </symbol>
      <symbol id="sm-bb9">
         <name>wakeup_event</name>
         <value>0x9ffc</value>
         <object_component_ref idref="oc-14b"/>
      </symbol>
      <symbol id="sm-bba">
         <name>sx_sync</name>
         <value>0xbb34</value>
         <object_component_ref idref="oc-13f"/>
      </symbol>
      <symbol id="sm-bbb">
         <name>init_global_variables</name>
         <value>0xa4a8</value>
         <object_component_ref idref="oc-14a"/>
      </symbol>
      <symbol id="sm-bbc">
         <name>menu_L1_Alarm</name>
         <value>0xde5c</value>
         <object_component_ref idref="oc-e8"/>
      </symbol>
      <symbol id="sm-bbd">
         <name>MRFI_SetRFPwr</name>
         <value>0xd658</value>
         <object_component_ref idref="oc-1c2"/>
      </symbol>
      <symbol id="sm-bbe">
         <name>nwk_nwkInit</name>
         <value>0x9576</value>
         <object_component_ref idref="oc-1af"/>
      </symbol>
      <symbol id="sm-bbf">
         <name>menu_L2_Stopwatch</name>
         <value>0xde38</value>
         <object_component_ref idref="oc-e8"/>
      </symbol>
      <symbol id="sm-bc0">
         <name>start_altitude_measurement</name>
         <value>0xc9bc</value>
         <object_component_ref idref="oc-167"/>
      </symbol>
      <symbol id="sm-bc1">
         <name>display_am_pm_symbol</name>
         <value>0xda4e</value>
         <object_component_ref idref="oc-165"/>
      </symbol>
      <symbol id="sm-bc2">
         <name>adc12_result</name>
         <value>0x1ec2</value>
         <object_component_ref idref="oc-101"/>
      </symbol>
      <symbol id="sm-bc3">
         <name>nwk_QfindOldest</name>
         <value>0xb268</value>
         <object_component_ref idref="oc-1bb"/>
      </symbol>
      <symbol id="sm-bc4">
         <name>display_rf</name>
         <value>0xdad8</value>
         <object_component_ref idref="oc-13c"/>
      </symbol>
      <symbol id="sm-bc5">
         <name>method</name>
         <value>0xde37</value>
         <object_component_ref idref="oc-f6"/>
      </symbol>
      <symbol id="sm-bc6">
         <name>sDate</name>
         <value>0x1eaa</value>
         <object_component_ref idref="oc-ec"/>
      </symbol>
      <symbol id="sm-bc7">
         <name>simpliciti_reply_count</name>
         <value>0x1d17</value>
         <object_component_ref idref="oc-ef"/>
      </symbol>
      <symbol id="sm-bc8">
         <name>display_sync</name>
         <value>0xdaec</value>
         <object_component_ref idref="oc-140"/>
      </symbol>
      <symbol id="sm-bc9">
         <name>stopwatch_tick</name>
         <value>0xaafe</value>
         <object_component_ref idref="oc-156"/>
      </symbol>
      <symbol id="sm-bca">
         <name>simpliciti_get_ed_data_callback</name>
         <value>0xbd26</value>
         <object_component_ref idref="oc-192"/>
      </symbol>
      <symbol id="sm-bcb">
         <name>int_to_array_conversion_table</name>
         <value>0xdc18</value>
         <object_component_ref idref="oc-18d"/>
      </symbol>
      <symbol id="sm-bcc">
         <name>nwk_getConnInfo</name>
         <value>0xd750</value>
         <object_component_ref idref="oc-198"/>
      </symbol>
      <symbol id="sm-bcd">
         <name>button_repeat_function</name>
         <value>0xce2c</value>
         <object_component_ref idref="oc-18c"/>
      </symbol>
      <symbol id="sm-bce">
         <name>Timer0_A3_Start</name>
         <value>0xd6ac</value>
         <object_component_ref idref="oc-175"/>
      </symbol>
      <symbol id="sm-bcf">
         <name>display_battery_V</name>
         <value>0xca7a</value>
         <object_component_ref idref="oc-139"/>
      </symbol>
      <symbol id="sm-bd0">
         <name>nwk_processFreq</name>
         <value>0xdc04</value>
         <object_component_ref idref="oc-1ca"/>
      </symbol>
      <symbol id="sm-bd1">
         <name>bmp_ps_init</name>
         <value>0xafbc</value>
         <object_component_ref idref="oc-179"/>
      </symbol>
      <symbol id="sm-bd2">
         <name>as_ok</name>
         <value>0x1e77</value>
         <object_component_ref idref="oc-e2"/>
      </symbol>
      <symbol id="sm-bd3">
         <name>sBlueRobin</name>
         <value>0x1dd2</value>
         <object_component_ref idref="oc-f1"/>
      </symbol>
      <symbol id="sm-bd4">
         <name>chronos_black</name>
         <value>0x1e14</value>
         <object_component_ref idref="oc-e3"/>
      </symbol>
      <symbol id="sm-bd5">
         <name>simpliciti_payload_length</name>
         <value>0x1d16</value>
         <object_component_ref idref="oc-ef"/>
      </symbol>
      <symbol id="sm-bd6">
         <name>_system_pre_init</name>
         <value>0xdbfc</value>
         <object_component_ref idref="oc-117"/>
      </symbol>
      <symbol id="sm-bd7">
         <name>write_lcd_mem</name>
         <value>0xcc3a</value>
         <object_component_ref idref="oc-189"/>
      </symbol>
      <symbol id="sm-bd8">
         <name>sTime</name>
         <value>0x1e1a</value>
         <object_component_ref idref="oc-eb"/>
      </symbol>
      <symbol id="sm-bd9">
         <name>TIMER0_A0_ISR</name>
         <value>0x8000</value>
         <object_component_ref idref="oc-11d"/>
      </symbol>
      <symbol id="sm-bda">
         <name>update_temperature</name>
         <value>0xdbd6</value>
         <object_component_ref idref="oc-12e"/>
      </symbol>
      <symbol id="sm-bdb">
         <name>display_hours</name>
         <value>0xcc92</value>
         <object_component_ref idref="oc-163"/>
      </symbol>
      <symbol id="sm-bdc">
         <name>nwk_processLink</name>
         <value>0xb75a</value>
         <object_component_ref idref="oc-1c7"/>
      </symbol>
      <symbol id="sm-bdd">
         <name>sx_time</name>
         <value>0xdb8a</value>
         <object_component_ref idref="oc-123"/>
      </symbol>
      <symbol id="sm-bde">
         <name>display_time</name>
         <value>0x8f12</value>
         <object_component_ref idref="oc-125"/>
      </symbol>
      <symbol id="sm-bdf">
         <name>menu_L2_Date</name>
         <value>0xdea4</value>
         <object_component_ref idref="oc-e8"/>
      </symbol>
      <symbol id="sm-be0">
         <name>display_symbol</name>
         <value>0xd96a</value>
         <object_component_ref idref="oc-15b"/>
      </symbol>
   </symbol_table>
   <title>Link successful</title>
</link_info>
