******************************************************************************
                  MSP430 Linker PC v4.2.1                      
******************************************************************************
>> Linked Tue Dec 10 12:38:43 2013

OUTPUT FILE NAME:   <ez430_chronos_868MHz.out>
ENTRY POINT SYMBOL: "_c_int00"  address: 0000d6d6


MEMORY CONFIGURATION

         name            origin    length      used     unused   attr    fill
----------------------  --------  ---------  --------  --------  ----  --------
  SFR                   00000000   00000010  00000000  00000010  RWIX
  PERIPHERALS_8BIT      00000010   000000f0  00000000  000000f0  RWIX
  PERIPHERALS_16BIT     00000100   00000100  00000000  00000100  RWIX
  INFOD                 00001800   00000080  00000000  00000080  RWIX
  INFOC                 00001880   00000080  00000000  00000080  RWIX
  INFOB                 00001900   00000080  00000000  00000080  RWIX
  INFOA                 00001980   00000080  00000000  00000080  RWIX
  RAM                   00001c00   00000ffe  00000315  00000ce9  RWIX
  FLASH                 00008000   00007f80  000061f9  00001d87  RWIX
  INT00                 0000ff80   00000002  00000000  00000002  RWIX
  INT01                 0000ff82   00000002  00000000  00000002  RWIX
  INT02                 0000ff84   00000002  00000000  00000002  RWIX
  INT03                 0000ff86   00000002  00000000  00000002  RWIX
  INT04                 0000ff88   00000002  00000000  00000002  RWIX
  INT05                 0000ff8a   00000002  00000000  00000002  RWIX
  INT06                 0000ff8c   00000002  00000000  00000002  RWIX
  INT07                 0000ff8e   00000002  00000000  00000002  RWIX
  INT08                 0000ff90   00000002  00000000  00000002  RWIX
  INT09                 0000ff92   00000002  00000000  00000002  RWIX
  INT10                 0000ff94   00000002  00000000  00000002  RWIX
  INT11                 0000ff96   00000002  00000000  00000002  RWIX
  INT12                 0000ff98   00000002  00000000  00000002  RWIX
  INT13                 0000ff9a   00000002  00000000  00000002  RWIX
  INT14                 0000ff9c   00000002  00000000  00000002  RWIX
  INT15                 0000ff9e   00000002  00000000  00000002  RWIX
  INT16                 0000ffa0   00000002  00000000  00000002  RWIX
  INT17                 0000ffa2   00000002  00000000  00000002  RWIX
  INT18                 0000ffa4   00000002  00000000  00000002  RWIX
  INT19                 0000ffa6   00000002  00000000  00000002  RWIX
  INT20                 0000ffa8   00000002  00000000  00000002  RWIX
  INT21                 0000ffaa   00000002  00000000  00000002  RWIX
  INT22                 0000ffac   00000002  00000000  00000002  RWIX
  INT23                 0000ffae   00000002  00000000  00000002  RWIX
  INT24                 0000ffb0   00000002  00000000  00000002  RWIX
  INT25                 0000ffb2   00000002  00000000  00000002  RWIX
  INT26                 0000ffb4   00000002  00000000  00000002  RWIX
  INT27                 0000ffb6   00000002  00000000  00000002  RWIX
  INT28                 0000ffb8   00000002  00000000  00000002  RWIX
  INT29                 0000ffba   00000002  00000000  00000002  RWIX
  INT30                 0000ffbc   00000002  00000000  00000002  RWIX
  INT31                 0000ffbe   00000002  00000000  00000002  RWIX
  INT32                 0000ffc0   00000002  00000000  00000002  RWIX
  INT33                 0000ffc2   00000002  00000000  00000002  RWIX
  INT34                 0000ffc4   00000002  00000000  00000002  RWIX
  INT35                 0000ffc6   00000002  00000000  00000002  RWIX
  INT36                 0000ffc8   00000002  00000000  00000002  RWIX
  INT37                 0000ffca   00000002  00000000  00000002  RWIX
  INT38                 0000ffcc   00000002  00000000  00000002  RWIX
  INT39                 0000ffce   00000002  00000000  00000002  RWIX
  INT40                 0000ffd0   00000002  00000000  00000002  RWIX
  INT41                 0000ffd2   00000002  00000000  00000002  RWIX
  INT42                 0000ffd4   00000002  00000000  00000002  RWIX
  INT43                 0000ffd6   00000002  00000000  00000002  RWIX
  INT44                 0000ffd8   00000002  00000000  00000002  RWIX
  INT45                 0000ffda   00000002  00000002  00000000  RWIX
  INT46                 0000ffdc   00000002  00000002  00000000  RWIX
  INT47                 0000ffde   00000002  00000002  00000000  RWIX
  INT48                 0000ffe0   00000002  00000002  00000000  RWIX
  INT49                 0000ffe2   00000002  00000002  00000000  RWIX
  INT50                 0000ffe4   00000002  00000002  00000000  RWIX
  INT51                 0000ffe6   00000002  00000002  00000000  RWIX
  INT52                 0000ffe8   00000002  00000002  00000000  RWIX
  INT53                 0000ffea   00000002  00000002  00000000  RWIX
  INT54                 0000ffec   00000002  00000002  00000000  RWIX
  INT55                 0000ffee   00000002  00000002  00000000  RWIX
  INT56                 0000fff0   00000002  00000002  00000000  RWIX
  INT57                 0000fff2   00000002  00000002  00000000  RWIX
  INT58                 0000fff4   00000002  00000002  00000000  RWIX
  INT59                 0000fff6   00000002  00000002  00000000  RWIX
  INT60                 0000fff8   00000002  00000002  00000000  RWIX
  INT61                 0000fffa   00000002  00000002  00000000  RWIX
  INT62                 0000fffc   00000002  00000002  00000000  RWIX
  RESET                 0000fffe   00000002  00000002  00000000  RWIX


SECTION ALLOCATION MAP

 output                                  attributes/
section   page    origin      length       input sections
--------  ----  ----------  ----------   ----------------
.pinit     0    00008000    00000000     UNINITIALIZED

.bss       0    00001c00    000002c5     UNINITIALIZED
                  00001c00    0000008c     CC430_End_Device_868MHz.lib : nwk_QMgmt.obj (.bss)
                  00001c8c    0000005e     ez430_chronos_drivers.lib : display.obj (.bss)
                  00001cea    00000048     rfsimpliciti.obj (.bss)
                  00001d32    00000045     ps.obj (.bss)
                  00001d77    00000001     CC430_End_Device_868MHz.lib : main_ED_BM.obj (.bss)
                  00001d78    0000003c                                 : mrfi.obj (.bss)
                  00001db4    0000001d                                 : nwk.obj (.bss)
                  00001dd1    00000001                                 : nwk_api.obj (.bss)
                  00001dd2    0000001a     bluerobin_stubs.obj (.bss)
                  00001dec    0000001a     bmp_ps.obj (.bss)
                  00001e06    00000014     main.obj (.bss)
                  00001e1a    0000000f     clock.obj (.bss)
                  00001e29    00000001     CC430_End_Device_868MHz.lib : nwk_ping.obj (.bss)
                  00001e2a    0000000e     altitude.obj (.bss)
                  00001e38    0000000e     stopwatch.obj (.bss)
                  00001e46    0000000a     CC430_End_Device_868MHz.lib : nwk_frame.obj (.bss)
                  00001e50    0000000a                                 : nwk_link.obj (.bss)
                  00001e5a    0000000a     acceleration.obj (.bss)
                  00001e64    0000000a     ez430_chronos_drivers.lib : ports.obj (.bss)
                  00001e6e    00000009     CC430_End_Device_868MHz.lib : nwk_globals.obj (.bss)
                  00001e77    00000001     as.obj (.bss)
                  00001e78    00000009     CC430_End_Device_868MHz.lib : nwk_join.obj (.bss)
                  00001e81    00000001     rfbsl.obj (.bss)
                  00001e82    00000008     battery.obj (.bss)
                  00001e8a    00000008     ez430_chronos_drivers.lib : buzzer.obj (.bss)
                  00001e92    00000008     rts430x.lib : _lock.obj (.bss)
                  00001e9a    00000008                 : boot.obj (.bss)
                  00001ea2    00000007     ez430_chronos_drivers.lib : timer.obj (.bss)
                  00001ea9    00000001     --HOLE--
                  00001eaa    00000006     date.obj (.bss)
                  00001eb0    00000006     temperature.obj (.bss)
                  00001eb6    00000004     alarm.obj (.bss)
                  00001eba    00000004     menu.obj (.bss)
                  00001ebe    00000003     CC430_End_Device_868MHz.lib : nwk_mgmt.obj (.bss)
                  00001ec1    00000001     --HOLE--
                  00001ec2    00000003     ez430_chronos_drivers.lib : adc12.obj (.bss)

.data      0    00001c00    00000000     UNINITIALIZED

.stack     0    00002bac    00000050     UNINITIALIZED
                  00002bac    00000002     rts430x.lib : boot.obj (.stack)
                  00002bae    0000004e     --HOLE--

.text      0    00008000    00005c18     
                  00008000    0000029e     ez430_chronos_drivers.lib : timer.obj (.text:_isr:TIMER0_A0_ISR)
                  0000829e    00000294     ps.obj (.text:conv_pa_to_meter)
                  00008532    00000236     user.obj (.text:set_value)
                  00008768    000001fc     ez430_chronos_drivers.lib : ports.obj (.text:_isr:PORT2_ISR)
                  00008964    000001f4     CC430_End_Device_868MHz.lib : mrfi.obj (.text:MRFI_Init)
                  00008b58    000001e4     clock.obj (.text:mx_time)
                  00008d3c    000001d6     ps.obj (.text:update_pressure_table)
                  00008f12    000001ba     clock.obj (.text:display_time)
                  000090cc    00000194     date.obj (.text:mx_date)
                  00009260    00000192     bmp_ps.obj (.text:bmp_ps_get_pa)
                  000093f2    00000184     acceleration.obj (.text:display_acceleration)
                  00009576    0000016e     CC430_End_Device_868MHz.lib : nwk.obj (.text:nwk_nwkInit)
                  000096e4    00000164                                 : nwk_link.obj (.text:smpl_send_link_reply$27)
                  00009848    00000160     main.obj (.text:init_application)
                  000099a8    0000014c     CC430_End_Device_868MHz.lib : mrfi.obj (.text:MRFI_Transmit)
                  00009af4    0000014a     rfsimpliciti.obj (.text:simpliciti_sync_decode_ap_cmd_callback)
                  00009c3e    00000148     CC430_End_Device_868MHz.lib : nwk_link.obj (.text:nwk_link)
                  00009d86    0000013c                                 : nwk_api.obj (.text:SMPL_Ioctl)
                  00009ec2    0000013a                                 : mrfi.obj (.text:Mrfi_SyncPinRxIsr$20)
                  00009ffc    00000134     main.obj (.text:wakeup_event)
                  0000a130    00000130     rts430x.lib : fs_add.obj (.text)
                  0000a260    0000012c     altitude.obj (.text:do_altitude_measurement)
                  0000a38c    0000011c     stopwatch.obj (.text:display_stopwatch)
                  0000a4a8    0000011c     main.obj (.text:init_global_variables)
                  0000a5c4    0000011c     CC430_End_Device_868MHz.lib : nwk_join.obj (.text:nwk_join)
                  0000a6e0    00000112     rfsimpliciti.obj (.text:start_simpliciti_tx_only)
                  0000a7f2    00000106     altitude.obj (.text:mx_altitude)
                  0000a8f8    00000104     CC430_End_Device_868MHz.lib : nwk_frame.obj (.text:dispatchFrame$22)
                  0000a9fc    00000102     temperature.obj (.text:mx_temperature)
                  0000aafe    00000100     stopwatch.obj (.text:stopwatch_tick)
                  0000abfe    000000f2     main.obj (.text:display_update)
                  0000acf0    000000f2     alarm.obj (.text:mx_alarm)
                  0000ade2    000000f0     altitude.obj (.text:display_altitude)
                  0000aed2    000000ea     temperature.obj (.text:display_temperature)
                  0000afbc    000000e6     bmp_ps.obj (.text:bmp_ps_init)
                  0000b0a2    000000e4     rfsimpliciti.obj (.text:simpliciti_sync_get_data_callback)
                  0000b186    000000e2     CC430_End_Device_868MHz.lib : main_ED_BM.obj (.text:simpliciti_main_sync)
                  0000b268    000000dc                                 : nwk_QMgmt.obj (.text:nwk_QfindOldest)
                  0000b344    000000d6     date.obj (.text:display_date)
                  0000b41a    000000d4     alarm.obj (.text:display_alarm)
                  0000b4ee    000000d2     CC430_End_Device_868MHz.lib : nwk.obj (.text:nwk_allocateLocalRxPort)
                  0000b5c0    000000ce     ez430_chronos_drivers.lib : display.obj (.text:display_chars)
                  0000b68e    000000cc                               : display.obj (.text:int_to_array)
                  0000b75a    000000cc     CC430_End_Device_868MHz.lib : nwk_link.obj (.text:nwk_processLink)
                  0000b826    000000ca                                 : main_ED_BM.obj (.text:simpliciti_link)
                  0000b8f0    000000c8     clock.obj (.text:clock_tick)
                  0000b9b8    000000c6     main.obj (.text:read_calibration_values)
                  0000ba7e    000000b6     rts430x.lib : fs_mpy.obj (.text)
                  0000bb34    000000b6     rfsimpliciti.obj (.text:sx_sync)
                  0000bbea    000000a0     ez430_chronos_drivers.lib : rf1a.obj (.text:Strobe)
                  0000bc8a    0000009c     CC430_End_Device_868MHz.lib : nwk_frame.obj (.text:nwk_retrieveFrame)
                  0000bd26    0000009c     rfsimpliciti.obj (.text:simpliciti_get_ed_data_callback)
                  0000bdc2    00000096     temperature.obj (.text:temperature_measurement)
                  0000be58    0000008e     rts430x.lib : fs_div.obj (.text)
                  0000bee6    0000008c     ps.obj (.text:ps_i2c_sda)
                  0000bf72    0000008a     CC430_End_Device_868MHz.lib : nwk_api.obj (.text:SMPL_Init)
                  0000bffc    0000008a                                 : nwk_frame.obj (.text:nwk_buildFrame)
                  0000c086    00000088     ez430_chronos_drivers.lib : pmm.obj (.text:SetVCore)
                  0000c10e    00000086     main.obj (.text:main)
                  0000c194    00000082     date.obj (.text:get_numberOfDays)
                  0000c216    0000007c     CC430_End_Device_868MHz.lib : nwk.obj (.text:nwk_getNextConnection)
                  0000c292    0000007c                                 : nwk_frame.obj (.text:nwk_sendAckReply)
                  0000c30e    0000007a     ez430_chronos_drivers.lib : timer.obj (.text:_isr:TIMER0_A1_5_ISR)
                  0000c388    00000076     CC430_End_Device_868MHz.lib : nwk_QMgmt.obj (.text:nwk_QfindSlot)
                  0000c3fe    00000076                                 : nwk_ioctl.obj (.text:nwk_radioControl)
                  0000c474    00000074                                 : mrfi.obj (.text:mrfiRadioInterfaceCmdStrobe)
                  0000c4e8    00000072     ez430_chronos_drivers.lib : display.obj (.text:display_char)
                  0000c55a    00000072     ps.obj (.text:ps_read_register)
                  0000c5cc    0000006e     battery.obj (.text:battery_measurement)
                  0000c63a    0000006a     cma_ps.obj (.text:cma_ps_get_pa)
                  0000c6a4    00000068     ez430_chronos_drivers.lib : adc12.obj (.text:adc12_single_conversion)
                  0000c70c    00000066     CC430_End_Device_868MHz.lib : nwk_ping.obj (.text:nwk_processPing)
                  0000c772    00000064     bmp_as.obj (.text:bmp_as_start)
                  0000c7d6    00000064     cma_ps.obj (.text:cma_ps_init)
                  0000c83a    00000062     CC430_End_Device_868MHz.lib : mrfi.obj (.text:MRFI_RadioIsr)
                  0000c89c    00000060                                 : nwk_api.obj (.text:SMPL_SendOpt)
                  0000c8fc    00000060     as.obj (.text:as_read_register)
                  0000c95c    00000060     as.obj (.text:as_write_register)
                  0000c9bc    00000060     altitude.obj (.text:start_altitude_measurement)
                  0000ca1c    0000005e     ez430_chronos_drivers.lib : timer.obj (.text:Timer0_A4_Delay)
                  0000ca7a    0000005c     battery.obj (.text:display_battery_V)
                  0000cad6    0000005c     ez430_chronos_drivers.lib : buzzer.obj (.text:toggle_buzzer)
                  0000cb32    00000058                               : display.obj (.text:clear_line)
                  0000cb8a    00000058     ps.obj (.text:ps_write_register)
                  0000cbe2    00000058     rts430x.lib : div32u.obj (.text)
                  0000cc3a    00000058     ez430_chronos_drivers.lib : display.obj (.text:write_lcd_mem)
                  0000cc92    00000054                               : display.obj (.text:display_hours)
                  0000cce6    00000052     CC430_End_Device_868MHz.lib : mrfi.obj (.text:MRFI_ReplyDelay)
                  0000cd38    00000052     cma_as.obj (.text:cma_as_start)
                  0000cd8a    00000052     ps.obj (.text:ps_i2c_read)
                  0000cddc    00000050     bmp_as.obj (.text:bmp_as_get_data)
                  0000ce2c    00000050     ez430_chronos_drivers.lib : ports.obj (.text:button_repeat_function)
                  0000ce7c    00000050     cma_ps.obj (.text:cma_ps_get_temp)
                  0000cecc    0000004c     rts430x.lib : fs_toul.obj (.text)
                  0000cf18    0000004a                 : fs_cmp.obj (.text)
                  0000cf62    0000004a     rfbsl.obj (.text:sx_rfbsl)
                  0000cfac    00000048     rts430x.lib : autoinit.obj (.text:_auto_init)
                  0000cff4    00000048     ez430_chronos_drivers.lib : buzzer.obj (.text:start_buzzer)
                  0000d03c    00000046     CC430_End_Device_868MHz.lib : mrfi.obj (.text:MRFI_RxIdle)
                  0000d082    00000046                                 : nwk_mgmt.obj (.text:nwk_processMgmt)
                  0000d0c8    00000046     rts430x.lib : fs_tou.obj (.text)
                  0000d10e    00000044     CC430_End_Device_868MHz.lib : mrfi.obj (.text:mrfiRadioInterfaceReadReg)
                  0000d152    00000042     ps.obj (.text:ps_i2c_write)
                  0000d194    00000040     rts430x.lib : div32s.obj (.text)
                  0000d1d4    0000003e                 : asr32.obj (.text:l_asr_const)
                  0000d212    0000003e                 : lsl32.obj (.text:l_lsl_const)
                  0000d250    0000003e                 : lsr32.obj (.text:l_lsr_const)
                  0000d28e    0000003c     as.obj (.text:as_start)
                  0000d2ca    0000003c     stopwatch.obj (.text:update_stopwatch_timer)
                  0000d306    0000003a     CC430_End_Device_868MHz.lib : nwk.obj (.text:nwk_isValidReply)
                  0000d340    00000038     ez430_chronos_drivers.lib : radio.obj (.text:_isr:radio_ISR)
                  0000d378    00000036     CC430_End_Device_868MHz.lib : mrfi.obj (.text:mrfiRadioInterfaceWriteReg)
                  0000d3ae    00000036     rts430x.lib : fs_itof.obj (.text)
                  0000d3e4    00000034     stopwatch.obj (.text:sx_stopwatch)
                  0000d418    00000032     CC430_End_Device_868MHz.lib : mrfi.obj (.text:MRFI_RxOn)
                  0000d44a    00000032     ez430_chronos_drivers.lib : rf1a.obj (.text:WriteSingleReg)
                  0000d47c    00000032     as.obj (.text:as_stop)
                  0000d4ae    00000032     CC430_End_Device_868MHz.lib : mrfi.obj (.text:mrfiRadioInterfaceReadRxFifo)
                  0000d4e0    00000032     ez430_chronos_drivers.lib : radio.obj (.text:radio_reset)
                  0000d512    00000032     rts430x.lib : fs_ultof.obj (.text)
                  0000d544    00000032     alarm.obj (.text:sx_alarm)
                  0000d576    00000030     CC430_End_Device_868MHz.lib : nwk_frame.obj (.text:nwk_sendFrame)
                  0000d5a6    0000002e                                 : nwk_QMgmt.obj (.text:nwk_QadjustOrder)
                  0000d5d4    0000002c     cma_as.obj (.text:cma_as_get_data)
                  0000d600    0000002c     rts430x.lib : div16s.obj (.text)
                  0000d62c    0000002c     altitude.obj (.text:stop_altitude_measurement)
                  0000d658    0000002a     CC430_End_Device_868MHz.lib : mrfi.obj (.text:MRFI_SetRFPwr)
                  0000d682    0000002a                                 : mrfi.obj (.text:Mrfi_CalculateRssi$20)
                  0000d6ac    0000002a     ez430_chronos_drivers.lib : timer.obj (.text:Timer0_A3_Start)
                  0000d6d6    0000002a     rts430x.lib : boot.obj (.text:_isr:_c_int00_noexit)
                  0000d700    00000028     CC430_End_Device_868MHz.lib : nwk.obj (.text:map_lid2idx$33)
                  0000d728    00000028     stopwatch.obj (.text:mx_stopwatch)
                  0000d750    00000028     CC430_End_Device_868MHz.lib : nwk.obj (.text:nwk_getConnInfo)
                  0000d778    00000028     ez430_chronos_drivers.lib : buzzer.obj (.text:stop_buzzer)
                  0000d7a0    00000026     CC430_End_Device_868MHz.lib : mrfi.obj (.text:MRFI_Sleep)
                  0000d7c6    00000026     rfbsl.obj (.text:display_rfbsl)
                  0000d7ec    00000026     ps.obj (.text:init_pressure_table)
                  0000d812    00000026     CC430_End_Device_868MHz.lib : nwk.obj (.text:nwk_checkConnInfo)
                  0000d838    00000024     ps.obj (.text:ps_init)
                  0000d85c    00000024     rts430x.lib : fs_utof.obj (.text)
                  0000d880    00000022     CC430_End_Device_868MHz.lib : bsp.obj (.text:BSP_Delay)
                  0000d8a2    00000022     ez430_chronos_drivers.lib : display.obj (.text:display_value)
                  0000d8c4    00000022     rts430x.lib : memcmp.obj (.text:memcmp)
                  0000d8e6    00000022                 : mult32_f5hw.obj (.text)
                  0000d908    00000022     acceleration.obj (.text:sx_acceleration)
                  0000d92a    00000020     rfsimpliciti.obj (.text:sx_ppt)
                  0000d94a    00000020     rfsimpliciti.obj (.text:sx_rf)
                  0000d96a    0000001e     ez430_chronos_drivers.lib : display.obj (.text:display_symbol)
                  0000d988    0000001e     rts430x.lib : memmov.obj (.text:memmove)
                  0000d9a6    0000001e     CC430_End_Device_868MHz.lib : nwk_join.obj (.text:nwk_processJoin)
                  0000d9c4    0000001c                                 : mrfi.obj (.text:Mrfi_DelayUsec$20)
                  0000d9e0    0000001c     ez430_chronos_drivers.lib : display.obj (.text:clear_display_all)
                  0000d9fc    0000001c                               : radio.obj (.text:close_radio)
                  0000da18    0000001c     CC430_End_Device_868MHz.lib : nwk.obj (.text:nwk_putNumObjectIntoMsg)
                  0000da34    0000001a     ez430_chronos_drivers.lib : adc12.obj (.text:_isr:ADC12ISR)
                  0000da4e    0000001a                               : display.obj (.text:display_am_pm_symbol)
                  0000da68    0000001a     stopwatch.obj (.text:stop_stopwatch)
                  0000da82    00000016     clock.obj (.text:display_selection_Timeformat1)
                  0000da98    00000016     rts430x.lib : div16u.obj (.text)
                  0000daae    00000016                 : mult16_f5hw.obj (.text)
                  0000dac4    00000014     rfsimpliciti.obj (.text:display_ppt)
                  0000dad8    00000014     rfsimpliciti.obj (.text:display_rf)
                  0000daec    00000014     rfsimpliciti.obj (.text:display_sync)
                  0000db00    00000014     stopwatch.obj (.text:is_stopwatch)
                  0000db14    00000012     rts430x.lib : memcpy.obj (.text:memcpy)
                  0000db26    00000012                 : memset.obj (.text:memset)
                  0000db38    00000012     ez430_chronos_drivers.lib : radio.obj (.text:open_radio)
                  0000db4a    00000010     rts430x.lib : lsl32.obj (.text:l_lsl)
                  0000db5a    00000010                 : lsr32.obj (.text:l_lsr)
                  0000db6a    00000010     ez430_chronos_drivers.lib : radio.obj (.text:radio_powerdown)
                  0000db7a    00000010     date.obj (.text:sx_date)
                  0000db8a    00000010     clock.obj (.text:sx_time)
                  0000db9a    0000000c     rfsimpliciti.obj (.text:is_rf)
                  0000dba6    0000000c     menu.obj (.text:update_acceleration)
                  0000dbb2    0000000c     menu.obj (.text:update_alarm)
                  0000dbbe    0000000c     menu.obj (.text:update_battery_voltage)
                  0000dbca    0000000c     menu.obj (.text:update_stopwatch)
                  0000dbd6    0000000c     menu.obj (.text:update_temperature)
                  0000dbe2    0000000a     menu.obj (.text:update_date)
                  0000dbec    0000000a     menu.obj (.text:update_time)
                  0000dbf6    00000006     rts430x.lib : isr_trap.obj (.text:__TI_ISR_TRAP)
                  0000dbfc    00000004                 : pre_init.obj (.text:_system_pre_init)
                  0000dc00    00000004                 : exit.obj (.text:abort)
                  0000dc04    00000004     CC430_End_Device_868MHz.lib : nwk_freq.obj (.text:nwk_processFreq)
                  0000dc08    00000004                                 : nwk_security.obj (.text:nwk_processSecurity)
                  0000dc0c    00000004     ps.obj (.text:ps_i2c_delay)
                  0000dc10    00000002     bluerobin_stubs.obj (.text:BlueRobin_RadioISR_v)
                  0000dc12    00000002     rts430x.lib : _lock.obj (.text:_nop)
                  0000dc14    00000002     user.obj (.text:dummy)
                  0000dc16    00000002     altitude.obj (.text:sx_altitude)

.const     0    0000dc18    0000049b     
                  0000dc18    0000021f     ez430_chronos_drivers.lib : display.obj (.const:int_to_array_conversion_table)
                  0000de37    00000001     CC430_End_Device_868MHz.lib : mrfi.obj (.const)
                  0000de38    000000d8     menu.obj (.const)
                  0000df10    00000074     <whole-program> (.const:.string)
                  0000df84    00000040     CC430_End_Device_868MHz.lib : mrfi.obj (.const:mrfiRadioCfg)
                  0000dfc4    0000002b     ez430_chronos_drivers.lib : display.obj (.const:.string:lcd_font)
                  0000dfef    00000001     CC430_End_Device_868MHz.lib : nwk_frame.obj (.const)
                  0000dff0    0000002a     ez430_chronos_drivers.lib : display.obj (.const:.string:segments_bitmask)
                  0000e01a    00000022     ps.obj (.const:h0)
                  0000e03c    00000022     ps.obj (.const:p0)
                  0000e05e    00000018     CC430_End_Device_868MHz.lib : nwk_frame.obj (.const:func$22)
                  0000e076    0000000e     acceleration.obj (.const:bmp_mgrav_per_bit)
                  0000e084    0000000e     acceleration.obj (.const:cma_mgrav_per_bit)
                  0000e092    00000009     CC430_End_Device_868MHz.lib : nwk_globals.obj (.const)
                  0000e09b    00000001     --HOLE-- [fill = 0]
                  0000e09c    00000008     clock.obj (.const:selection_Timeformat)
                  0000e0a4    00000004     CC430_End_Device_868MHz.lib : mrfi.obj (.const:.string:mrfiBroadcastAddr)
                  0000e0a8    00000004                                 : mrfi.obj (.const:.string:mrfiLogicalChanTable$20)
                  0000e0ac    00000003                                 : mrfi.obj (.const:.string:mrfiRFPowerTable$20)
                  0000e0af    00000001     --HOLE-- [fill = 0]
                  0000e0b0    00000003                                 : mrfi.obj (.const:.string:mrfiRFPowerTable_B$20)

.cinit     0    0000e0b4    00000146     
                  0000e0b4    00000143     <whole-program> (.cinit)
                  0000e1f7    00000001     --HOLE-- [fill = 0]
                  0000e1f8    00000002     (.pad.cinit) [fill = 0]

AES        0    0000ffda    00000002     
                  0000ffda    00000002     rts430x.lib : int45.obj (.int45)

RTC        0    0000ffdc    00000002     
                  0000ffdc    00000002     rts430x.lib : int46.obj (.int46)

LCD_B      0    0000ffde    00000002     
                  0000ffde    00000002     rts430x.lib : int47.obj (.int47)

PORT2      0    0000ffe0    00000002     
                  0000ffe0    00000002     <whole-program> (.int48)

PORT1      0    0000ffe2    00000002     
                  0000ffe2    00000002     rts430x.lib : int49.obj (.int49)

TIMER1_A1 
*          0    0000ffe4    00000002     
                  0000ffe4    00000002     rts430x.lib : int50.obj (.int50)

TIMER1_A0 
*          0    0000ffe6    00000002     
                  0000ffe6    00000002     rts430x.lib : int51.obj (.int51)

DMA        0    0000ffe8    00000002     
                  0000ffe8    00000002     rts430x.lib : int52.obj (.int52)

CC1101     0    0000ffea    00000002     
                  0000ffea    00000002     ez430_chronos_drivers.lib : radio.obj (.int53)

TIMER0_A1 
*          0    0000ffec    00000002     
                  0000ffec    00000002     <whole-program> (.int54)

TIMER0_A0 
*          0    0000ffee    00000002     
                  0000ffee    00000002     <whole-program> (.int55)

ADC12      0    0000fff0    00000002     
                  0000fff0    00000002     <whole-program> (.int56)

USCI_B0    0    0000fff2    00000002     
                  0000fff2    00000002     rts430x.lib : int57.obj (.int57)

USCI_A0    0    0000fff4    00000002     
                  0000fff4    00000002     rts430x.lib : int58.obj (.int58)

WDT        0    0000fff6    00000002     
                  0000fff6    00000002     rts430x.lib : int59.obj (.int59)

COMP_B     0    0000fff8    00000002     
                  0000fff8    00000002     rts430x.lib : int60.obj (.int60)

UNMI       0    0000fffa    00000002     
                  0000fffa    00000002     rts430x.lib : int61.obj (.int61)

SYSNMI     0    0000fffc    00000002     
                  0000fffc    00000002     rts430x.lib : int62.obj (.int62)

.reset     0    0000fffe    00000002     
                  0000fffe    00000002     rts430x.lib : boot.obj (.reset)


GLOBAL SYMBOLS: SORTED ALPHABETICALLY BY Name 

address    name
--------   ----
00001c00   .bss
00001c00   .data
00008000   .text
00000700   ADC12CTL0
00000701   ADC12CTL0_H
00000700   ADC12CTL0_L
00000702   ADC12CTL1
00000703   ADC12CTL1_H
00000702   ADC12CTL1_L
00000704   ADC12CTL2
00000705   ADC12CTL2_H
00000704   ADC12CTL2_L
0000070c   ADC12IE
0000070d   ADC12IE_H
0000070c   ADC12IE_L
0000070a   ADC12IFG
0000070b   ADC12IFG_H
0000070a   ADC12IFG_L
0000da34   ADC12ISR
0000070e   ADC12IV
0000070f   ADC12IV_H
0000070e   ADC12IV_L
00000710   ADC12MCTL0
00000711   ADC12MCTL1
0000071a   ADC12MCTL10
0000071b   ADC12MCTL11
0000071c   ADC12MCTL12
0000071d   ADC12MCTL13
0000071e   ADC12MCTL14
0000071f   ADC12MCTL15
00000712   ADC12MCTL2
00000713   ADC12MCTL3
00000714   ADC12MCTL4
00000715   ADC12MCTL5
00000716   ADC12MCTL6
00000717   ADC12MCTL7
00000718   ADC12MCTL8
00000719   ADC12MCTL9
00000720   ADC12MEM0
00000721   ADC12MEM0_H
00000720   ADC12MEM0_L
00000722   ADC12MEM1
00000734   ADC12MEM10
00000735   ADC12MEM10_H
00000734   ADC12MEM10_L
00000736   ADC12MEM11
00000737   ADC12MEM11_H
00000736   ADC12MEM11_L
00000738   ADC12MEM12
00000739   ADC12MEM12_H
00000738   ADC12MEM12_L
0000073a   ADC12MEM13
0000073b   ADC12MEM13_H
0000073a   ADC12MEM13_L
0000073c   ADC12MEM14
0000073d   ADC12MEM14_H
0000073c   ADC12MEM14_L
0000073e   ADC12MEM15
0000073f   ADC12MEM15_H
0000073e   ADC12MEM15_L
00000723   ADC12MEM1_H
00000722   ADC12MEM1_L
00000724   ADC12MEM2
00000725   ADC12MEM2_H
00000724   ADC12MEM2_L
00000726   ADC12MEM3
00000727   ADC12MEM3_H
00000726   ADC12MEM3_L
00000728   ADC12MEM4
00000729   ADC12MEM4_H
00000728   ADC12MEM4_L
0000072a   ADC12MEM5
0000072b   ADC12MEM5_H
0000072a   ADC12MEM5_L
0000072c   ADC12MEM6
0000072d   ADC12MEM6_H
0000072c   ADC12MEM6_L
0000072e   ADC12MEM7
0000072f   ADC12MEM7_H
0000072e   ADC12MEM7_L
00000730   ADC12MEM8
00000731   ADC12MEM8_H
00000730   ADC12MEM8_L
00000732   ADC12MEM9
00000733   ADC12MEM9_H
00000732   ADC12MEM9_L
000009c0   AESACTL0
000009c1   AESACTL0_H
000009c0   AESACTL0_L
000009c8   AESADIN
000009c9   AESADIN_H
000009c8   AESADIN_L
000009ca   AESADOUT
000009cb   AESADOUT_H
000009ca   AESADOUT_L
000009c6   AESAKEY
000009c7   AESAKEY_H
000009c6   AESAKEY_L
000009c4   AESASTAT
000009c5   AESASTAT_H
000009c4   AESASTAT_L
0000d880   BSP_Delay
00001e10   BlOnFlag
00001e28   BlTimeoutCounter
0000dc10   BlueRobin_RadioISR_v
0000dc00   C$$EXIT
000008c0   CBCTL0
000008c1   CBCTL0_H
000008c0   CBCTL0_L
000008c2   CBCTL1
000008c3   CBCTL1_H
000008c2   CBCTL1_L
000008c4   CBCTL2
000008c5   CBCTL2_H
000008c4   CBCTL2_L
000008c6   CBCTL3
000008c7   CBCTL3_H
000008c6   CBCTL3_L
000008cc   CBINT
000008cd   CBINT_H
000008cc   CBINT_L
000008ce   CBIV
00000150   CRCDI
00000152   CRCDIRB
00000153   CRCDIRB_H
00000152   CRCDIRB_L
00000151   CRCDI_H
00000150   CRCDI_L
00000154   CRCINIRES
00000155   CRCINIRES_H
00000154   CRCINIRES_L
00000156   CRCRESR
00000157   CRCRESR_H
00000156   CRCRESR_L
00000510   DMA0CTL
00000511   DMA0CTL_H
00000510   DMA0CTL_L
00000516   DMA0DA
00000516   DMA0DAL
00000512   DMA0SA
00000512   DMA0SAL
0000051a   DMA0SZ
00000520   DMA1CTL
00000521   DMA1CTL_H
00000520   DMA1CTL_L
00000526   DMA1DA
00000526   DMA1DAL
00000522   DMA1SA
00000522   DMA1SAL
0000052a   DMA1SZ
00000530   DMA2CTL
00000531   DMA2CTL_H
00000530   DMA2CTL_L
00000536   DMA2DA
00000536   DMA2DAL
00000532   DMA2SA
00000532   DMA2SAL
0000053a   DMA2SZ
00000500   DMACTL0
00000501   DMACTL0_H
00000500   DMACTL0_L
00000502   DMACTL1
00000503   DMACTL1_H
00000502   DMACTL1_L
00000504   DMACTL2
00000505   DMACTL2_H
00000504   DMACTL2_L
00000506   DMACTL3
00000507   DMACTL3_H
00000506   DMACTL3_L
00000508   DMACTL4
00000509   DMACTL4_H
00000508   DMACTL4_L
0000050e   DMAIV
0000050f   DMAIV_H
0000050e   DMAIV_L
00000140   FCTL1
00000141   FCTL1_H
00000140   FCTL1_L
00000144   FCTL3
00000145   FCTL3_H
00000144   FCTL3_L
00000146   FCTL4
00000147   FCTL4_H
00000146   FCTL4_L
00000a04   LCDBBLKCTL
00000a05   LCDBBLKCTL_H
00000a04   LCDBBLKCTL_L
00000a12   LCDBCPCTL
00000a13   LCDBCPCTL_H
00000a12   LCDBCPCTL_L
00000a00   LCDBCTL0
00000a01   LCDBCTL0_H
00000a00   LCDBCTL0_L
00000a02   LCDBCTL1
00000a03   LCDBCTL1_H
00000a02   LCDBCTL1_L
00000a1e   LCDBIV
00000a40   LCDBM1
00000a49   LCDBM10
00000a4a   LCDBM11
00000a4b   LCDBM12
00000a4c   LCDBM13
00000a4d   LCDBM14
00000a4e   LCDBM15
00000a4f   LCDBM16
00000a50   LCDBM17
00000a51   LCDBM18
00000a52   LCDBM19
00000a41   LCDBM2
00000a53   LCDBM20
00000a54   LCDBM21
00000a55   LCDBM22
00000a56   LCDBM23
00000a57   LCDBM24
00000a42   LCDBM3
00000a43   LCDBM4
00000a44   LCDBM5
00000a45   LCDBM6
00000a46   LCDBM7
00000a47   LCDBM8
00000a48   LCDBM9
00000a06   LCDBMEMCTL
00000a07   LCDBMEMCTL_H
00000a06   LCDBMEMCTL_L
00000a0a   LCDBPCTL0
00000a0b   LCDBPCTL0_H
00000a0a   LCDBPCTL0_L
00000a0c   LCDBPCTL1
00000a0d   LCDBPCTL1_H
00000a0c   LCDBPCTL1_L
00000a0e   LCDBPCTL2
00000a0f   LCDBPCTL2_H
00000a0e   LCDBPCTL2_L
00000a10   LCDBPCTL3
00000a11   LCDBPCTL3_H
00000a10   LCDBPCTL3_L
00000a08   LCDBVCTL
00000a09   LCDBVCTL_H
00000a08   LCDBVCTL_L
00000a20   LCDM1
00000a29   LCDM10
00000a2a   LCDM11
00000a2b   LCDM12
00000a2c   LCDM13
00000a2d   LCDM14
00000a2e   LCDM15
00000a2f   LCDM16
00000a30   LCDM17
00000a31   LCDM18
00000a32   LCDM19
00000a21   LCDM2
00000a33   LCDM20
00000a34   LCDM21
00000a35   LCDM22
00000a36   LCDM23
00000a37   LCDM24
00000a22   LCDM3
00000a23   LCDM4
00000a24   LCDM5
00000a25   LCDM6
00000a26   LCDM7
00000a27   LCDM8
00000a28   LCDM9
0000d20c   L_ASR_1
0000d1e8   L_ASR_10
0000d1e4   L_ASR_11
0000d1e0   L_ASR_12
0000d1dc   L_ASR_13
0000d1d8   L_ASR_14
0000d1d4   L_ASR_15
0000d208   L_ASR_2
0000d204   L_ASR_3
0000d200   L_ASR_4
0000d1fc   L_ASR_5
0000d1f8   L_ASR_6
0000d1f4   L_ASR_7
0000d1f0   L_ASR_8
0000d1ec   L_ASR_9
0000db4a   L_LSL
0000d24a   L_LSL_1
0000d226   L_LSL_10
0000d222   L_LSL_11
0000d21e   L_LSL_12
0000d21a   L_LSL_13
0000d216   L_LSL_14
0000d212   L_LSL_15
0000d246   L_LSL_2
0000d242   L_LSL_3
0000d23e   L_LSL_4
0000d23a   L_LSL_5
0000d236   L_LSL_6
0000d232   L_LSL_7
0000d22e   L_LSL_8
0000d22a   L_LSL_9
0000db5a   L_LSR
0000d288   L_LSR_1
0000d264   L_LSR_10
0000d260   L_LSR_11
0000d25c   L_LSR_12
0000d258   L_LSR_13
0000d254   L_LSR_14
0000d250   L_LSR_15
0000d284   L_LSR_2
0000d280   L_LSR_3
0000d27c   L_LSR_4
0000d278   L_LSR_5
0000d274   L_LSR_6
0000d270   L_LSR_7
0000d26c   L_LSR_8
0000d268   L_LSR_9
000004c4   MAC
000004da   MAC32H
000004db   MAC32H_H
000004da   MAC32H_L
000004d8   MAC32L
000004d9   MAC32L_H
000004d8   MAC32L_L
000004c6   MACS
000004de   MACS32H
000004df   MACS32H_H
000004de   MACS32H_L
000004dc   MACS32L
000004dd   MACS32L_H
000004dc   MACS32L_L
000004c7   MACS_H
000004c6   MACS_L
000004c5   MAC_H
000004c4   MAC_L
000004c0   MPY
000004ec   MPY32CTL0
000004ed   MPY32CTL0_H
000004ec   MPY32CTL0_L
000004d2   MPY32H
000004d3   MPY32H_H
000004d2   MPY32H_L
000004d0   MPY32L
000004d1   MPY32L_H
000004d0   MPY32L_L
000004c2   MPYS
000004d6   MPYS32H
000004d7   MPYS32H_H
000004d6   MPYS32H_L
000004d4   MPYS32L
000004d5   MPYS32L_H
000004d4   MPYS32L_L
000004c3   MPYS_H
000004c2   MPYS_L
000004c1   MPY_H
000004c0   MPY_L
00008964   MRFI_Init
0000c83a   MRFI_RadioIsr
0000cce6   MRFI_ReplyDelay
0000d03c   MRFI_RxIdle
0000d418   MRFI_RxOn
0000d658   MRFI_SetRFPwr
0000d7a0   MRFI_Sleep
000099a8   MRFI_Transmit
000004c8   OP2
000004e2   OP2H
000004e3   OP2H_H
000004e2   OP2H_L
000004e0   OP2L
000004e1   OP2L_H
000004e0   OP2L_L
000004c9   OP2_H
000004c8   OP2_L
0000020e   P1IV
000001c8   P1MAP01
000001c9   P1MAP01_H
000001c8   P1MAP01_L
000001ca   P1MAP23
000001cb   P1MAP23_H
000001ca   P1MAP23_L
000001cc   P1MAP45
000001cd   P1MAP45_H
000001cc   P1MAP45_L
000001ce   P1MAP67
000001cf   P1MAP67_H
000001ce   P1MAP67_L
0000021e   P2IV
000001d0   P2MAP01
000001d1   P2MAP01_H
000001d0   P2MAP01_L
000001d2   P2MAP23
000001d3   P2MAP23_H
000001d2   P2MAP23_L
000001d4   P2MAP45
000001d5   P2MAP45_H
000001d4   P2MAP45_L
000001d6   P2MAP67
000001d7   P2MAP67_H
000001d6   P2MAP67_L
000001d8   P3MAP01
000001d9   P3MAP01_H
000001d8   P3MAP01_L
000001da   P3MAP23
000001db   P3MAP23_H
000001da   P3MAP23_L
000001dc   P3MAP45
000001dd   P3MAP45_H
000001dc   P3MAP45_L
000001de   P3MAP67
000001df   P3MAP67_H
000001de   P3MAP67_L
00000204   PADIR
00000205   PADIR_H
00000204   PADIR_L
00000208   PADS
00000209   PADS_H
00000208   PADS_L
0000021a   PAIE
00000218   PAIES
00000219   PAIES_H
00000218   PAIES_L
0000021b   PAIE_H
0000021a   PAIE_L
0000021c   PAIFG
0000021d   PAIFG_H
0000021c   PAIFG_L
00000200   PAIN
00000201   PAIN_H
00000200   PAIN_L
00000202   PAOUT
00000203   PAOUT_H
00000202   PAOUT_L
00000206   PAREN
00000207   PAREN_H
00000206   PAREN_L
0000020a   PASEL
0000020b   PASEL_H
0000020a   PASEL_L
00000224   PBDIR
00000225   PBDIR_H
00000224   PBDIR_L
00000228   PBDS
00000229   PBDS_H
00000228   PBDS_L
00000220   PBIN
00000221   PBIN_H
00000220   PBIN_L
00000222   PBOUT
00000223   PBOUT_H
00000222   PBOUT_L
00000226   PBREN
00000227   PBREN_H
00000226   PBREN_L
0000022a   PBSEL
0000022b   PBSEL_H
0000022a   PBSEL_L
00000244   PCDIR
00000245   PCDIR_H
00000244   PCDIR_L
00000248   PCDS
00000249   PCDS_H
00000248   PCDS_L
00000240   PCIN
00000241   PCIN_H
00000240   PCIN_L
00000242   PCOUT
00000243   PCOUT_H
00000242   PCOUT_L
00000246   PCREN
00000247   PCREN_H
00000246   PCREN_L
0000024a   PCSEL
0000024b   PCSEL_H
0000024a   PCSEL_L
00000324   PJDIR
00000325   PJDIR_H
00000324   PJDIR_L
00000328   PJDS
00000329   PJDS_H
00000328   PJDS_L
00000320   PJIN
00000321   PJIN_H
00000320   PJIN_L
00000322   PJOUT
00000323   PJOUT_H
00000322   PJOUT_L
00000326   PJREN
00000327   PJREN_H
00000326   PJREN_L
000001c2   PMAPCTL
000001c3   PMAPCTL_H
000001c2   PMAPCTL_L
000001c0   PMAPKEYID
000001c1   PMAPKEYID_H
000001c0   PMAPKEYID_L
00000120   PMMCTL0
00000121   PMMCTL0_H
00000120   PMMCTL0_L
00000122   PMMCTL1
00000123   PMMCTL1_H
00000122   PMMCTL1_L
0000012c   PMMIFG
0000012d   PMMIFG_H
0000012c   PMMIFG_L
0000012e   PMMRIE
0000012f   PMMRIE_H
0000012e   PMMRIE_L
00008768   PORT2_ISR
00000158   RCCTL0
00000159   RCCTL0_H
00000158   RCCTL0_L
000001b0   REFCTL0
000001b1   REFCTL0_H
000001b0   REFCTL0_L
000004e4   RES0
000004e5   RES0_H
000004e4   RES0_L
000004e6   RES1
000004e7   RES1_H
000004e6   RES1_L
000004e8   RES2
000004e9   RES2_H
000004e8   RES2_L
000004ea   RES3
000004eb   RES3_H
000004ea   RES3_L
000004cc   RESHI
000004cd   RESHI_H
000004cc   RESHI_L
000004ca   RESLO
000004cb   RESLO_H
000004ca   RESLO_L
00000f16   RF1ADINW
00000f17   RF1ADINW_H
00000f16   RF1ADINW_L
00000f28   RF1ADOUT0W
00000f29   RF1ADOUT0W_H
00000f28   RF1ADOUT0W_L
00000f2a   RF1ADOUT1W
00000f2b   RF1ADOUT1W_H
00000f2a   RF1ADOUT1W_L
00000f2c   RF1ADOUT2W
00000f2d   RF1ADOUT2W_H
00000f2c   RF1ADOUT2W_L
00000f36   RF1AIE
00000f34   RF1AIES
00000f35   RF1AIES_H
00000f34   RF1AIES_L
00000f37   RF1AIE_H
00000f36   RF1AIE_L
00000f00   RF1AIFCTL0
00000f01   RF1AIFCTL0_H
00000f00   RF1AIFCTL0_L
00000f02   RF1AIFCTL1
00000f03   RF1AIFCTL1_H
00000f02   RF1AIFCTL1_L
00000f04   RF1AIFCTL2
00000f05   RF1AIFCTL2_H
00000f04   RF1AIFCTL2_L
00000f06   RF1AIFERR
00000f0c   RF1AIFERRV
00000f0d   RF1AIFERRV_H
00000f0c   RF1AIFERRV_L
00000f07   RF1AIFERR_H
00000f06   RF1AIFERR_L
00000f32   RF1AIFG
00000f33   RF1AIFG_H
00000f32   RF1AIFG_L
00000f0e   RF1AIFIV
00000f0f   RF1AIFIV_H
00000f0e   RF1AIFIV_L
00000f30   RF1AIN
00000f12   RF1AINSTR1W
00000f13   RF1AINSTR1W_H
00000f12   RF1AINSTR1W_L
00000f14   RF1AINSTR2W
00000f15   RF1AINSTR2W_H
00000f14   RF1AINSTR2W_L
00000f10   RF1AINSTRW
00000f11   RF1AINSTRW_H
00000f10   RF1AINSTRW_L
00000f31   RF1AIN_H
00000f30   RF1AIN_L
00000f38   RF1AIV
00000f39   RF1AIV_H
00000f38   RF1AIV_L
00000f3c   RF1ARXFIFO
00000f3d   RF1ARXFIFO_H
00000f3c   RF1ARXFIFO_L
00000f20   RF1ASTAT0W
00000f21   RF1ASTAT0W_H
00000f20   RF1ASTAT0W_L
00000f22   RF1ASTAT1W
00000f23   RF1ASTAT1W_H
00000f22   RF1ASTAT1W_L
00000f24   RF1ASTAT2W
00000f25   RF1ASTAT2W_H
00000f24   RF1ASTAT2W_L
00000f3e   RF1ATXFIFO
00000f3f   RF1ATXFIFO_H
00000f3e   RF1ATXFIFO_L
000004ba   RTCADOWDAY
000004bb   RTCADOWDAY_H
000004ba   RTCADOWDAY_L
000004b8   RTCAMINHR
000004b9   RTCAMINHR_H
000004b8   RTCAMINHR_L
000004a0   RTCCTL01
000004a1   RTCCTL01_H
000004a0   RTCCTL01_L
000004a2   RTCCTL23
000004a3   RTCCTL23_H
000004a2   RTCCTL23_L
000004b4   RTCDATE
000004b5   RTCDATE_H
000004b4   RTCDATE_L
000004ae   RTCIV
000004ac   RTCPS
000004a8   RTCPS0CTL
000004a9   RTCPS0CTL_H
000004a8   RTCPS0CTL_L
000004aa   RTCPS1CTL
000004ab   RTCPS1CTL_H
000004aa   RTCPS1CTL_L
000004ad   RTCPS_H
000004ac   RTCPS_L
000004b0   RTCTIM0
000004b1   RTCTIM0_H
000004b0   RTCTIM0_L
000004b2   RTCTIM1
000004b3   RTCTIM1_H
000004b2   RTCTIM1_L
000004b6   RTCYEAR
000004b7   RTCYEAR_H
000004b6   RTCYEAR_L
00000100   SFRIE1
00000101   SFRIE1_H
00000100   SFRIE1_L
00000102   SFRIFG1
00000103   SFRIFG1_H
00000102   SFRIFG1_L
00000104   SFRRPCR
00000105   SFRRPCR_H
00000104   SFRRPCR_L
0000bf72   SMPL_Init
00009d86   SMPL_Ioctl
0000c89c   SMPL_SendOpt
000004ce   SUMEXT
000004cf   SUMEXT_H
000004ce   SUMEXT_L
00000124   SVSMHCTL
00000125   SVSMHCTL_H
00000124   SVSMHCTL_L
00000128   SVSMIO
00000129   SVSMIO_H
00000128   SVSMIO_L
00000126   SVSMLCTL
00000127   SVSMLCTL_H
00000126   SVSMLCTL_L
00000198   SYSBERRIV
00000199   SYSBERRIV_H
00000198   SYSBERRIV_L
00000182   SYSBSLC
00000183   SYSBSLC_H
00000182   SYSBSLC_L
00000180   SYSCTL
00000181   SYSCTL_H
00000180   SYSCTL_L
00000186   SYSJMBC
00000187   SYSJMBC_H
00000186   SYSJMBC_L
00000188   SYSJMBI0
00000189   SYSJMBI0_H
00000188   SYSJMBI0_L
0000018a   SYSJMBI1
0000018b   SYSJMBI1_H
0000018a   SYSJMBI1_L
0000018c   SYSJMBO0
0000018d   SYSJMBO0_H
0000018c   SYSJMBO0_L
0000018e   SYSJMBO1
0000018f   SYSJMBO1_H
0000018e   SYSJMBO1_L
0000019e   SYSRSTIV
0000019f   SYSRSTIV_H
0000019e   SYSRSTIV_L
0000019c   SYSSNIV
0000019d   SYSSNIV_H
0000019c   SYSSNIV_L
0000019a   SYSUNIV
0000019b   SYSUNIV_H
0000019a   SYSUNIV_L
0000c086   SetVCore
0000bbea   Strobe
00000352   TA0CCR0
00000354   TA0CCR1
00000356   TA0CCR2
00000358   TA0CCR3
0000035a   TA0CCR4
00000342   TA0CCTL0
00000344   TA0CCTL1
00000346   TA0CCTL2
00000348   TA0CCTL3
0000034a   TA0CCTL4
00000340   TA0CTL
00000360   TA0EX0
0000036e   TA0IV
00000350   TA0R
00000392   TA1CCR0
00000394   TA1CCR1
00000396   TA1CCR2
00000382   TA1CCTL0
00000384   TA1CCTL1
00000386   TA1CCTL2
00000380   TA1CTL
000003a0   TA1EX0
000003ae   TA1IV
00000390   TA1R
00008000   TIMER0_A0_ISR
0000c30e   TIMER0_A1_5_ISR
0000d6ac   Timer0_A3_Start
0000ca1c   Timer0_A4_Delay
000005d0   UCA0ABCTL
000005c6   UCA0BRW
000005c7   UCA0BRW_H
000005c6   UCA0BRW_L
000005c0   UCA0CTLW0
000005c1   UCA0CTLW0_H
000005c0   UCA0CTLW0_L
000005dc   UCA0ICTL
000005dd   UCA0ICTL_H
000005dc   UCA0ICTL_L
000005d2   UCA0IRCTL
000005d3   UCA0IRCTL_H
000005d2   UCA0IRCTL_L
000005de   UCA0IV
000005c8   UCA0MCTL
000005cc   UCA0RXBUF
000005ca   UCA0STAT
000005ce   UCA0TXBUF
000005e6   UCB0BRW
000005e7   UCB0BRW_H
000005e6   UCB0BRW_L
000005e0   UCB0CTLW0
000005e1   UCB0CTLW0_H
000005e0   UCB0CTLW0_L
000005f0   UCB0I2COA
000005f1   UCB0I2COA_H
000005f0   UCB0I2COA_L
000005f2   UCB0I2CSA
000005f3   UCB0I2CSA_H
000005f2   UCB0I2CSA_L
000005fc   UCB0ICTL
000005fd   UCB0ICTL_H
000005fc   UCB0ICTL_L
000005fe   UCB0IV
000005ec   UCB0RXBUF
000005ea   UCB0STAT
000005ee   UCB0TXBUF
00000160   UCSCTL0
00000161   UCSCTL0_H
00000160   UCSCTL0_L
00000162   UCSCTL1
00000163   UCSCTL1_H
00000162   UCSCTL1_L
00000164   UCSCTL2
00000165   UCSCTL2_H
00000164   UCSCTL2_L
00000166   UCSCTL3
00000167   UCSCTL3_H
00000166   UCSCTL3_L
00000168   UCSCTL4
00000169   UCSCTL4_H
00000168   UCSCTL4_L
0000016a   UCSCTL5
0000016b   UCSCTL5_H
0000016a   UCSCTL5_L
0000016c   UCSCTL6
0000016d   UCSCTL6_H
0000016c   UCSCTL6_L
0000016e   UCSCTL7
0000016f   UCSCTL7_H
0000016e   UCSCTL7_L
00000170   UCSCTL8
00000171   UCSCTL8_H
00000170   UCSCTL8_L
0000015c   WDTCTL
0000015d   WDTCTL_H
0000015c   WDTCTL_L
0000d44a   WriteSingleReg
00002bfc   __STACK_END
00000050   __STACK_SIZE
0000dbf6   __TI_ISR_TRAP
00000001   __TI_args_main
00000001   __TI_auto_init
00001e9a   __TI_cleanup_ptr
00001e9e   __TI_dtors_ptr
00000001   __TI_exit
0000ffda   __TI_int45
0000ffdc   __TI_int46
0000ffde   __TI_int47
0000ffe0   __TI_int48
0000ffe2   __TI_int49
0000ffe4   __TI_int50
0000ffe6   __TI_int51
0000ffe8   __TI_int52
0000ffea   __TI_int53
0000ffec   __TI_int54
0000ffee   __TI_int55
0000fff0   __TI_int56
0000fff2   __TI_int57
0000fff4   __TI_int58
0000fff6   __TI_int59
0000fff8   __TI_int60
0000fffa   __TI_int61
0000fffc   __TI_int62
ffffffff   __binit__
00001c00   __bss__
ffffffff   __c_args__
0000e0b4   __cinit__
00001c00   __data__
0000d600   __divi
0000d194   __divli
0000da98   __divu
0000cbe2   __divul
00001c00   __edata__
00001ec5   __end__
0000dc18   __etext__
0000a136   __fs_add
0000cf18   __fs_cmp
0000be58   __fs_div
0000d3ae   __fs_itof
0000ba7e   __fs_mpy
0000a130   __fs_sub
0000d0c8   __fs_tou
0000cecc   __fs_toul
0000d512   __fs_ultof
0000d85c   __fs_utof
0000daae   __mpyi_f5hw
0000d8e6   __mpyl_f5hw
ffffffff   __pinit__
0000d600   __remi
0000d194   __remli
0000da98   __remu
0000cbe2   __remul
00008000   __text__
0000cfac   _auto_init
0000d6d6   _c_int00
0000d6d6   _c_int00_noexit
00001e92   _lock
0000dc12   _nop
0000fffe   _reset_vector
00002bac   _stack
0000dbfc   _system_pre_init
00001e96   _unlock
0000dc00   abort
00001ec4   adc12_data_ready
00001ec2   adc12_result
0000c6a4   adc12_single_conversion
00001e77   as_ok
0000c8fc   as_read_register
0000d28e   as_start
0000d47c   as_stop
0000c95c   as_write_register
0000c5cc   battery_measurement
ffffffff   binit
0000cddc   bmp_as_get_data
0000c772   bmp_as_start
00001dec   bmp_cal_param
0000e076   bmp_mgrav_per_bit
00001e02   bmp_param_b5
00009260   bmp_ps_get_pa
0000afbc   bmp_ps_init
00001e0a   bmp_used
00001d1c   burst_end
00001d18   burst_mode
00001d1e   burst_packet
00001d30   burst_packet_index
00001d1a   burst_start
00001e64   button
0000ce2c   button_repeat_function
00001e14   chronos_black
0000e0b4   cinit
0000d9e0   clear_display_all
0000cb32   clear_line
0000b8f0   clock_tick
0000d9fc   close_radio
0000d5d4   cma_as_get_data
0000cd38   cma_as_start
0000e084   cma_mgrav_per_bit
0000c63a   cma_ps_get_pa
0000ce7c   cma_ps_get_temp
0000c7d6   cma_ps_init
0000829e   conv_pa_to_meter
00001c8c   display
000093f2   display_acceleration
0000b41a   display_alarm
0000ade2   display_altitude
0000da4e   display_am_pm_symbol
0000ca7a   display_battery_V
0000c4e8   display_char
0000b5c0   display_chars
0000b344   display_date
0000cc92   display_hours
0000dac4   display_ppt
0000dad8   display_rf
0000d7c6   display_rfbsl
0000da82   display_selection_Timeformat1
0000a38c   display_stopwatch
0000d96a   display_symbol
0000daec   display_sync
0000aed2   display_temperature
00008f12   display_time
0000abfe   display_update
0000d8a2   display_value
0000a260   do_altitude_measurement
0000dc14   dummy
00001c00   edata
00001ec5   end
0000dc18   etext
00001ea2   fptr_Timer0_A3_function
00001e0c   fptr_lcd_function_line1
00001e16   fptr_lcd_function_line2
0000c194   get_numberOfDays
0000e01a   h0
00009848   init_application
0000a4a8   init_global_variables
0000d7ec   init_pressure_table
0000b68e   int_to_array
0000dc18   int_to_array_conversion_table
00001ce2   int_to_array_str
0000db9a   is_rf
0000db00   is_stopwatch
0000dfc4   lcd_font
0000c10e   main
0000d8c4   memcmp
0000db14   memcpy
0000d988   memmove
0000db26   memset
0000de92   menu_L1_Acceleration
0000de5c   menu_L1_Alarm
0000de80   menu_L1_Altitude
0000de6e   menu_L1_Temperature
0000de4a   menu_L1_Time
0000dec8   menu_L2_Acc
0000deb6   menu_L2_Battery
0000dea4   menu_L2_Date
0000deda   menu_L2_Ppt
0000defe   menu_L2_RFBSL
0000de38   menu_L2_Stopwatch
0000deec   menu_L2_Sync
00001e12   message
0000de37   method
0000e0a4   mrfiBroadcastAddr
0000df84   mrfiRadioCfg
0000c474   mrfiRadioInterfaceCmdStrobe
0000d10e   mrfiRadioInterfaceReadReg
0000d4ae   mrfiRadioInterfaceReadRxFifo
0000d378   mrfiRadioInterfaceWriteReg
0000acf0   mx_alarm
0000a7f2   mx_altitude
000090cc   mx_date
0000d728   mx_stopwatch
0000a9fc   mx_temperature
00008b58   mx_time
0000d5a6   nwk_QadjustOrder
0000b268   nwk_QfindOldest
0000c388   nwk_QfindSlot
0000b4ee   nwk_allocateLocalRxPort
0000bffc   nwk_buildFrame
0000d812   nwk_checkConnInfo
0000d750   nwk_getConnInfo
0000c216   nwk_getNextConnection
0000d306   nwk_isValidReply
0000a5c4   nwk_join
00009c3e   nwk_link
00009576   nwk_nwkInit
0000dc04   nwk_processFreq
0000d9a6   nwk_processJoin
0000b75a   nwk_processLink
0000d082   nwk_processMgmt
0000c70c   nwk_processPing
0000dc08   nwk_processSecurity
0000da18   nwk_putNumObjectIntoMsg
0000c3fe   nwk_radioControl
0000bc8a   nwk_retrieveFrame
0000c292   nwk_sendAckReply
0000d576   nwk_sendFrame
0000db38   open_radio
00001d32   p
0000e03c   p0
ffffffff   pinit
0000dc0c   ps_i2c_delay
0000cd8a   ps_i2c_read
0000bee6   ps_i2c_sda
0000d152   ps_i2c_write
0000d838   ps_init
00001d76   ps_ok
0000c55a   ps_read_register
0000cb8a   ps_write_register
00001ebc   ptrMenu_L1
00001eba   ptrMenu_L2
0000d340   radio_ISR
0000db6a   radio_powerdown
0000d4e0   radio_reset
0000b9b8   read_calibration_values
00001e08   request
00001e81   rfBSL_button_confirmation
00001e15   rf_frequoffset
00001e5a   sAccel
00001eb6   sAlarm
00001e2a   sAlt
00001e82   sBatt
00001dd2   sBlueRobin
00001e66   sButton
00001e8a   sBuzzer
00001eaa   sDate
00001dd1   sInit_done
00001cea   sRFsmpl
00001e38   sStopwatch
00001eb0   sTemp
00001e1a   sTime
00001ea6   sTimer
0000dff0   segments_bitmask
00001c8e   segments_lcdmem
0000e09c   selection_Timeformat
00008532   set_value
00001cf2   simpliciti_data
00001d12   simpliciti_ed_address
00001cf0   simpliciti_flag
0000bd26   simpliciti_get_ed_data_callback
0000b826   simpliciti_link
0000b186   simpliciti_main_sync
00001d16   simpliciti_payload_length
00001d17   simpliciti_reply_count
00009af4   simpliciti_sync_decode_ap_cmd_callback
0000b0a2   simpliciti_sync_get_data_callback
0000c9bc   start_altitude_measurement
0000cff4   start_buzzer
0000a6e0   start_simpliciti_tx_only
0000d62c   stop_altitude_measurement
0000d778   stop_buzzer
0000da68   stop_stopwatch
0000aafe   stopwatch_tick
0000d908   sx_acceleration
0000d544   sx_alarm
0000dc16   sx_altitude
0000db7a   sx_date
0000d92a   sx_ppt
0000d94a   sx_rf
0000cf62   sx_rfbsl
0000d3e4   sx_stopwatch
0000bb34   sx_sync
0000db8a   sx_time
00001e06   sys
0000bdc2   temperature_measurement
0000cad6   toggle_buzzer
0000dba6   update_acceleration
0000dbb2   update_alarm
0000dbbe   update_battery_voltage
0000dbe2   update_date
00008d3c   update_pressure_table
0000dbca   update_stopwatch
0000d2ca   update_stopwatch_timer
0000dbd6   update_temperature
0000dbec   update_time
00009ffc   wakeup_event
0000cc3a   write_lcd_mem


GLOBAL SYMBOLS: SORTED BY Symbol Address 

address    name
--------   ----
00000001   __TI_args_main
00000001   __TI_auto_init
00000001   __TI_exit
00000050   __STACK_SIZE
00000100   SFRIE1
00000100   SFRIE1_L
00000101   SFRIE1_H
00000102   SFRIFG1
00000102   SFRIFG1_L
00000103   SFRIFG1_H
00000104   SFRRPCR
00000104   SFRRPCR_L
00000105   SFRRPCR_H
00000120   PMMCTL0
00000120   PMMCTL0_L
00000121   PMMCTL0_H
00000122   PMMCTL1
00000122   PMMCTL1_L
00000123   PMMCTL1_H
00000124   SVSMHCTL
00000124   SVSMHCTL_L
00000125   SVSMHCTL_H
00000126   SVSMLCTL
00000126   SVSMLCTL_L
00000127   SVSMLCTL_H
00000128   SVSMIO
00000128   SVSMIO_L
00000129   SVSMIO_H
0000012c   PMMIFG
0000012c   PMMIFG_L
0000012d   PMMIFG_H
0000012e   PMMRIE
0000012e   PMMRIE_L
0000012f   PMMRIE_H
00000140   FCTL1
00000140   FCTL1_L
00000141   FCTL1_H
00000144   FCTL3
00000144   FCTL3_L
00000145   FCTL3_H
00000146   FCTL4
00000146   FCTL4_L
00000147   FCTL4_H
00000150   CRCDI
00000150   CRCDI_L
00000151   CRCDI_H
00000152   CRCDIRB
00000152   CRCDIRB_L
00000153   CRCDIRB_H
00000154   CRCINIRES
00000154   CRCINIRES_L
00000155   CRCINIRES_H
00000156   CRCRESR
00000156   CRCRESR_L
00000157   CRCRESR_H
00000158   RCCTL0
00000158   RCCTL0_L
00000159   RCCTL0_H
0000015c   WDTCTL
0000015c   WDTCTL_L
0000015d   WDTCTL_H
00000160   UCSCTL0
00000160   UCSCTL0_L
00000161   UCSCTL0_H
00000162   UCSCTL1
00000162   UCSCTL1_L
00000163   UCSCTL1_H
00000164   UCSCTL2
00000164   UCSCTL2_L
00000165   UCSCTL2_H
00000166   UCSCTL3
00000166   UCSCTL3_L
00000167   UCSCTL3_H
00000168   UCSCTL4
00000168   UCSCTL4_L
00000169   UCSCTL4_H
0000016a   UCSCTL5
0000016a   UCSCTL5_L
0000016b   UCSCTL5_H
0000016c   UCSCTL6
0000016c   UCSCTL6_L
0000016d   UCSCTL6_H
0000016e   UCSCTL7
0000016e   UCSCTL7_L
0000016f   UCSCTL7_H
00000170   UCSCTL8
00000170   UCSCTL8_L
00000171   UCSCTL8_H
00000180   SYSCTL
00000180   SYSCTL_L
00000181   SYSCTL_H
00000182   SYSBSLC
00000182   SYSBSLC_L
00000183   SYSBSLC_H
00000186   SYSJMBC
00000186   SYSJMBC_L
00000187   SYSJMBC_H
00000188   SYSJMBI0
00000188   SYSJMBI0_L
00000189   SYSJMBI0_H
0000018a   SYSJMBI1
0000018a   SYSJMBI1_L
0000018b   SYSJMBI1_H
0000018c   SYSJMBO0
0000018c   SYSJMBO0_L
0000018d   SYSJMBO0_H
0000018e   SYSJMBO1
0000018e   SYSJMBO1_L
0000018f   SYSJMBO1_H
00000198   SYSBERRIV
00000198   SYSBERRIV_L
00000199   SYSBERRIV_H
0000019a   SYSUNIV
0000019a   SYSUNIV_L
0000019b   SYSUNIV_H
0000019c   SYSSNIV
0000019c   SYSSNIV_L
0000019d   SYSSNIV_H
0000019e   SYSRSTIV
0000019e   SYSRSTIV_L
0000019f   SYSRSTIV_H
000001b0   REFCTL0
000001b0   REFCTL0_L
000001b1   REFCTL0_H
000001c0   PMAPKEYID
000001c0   PMAPKEYID_L
000001c1   PMAPKEYID_H
000001c2   PMAPCTL
000001c2   PMAPCTL_L
000001c3   PMAPCTL_H
000001c8   P1MAP01
000001c8   P1MAP01_L
000001c9   P1MAP01_H
000001ca   P1MAP23
000001ca   P1MAP23_L
000001cb   P1MAP23_H
000001cc   P1MAP45
000001cc   P1MAP45_L
000001cd   P1MAP45_H
000001ce   P1MAP67
000001ce   P1MAP67_L
000001cf   P1MAP67_H
000001d0   P2MAP01
000001d0   P2MAP01_L
000001d1   P2MAP01_H
000001d2   P2MAP23
000001d2   P2MAP23_L
000001d3   P2MAP23_H
000001d4   P2MAP45
000001d4   P2MAP45_L
000001d5   P2MAP45_H
000001d6   P2MAP67
000001d6   P2MAP67_L
000001d7   P2MAP67_H
000001d8   P3MAP01
000001d8   P3MAP01_L
000001d9   P3MAP01_H
000001da   P3MAP23
000001da   P3MAP23_L
000001db   P3MAP23_H
000001dc   P3MAP45
000001dc   P3MAP45_L
000001dd   P3MAP45_H
000001de   P3MAP67
000001de   P3MAP67_L
000001df   P3MAP67_H
00000200   PAIN
00000200   PAIN_L
00000201   PAIN_H
00000202   PAOUT
00000202   PAOUT_L
00000203   PAOUT_H
00000204   PADIR
00000204   PADIR_L
00000205   PADIR_H
00000206   PAREN
00000206   PAREN_L
00000207   PAREN_H
00000208   PADS
00000208   PADS_L
00000209   PADS_H
0000020a   PASEL
0000020a   PASEL_L
0000020b   PASEL_H
0000020e   P1IV
00000218   PAIES
00000218   PAIES_L
00000219   PAIES_H
0000021a   PAIE
0000021a   PAIE_L
0000021b   PAIE_H
0000021c   PAIFG
0000021c   PAIFG_L
0000021d   PAIFG_H
0000021e   P2IV
00000220   PBIN
00000220   PBIN_L
00000221   PBIN_H
00000222   PBOUT
00000222   PBOUT_L
00000223   PBOUT_H
00000224   PBDIR
00000224   PBDIR_L
00000225   PBDIR_H
00000226   PBREN
00000226   PBREN_L
00000227   PBREN_H
00000228   PBDS
00000228   PBDS_L
00000229   PBDS_H
0000022a   PBSEL
0000022a   PBSEL_L
0000022b   PBSEL_H
00000240   PCIN
00000240   PCIN_L
00000241   PCIN_H
00000242   PCOUT
00000242   PCOUT_L
00000243   PCOUT_H
00000244   PCDIR
00000244   PCDIR_L
00000245   PCDIR_H
00000246   PCREN
00000246   PCREN_L
00000247   PCREN_H
00000248   PCDS
00000248   PCDS_L
00000249   PCDS_H
0000024a   PCSEL
0000024a   PCSEL_L
0000024b   PCSEL_H
00000320   PJIN
00000320   PJIN_L
00000321   PJIN_H
00000322   PJOUT
00000322   PJOUT_L
00000323   PJOUT_H
00000324   PJDIR
00000324   PJDIR_L
00000325   PJDIR_H
00000326   PJREN
00000326   PJREN_L
00000327   PJREN_H
00000328   PJDS
00000328   PJDS_L
00000329   PJDS_H
00000340   TA0CTL
00000342   TA0CCTL0
00000344   TA0CCTL1
00000346   TA0CCTL2
00000348   TA0CCTL3
0000034a   TA0CCTL4
00000350   TA0R
00000352   TA0CCR0
00000354   TA0CCR1
00000356   TA0CCR2
00000358   TA0CCR3
0000035a   TA0CCR4
00000360   TA0EX0
0000036e   TA0IV
00000380   TA1CTL
00000382   TA1CCTL0
00000384   TA1CCTL1
00000386   TA1CCTL2
00000390   TA1R
00000392   TA1CCR0
00000394   TA1CCR1
00000396   TA1CCR2
000003a0   TA1EX0
000003ae   TA1IV
000004a0   RTCCTL01
000004a0   RTCCTL01_L
000004a1   RTCCTL01_H
000004a2   RTCCTL23
000004a2   RTCCTL23_L
000004a3   RTCCTL23_H
000004a8   RTCPS0CTL
000004a8   RTCPS0CTL_L
000004a9   RTCPS0CTL_H
000004aa   RTCPS1CTL
000004aa   RTCPS1CTL_L
000004ab   RTCPS1CTL_H
000004ac   RTCPS
000004ac   RTCPS_L
000004ad   RTCPS_H
000004ae   RTCIV
000004b0   RTCTIM0
000004b0   RTCTIM0_L
000004b1   RTCTIM0_H
000004b2   RTCTIM1
000004b2   RTCTIM1_L
000004b3   RTCTIM1_H
000004b4   RTCDATE
000004b4   RTCDATE_L
000004b5   RTCDATE_H
000004b6   RTCYEAR
000004b6   RTCYEAR_L
000004b7   RTCYEAR_H
000004b8   RTCAMINHR
000004b8   RTCAMINHR_L
000004b9   RTCAMINHR_H
000004ba   RTCADOWDAY
000004ba   RTCADOWDAY_L
000004bb   RTCADOWDAY_H
000004c0   MPY
000004c0   MPY_L
000004c1   MPY_H
000004c2   MPYS
000004c2   MPYS_L
000004c3   MPYS_H
000004c4   MAC
000004c4   MAC_L
000004c5   MAC_H
000004c6   MACS
000004c6   MACS_L
000004c7   MACS_H
000004c8   OP2
000004c8   OP2_L
000004c9   OP2_H
000004ca   RESLO
000004ca   RESLO_L
000004cb   RESLO_H
000004cc   RESHI
000004cc   RESHI_L
000004cd   RESHI_H
000004ce   SUMEXT
000004ce   SUMEXT_L
000004cf   SUMEXT_H
000004d0   MPY32L
000004d0   MPY32L_L
000004d1   MPY32L_H
000004d2   MPY32H
000004d2   MPY32H_L
000004d3   MPY32H_H
000004d4   MPYS32L
000004d4   MPYS32L_L
000004d5   MPYS32L_H
000004d6   MPYS32H
000004d6   MPYS32H_L
000004d7   MPYS32H_H
000004d8   MAC32L
000004d8   MAC32L_L
000004d9   MAC32L_H
000004da   MAC32H
000004da   MAC32H_L
000004db   MAC32H_H
000004dc   MACS32L
000004dc   MACS32L_L
000004dd   MACS32L_H
000004de   MACS32H
000004de   MACS32H_L
000004df   MACS32H_H
000004e0   OP2L
000004e0   OP2L_L
000004e1   OP2L_H
000004e2   OP2H
000004e2   OP2H_L
000004e3   OP2H_H
000004e4   RES0
000004e4   RES0_L
000004e5   RES0_H
000004e6   RES1
000004e6   RES1_L
000004e7   RES1_H
000004e8   RES2
000004e8   RES2_L
000004e9   RES2_H
000004ea   RES3
000004ea   RES3_L
000004eb   RES3_H
000004ec   MPY32CTL0
000004ec   MPY32CTL0_L
000004ed   MPY32CTL0_H
00000500   DMACTL0
00000500   DMACTL0_L
00000501   DMACTL0_H
00000502   DMACTL1
00000502   DMACTL1_L
00000503   DMACTL1_H
00000504   DMACTL2
00000504   DMACTL2_L
00000505   DMACTL2_H
00000506   DMACTL3
00000506   DMACTL3_L
00000507   DMACTL3_H
00000508   DMACTL4
00000508   DMACTL4_L
00000509   DMACTL4_H
0000050e   DMAIV
0000050e   DMAIV_L
0000050f   DMAIV_H
00000510   DMA0CTL
00000510   DMA0CTL_L
00000511   DMA0CTL_H
00000512   DMA0SA
00000512   DMA0SAL
00000516   DMA0DA
00000516   DMA0DAL
0000051a   DMA0SZ
00000520   DMA1CTL
00000520   DMA1CTL_L
00000521   DMA1CTL_H
00000522   DMA1SA
00000522   DMA1SAL
00000526   DMA1DA
00000526   DMA1DAL
0000052a   DMA1SZ
00000530   DMA2CTL
00000530   DMA2CTL_L
00000531   DMA2CTL_H
00000532   DMA2SA
00000532   DMA2SAL
00000536   DMA2DA
00000536   DMA2DAL
0000053a   DMA2SZ
000005c0   UCA0CTLW0
000005c0   UCA0CTLW0_L
000005c1   UCA0CTLW0_H
000005c6   UCA0BRW
000005c6   UCA0BRW_L
000005c7   UCA0BRW_H
000005c8   UCA0MCTL
000005ca   UCA0STAT
000005cc   UCA0RXBUF
000005ce   UCA0TXBUF
000005d0   UCA0ABCTL
000005d2   UCA0IRCTL
000005d2   UCA0IRCTL_L
000005d3   UCA0IRCTL_H
000005dc   UCA0ICTL
000005dc   UCA0ICTL_L
000005dd   UCA0ICTL_H
000005de   UCA0IV
000005e0   UCB0CTLW0
000005e0   UCB0CTLW0_L
000005e1   UCB0CTLW0_H
000005e6   UCB0BRW
000005e6   UCB0BRW_L
000005e7   UCB0BRW_H
000005ea   UCB0STAT
000005ec   UCB0RXBUF
000005ee   UCB0TXBUF
000005f0   UCB0I2COA
000005f0   UCB0I2COA_L
000005f1   UCB0I2COA_H
000005f2   UCB0I2CSA
000005f2   UCB0I2CSA_L
000005f3   UCB0I2CSA_H
000005fc   UCB0ICTL
000005fc   UCB0ICTL_L
000005fd   UCB0ICTL_H
000005fe   UCB0IV
00000700   ADC12CTL0
00000700   ADC12CTL0_L
00000701   ADC12CTL0_H
00000702   ADC12CTL1
00000702   ADC12CTL1_L
00000703   ADC12CTL1_H
00000704   ADC12CTL2
00000704   ADC12CTL2_L
00000705   ADC12CTL2_H
0000070a   ADC12IFG
0000070a   ADC12IFG_L
0000070b   ADC12IFG_H
0000070c   ADC12IE
0000070c   ADC12IE_L
0000070d   ADC12IE_H
0000070e   ADC12IV
0000070e   ADC12IV_L
0000070f   ADC12IV_H
00000710   ADC12MCTL0
00000711   ADC12MCTL1
00000712   ADC12MCTL2
00000713   ADC12MCTL3
00000714   ADC12MCTL4
00000715   ADC12MCTL5
00000716   ADC12MCTL6
00000717   ADC12MCTL7
00000718   ADC12MCTL8
00000719   ADC12MCTL9
0000071a   ADC12MCTL10
0000071b   ADC12MCTL11
0000071c   ADC12MCTL12
0000071d   ADC12MCTL13
0000071e   ADC12MCTL14
0000071f   ADC12MCTL15
00000720   ADC12MEM0
00000720   ADC12MEM0_L
00000721   ADC12MEM0_H
00000722   ADC12MEM1
00000722   ADC12MEM1_L
00000723   ADC12MEM1_H
00000724   ADC12MEM2
00000724   ADC12MEM2_L
00000725   ADC12MEM2_H
00000726   ADC12MEM3
00000726   ADC12MEM3_L
00000727   ADC12MEM3_H
00000728   ADC12MEM4
00000728   ADC12MEM4_L
00000729   ADC12MEM4_H
0000072a   ADC12MEM5
0000072a   ADC12MEM5_L
0000072b   ADC12MEM5_H
0000072c   ADC12MEM6
0000072c   ADC12MEM6_L
0000072d   ADC12MEM6_H
0000072e   ADC12MEM7
0000072e   ADC12MEM7_L
0000072f   ADC12MEM7_H
00000730   ADC12MEM8
00000730   ADC12MEM8_L
00000731   ADC12MEM8_H
00000732   ADC12MEM9
00000732   ADC12MEM9_L
00000733   ADC12MEM9_H
00000734   ADC12MEM10
00000734   ADC12MEM10_L
00000735   ADC12MEM10_H
00000736   ADC12MEM11
00000736   ADC12MEM11_L
00000737   ADC12MEM11_H
00000738   ADC12MEM12
00000738   ADC12MEM12_L
00000739   ADC12MEM12_H
0000073a   ADC12MEM13
0000073a   ADC12MEM13_L
0000073b   ADC12MEM13_H
0000073c   ADC12MEM14
0000073c   ADC12MEM14_L
0000073d   ADC12MEM14_H
0000073e   ADC12MEM15
0000073e   ADC12MEM15_L
0000073f   ADC12MEM15_H
000008c0   CBCTL0
000008c0   CBCTL0_L
000008c1   CBCTL0_H
000008c2   CBCTL1
000008c2   CBCTL1_L
000008c3   CBCTL1_H
000008c4   CBCTL2
000008c4   CBCTL2_L
000008c5   CBCTL2_H
000008c6   CBCTL3
000008c6   CBCTL3_L
000008c7   CBCTL3_H
000008cc   CBINT
000008cc   CBINT_L
000008cd   CBINT_H
000008ce   CBIV
000009c0   AESACTL0
000009c0   AESACTL0_L
000009c1   AESACTL0_H
000009c4   AESASTAT
000009c4   AESASTAT_L
000009c5   AESASTAT_H
000009c6   AESAKEY
000009c6   AESAKEY_L
000009c7   AESAKEY_H
000009c8   AESADIN
000009c8   AESADIN_L
000009c9   AESADIN_H
000009ca   AESADOUT
000009ca   AESADOUT_L
000009cb   AESADOUT_H
00000a00   LCDBCTL0
00000a00   LCDBCTL0_L
00000a01   LCDBCTL0_H
00000a02   LCDBCTL1
00000a02   LCDBCTL1_L
00000a03   LCDBCTL1_H
00000a04   LCDBBLKCTL
00000a04   LCDBBLKCTL_L
00000a05   LCDBBLKCTL_H
00000a06   LCDBMEMCTL
00000a06   LCDBMEMCTL_L
00000a07   LCDBMEMCTL_H
00000a08   LCDBVCTL
00000a08   LCDBVCTL_L
00000a09   LCDBVCTL_H
00000a0a   LCDBPCTL0
00000a0a   LCDBPCTL0_L
00000a0b   LCDBPCTL0_H
00000a0c   LCDBPCTL1
00000a0c   LCDBPCTL1_L
00000a0d   LCDBPCTL1_H
00000a0e   LCDBPCTL2
00000a0e   LCDBPCTL2_L
00000a0f   LCDBPCTL2_H
00000a10   LCDBPCTL3
00000a10   LCDBPCTL3_L
00000a11   LCDBPCTL3_H
00000a12   LCDBCPCTL
00000a12   LCDBCPCTL_L
00000a13   LCDBCPCTL_H
00000a1e   LCDBIV
00000a20   LCDM1
00000a21   LCDM2
00000a22   LCDM3
00000a23   LCDM4
00000a24   LCDM5
00000a25   LCDM6
00000a26   LCDM7
00000a27   LCDM8
00000a28   LCDM9
00000a29   LCDM10
00000a2a   LCDM11
00000a2b   LCDM12
00000a2c   LCDM13
00000a2d   LCDM14
00000a2e   LCDM15
00000a2f   LCDM16
00000a30   LCDM17
00000a31   LCDM18
00000a32   LCDM19
00000a33   LCDM20
00000a34   LCDM21
00000a35   LCDM22
00000a36   LCDM23
00000a37   LCDM24
00000a40   LCDBM1
00000a41   LCDBM2
00000a42   LCDBM3
00000a43   LCDBM4
00000a44   LCDBM5
00000a45   LCDBM6
00000a46   LCDBM7
00000a47   LCDBM8
00000a48   LCDBM9
00000a49   LCDBM10
00000a4a   LCDBM11
00000a4b   LCDBM12
00000a4c   LCDBM13
00000a4d   LCDBM14
00000a4e   LCDBM15
00000a4f   LCDBM16
00000a50   LCDBM17
00000a51   LCDBM18
00000a52   LCDBM19
00000a53   LCDBM20
00000a54   LCDBM21
00000a55   LCDBM22
00000a56   LCDBM23
00000a57   LCDBM24
00000f00   RF1AIFCTL0
00000f00   RF1AIFCTL0_L
00000f01   RF1AIFCTL0_H
00000f02   RF1AIFCTL1
00000f02   RF1AIFCTL1_L
00000f03   RF1AIFCTL1_H
00000f04   RF1AIFCTL2
00000f04   RF1AIFCTL2_L
00000f05   RF1AIFCTL2_H
00000f06   RF1AIFERR
00000f06   RF1AIFERR_L
00000f07   RF1AIFERR_H
00000f0c   RF1AIFERRV
00000f0c   RF1AIFERRV_L
00000f0d   RF1AIFERRV_H
00000f0e   RF1AIFIV
00000f0e   RF1AIFIV_L
00000f0f   RF1AIFIV_H
00000f10   RF1AINSTRW
00000f10   RF1AINSTRW_L
00000f11   RF1AINSTRW_H
00000f12   RF1AINSTR1W
00000f12   RF1AINSTR1W_L
00000f13   RF1AINSTR1W_H
00000f14   RF1AINSTR2W
00000f14   RF1AINSTR2W_L
00000f15   RF1AINSTR2W_H
00000f16   RF1ADINW
00000f16   RF1ADINW_L
00000f17   RF1ADINW_H
00000f20   RF1ASTAT0W
00000f20   RF1ASTAT0W_L
00000f21   RF1ASTAT0W_H
00000f22   RF1ASTAT1W
00000f22   RF1ASTAT1W_L
00000f23   RF1ASTAT1W_H
00000f24   RF1ASTAT2W
00000f24   RF1ASTAT2W_L
00000f25   RF1ASTAT2W_H
00000f28   RF1ADOUT0W
00000f28   RF1ADOUT0W_L
00000f29   RF1ADOUT0W_H
00000f2a   RF1ADOUT1W
00000f2a   RF1ADOUT1W_L
00000f2b   RF1ADOUT1W_H
00000f2c   RF1ADOUT2W
00000f2c   RF1ADOUT2W_L
00000f2d   RF1ADOUT2W_H
00000f30   RF1AIN
00000f30   RF1AIN_L
00000f31   RF1AIN_H
00000f32   RF1AIFG
00000f32   RF1AIFG_L
00000f33   RF1AIFG_H
00000f34   RF1AIES
00000f34   RF1AIES_L
00000f35   RF1AIES_H
00000f36   RF1AIE
00000f36   RF1AIE_L
00000f37   RF1AIE_H
00000f38   RF1AIV
00000f38   RF1AIV_L
00000f39   RF1AIV_H
00000f3c   RF1ARXFIFO
00000f3c   RF1ARXFIFO_L
00000f3d   RF1ARXFIFO_H
00000f3e   RF1ATXFIFO
00000f3e   RF1ATXFIFO_L
00000f3f   RF1ATXFIFO_H
00001c00   .bss
00001c00   .data
00001c00   __bss__
00001c00   __data__
00001c00   __edata__
00001c00   edata
00001c8c   display
00001c8e   segments_lcdmem
00001ce2   int_to_array_str
00001cea   sRFsmpl
00001cf0   simpliciti_flag
00001cf2   simpliciti_data
00001d12   simpliciti_ed_address
00001d16   simpliciti_payload_length
00001d17   simpliciti_reply_count
00001d18   burst_mode
00001d1a   burst_start
00001d1c   burst_end
00001d1e   burst_packet
00001d30   burst_packet_index
00001d32   p
00001d76   ps_ok
00001dd1   sInit_done
00001dd2   sBlueRobin
00001dec   bmp_cal_param
00001e02   bmp_param_b5
00001e06   sys
00001e08   request
00001e0a   bmp_used
00001e0c   fptr_lcd_function_line1
00001e10   BlOnFlag
00001e12   message
00001e14   chronos_black
00001e15   rf_frequoffset
00001e16   fptr_lcd_function_line2
00001e1a   sTime
00001e28   BlTimeoutCounter
00001e2a   sAlt
00001e38   sStopwatch
00001e5a   sAccel
00001e64   button
00001e66   sButton
00001e77   as_ok
00001e81   rfBSL_button_confirmation
00001e82   sBatt
00001e8a   sBuzzer
00001e92   _lock
00001e96   _unlock
00001e9a   __TI_cleanup_ptr
00001e9e   __TI_dtors_ptr
00001ea2   fptr_Timer0_A3_function
00001ea6   sTimer
00001eaa   sDate
00001eb0   sTemp
00001eb6   sAlarm
00001eba   ptrMenu_L2
00001ebc   ptrMenu_L1
00001ec2   adc12_result
00001ec4   adc12_data_ready
00001ec5   __end__
00001ec5   end
00002bac   _stack
00002bfc   __STACK_END
00008000   .text
00008000   TIMER0_A0_ISR
00008000   __text__
0000829e   conv_pa_to_meter
00008532   set_value
00008768   PORT2_ISR
00008964   MRFI_Init
00008b58   mx_time
00008d3c   update_pressure_table
00008f12   display_time
000090cc   mx_date
00009260   bmp_ps_get_pa
000093f2   display_acceleration
00009576   nwk_nwkInit
00009848   init_application
000099a8   MRFI_Transmit
00009af4   simpliciti_sync_decode_ap_cmd_callback
00009c3e   nwk_link
00009d86   SMPL_Ioctl
00009ffc   wakeup_event
0000a130   __fs_sub
0000a136   __fs_add
0000a260   do_altitude_measurement
0000a38c   display_stopwatch
0000a4a8   init_global_variables
0000a5c4   nwk_join
0000a6e0   start_simpliciti_tx_only
0000a7f2   mx_altitude
0000a9fc   mx_temperature
0000aafe   stopwatch_tick
0000abfe   display_update
0000acf0   mx_alarm
0000ade2   display_altitude
0000aed2   display_temperature
0000afbc   bmp_ps_init
0000b0a2   simpliciti_sync_get_data_callback
0000b186   simpliciti_main_sync
0000b268   nwk_QfindOldest
0000b344   display_date
0000b41a   display_alarm
0000b4ee   nwk_allocateLocalRxPort
0000b5c0   display_chars
0000b68e   int_to_array
0000b75a   nwk_processLink
0000b826   simpliciti_link
0000b8f0   clock_tick
0000b9b8   read_calibration_values
0000ba7e   __fs_mpy
0000bb34   sx_sync
0000bbea   Strobe
0000bc8a   nwk_retrieveFrame
0000bd26   simpliciti_get_ed_data_callback
0000bdc2   temperature_measurement
0000be58   __fs_div
0000bee6   ps_i2c_sda
0000bf72   SMPL_Init
0000bffc   nwk_buildFrame
0000c086   SetVCore
0000c10e   main
0000c194   get_numberOfDays
0000c216   nwk_getNextConnection
0000c292   nwk_sendAckReply
0000c30e   TIMER0_A1_5_ISR
0000c388   nwk_QfindSlot
0000c3fe   nwk_radioControl
0000c474   mrfiRadioInterfaceCmdStrobe
0000c4e8   display_char
0000c55a   ps_read_register
0000c5cc   battery_measurement
0000c63a   cma_ps_get_pa
0000c6a4   adc12_single_conversion
0000c70c   nwk_processPing
0000c772   bmp_as_start
0000c7d6   cma_ps_init
0000c83a   MRFI_RadioIsr
0000c89c   SMPL_SendOpt
0000c8fc   as_read_register
0000c95c   as_write_register
0000c9bc   start_altitude_measurement
0000ca1c   Timer0_A4_Delay
0000ca7a   display_battery_V
0000cad6   toggle_buzzer
0000cb32   clear_line
0000cb8a   ps_write_register
0000cbe2   __divul
0000cbe2   __remul
0000cc3a   write_lcd_mem
0000cc92   display_hours
0000cce6   MRFI_ReplyDelay
0000cd38   cma_as_start
0000cd8a   ps_i2c_read
0000cddc   bmp_as_get_data
0000ce2c   button_repeat_function
0000ce7c   cma_ps_get_temp
0000cecc   __fs_toul
0000cf18   __fs_cmp
0000cf62   sx_rfbsl
0000cfac   _auto_init
0000cff4   start_buzzer
0000d03c   MRFI_RxIdle
0000d082   nwk_processMgmt
0000d0c8   __fs_tou
0000d10e   mrfiRadioInterfaceReadReg
0000d152   ps_i2c_write
0000d194   __divli
0000d194   __remli
0000d1d4   L_ASR_15
0000d1d8   L_ASR_14
0000d1dc   L_ASR_13
0000d1e0   L_ASR_12
0000d1e4   L_ASR_11
0000d1e8   L_ASR_10
0000d1ec   L_ASR_9
0000d1f0   L_ASR_8
0000d1f4   L_ASR_7
0000d1f8   L_ASR_6
0000d1fc   L_ASR_5
0000d200   L_ASR_4
0000d204   L_ASR_3
0000d208   L_ASR_2
0000d20c   L_ASR_1
0000d212   L_LSL_15
0000d216   L_LSL_14
0000d21a   L_LSL_13
0000d21e   L_LSL_12
0000d222   L_LSL_11
0000d226   L_LSL_10
0000d22a   L_LSL_9
0000d22e   L_LSL_8
0000d232   L_LSL_7
0000d236   L_LSL_6
0000d23a   L_LSL_5
0000d23e   L_LSL_4
0000d242   L_LSL_3
0000d246   L_LSL_2
0000d24a   L_LSL_1
0000d250   L_LSR_15
0000d254   L_LSR_14
0000d258   L_LSR_13
0000d25c   L_LSR_12
0000d260   L_LSR_11
0000d264   L_LSR_10
0000d268   L_LSR_9
0000d26c   L_LSR_8
0000d270   L_LSR_7
0000d274   L_LSR_6
0000d278   L_LSR_5
0000d27c   L_LSR_4
0000d280   L_LSR_3
0000d284   L_LSR_2
0000d288   L_LSR_1
0000d28e   as_start
0000d2ca   update_stopwatch_timer
0000d306   nwk_isValidReply
0000d340   radio_ISR
0000d378   mrfiRadioInterfaceWriteReg
0000d3ae   __fs_itof
0000d3e4   sx_stopwatch
0000d418   MRFI_RxOn
0000d44a   WriteSingleReg
0000d47c   as_stop
0000d4ae   mrfiRadioInterfaceReadRxFifo
0000d4e0   radio_reset
0000d512   __fs_ultof
0000d544   sx_alarm
0000d576   nwk_sendFrame
0000d5a6   nwk_QadjustOrder
0000d5d4   cma_as_get_data
0000d600   __divi
0000d600   __remi
0000d62c   stop_altitude_measurement
0000d658   MRFI_SetRFPwr
0000d6ac   Timer0_A3_Start
0000d6d6   _c_int00
0000d6d6   _c_int00_noexit
0000d728   mx_stopwatch
0000d750   nwk_getConnInfo
0000d778   stop_buzzer
0000d7a0   MRFI_Sleep
0000d7c6   display_rfbsl
0000d7ec   init_pressure_table
0000d812   nwk_checkConnInfo
0000d838   ps_init
0000d85c   __fs_utof
0000d880   BSP_Delay
0000d8a2   display_value
0000d8c4   memcmp
0000d8e6   __mpyl_f5hw
0000d908   sx_acceleration
0000d92a   sx_ppt
0000d94a   sx_rf
0000d96a   display_symbol
0000d988   memmove
0000d9a6   nwk_processJoin
0000d9e0   clear_display_all
0000d9fc   close_radio
0000da18   nwk_putNumObjectIntoMsg
0000da34   ADC12ISR
0000da4e   display_am_pm_symbol
0000da68   stop_stopwatch
0000da82   display_selection_Timeformat1
0000da98   __divu
0000da98   __remu
0000daae   __mpyi_f5hw
0000dac4   display_ppt
0000dad8   display_rf
0000daec   display_sync
0000db00   is_stopwatch
0000db14   memcpy
0000db26   memset
0000db38   open_radio
0000db4a   L_LSL
0000db5a   L_LSR
0000db6a   radio_powerdown
0000db7a   sx_date
0000db8a   sx_time
0000db9a   is_rf
0000dba6   update_acceleration
0000dbb2   update_alarm
0000dbbe   update_battery_voltage
0000dbca   update_stopwatch
0000dbd6   update_temperature
0000dbe2   update_date
0000dbec   update_time
0000dbf6   __TI_ISR_TRAP
0000dbfc   _system_pre_init
0000dc00   C$$EXIT
0000dc00   abort
0000dc04   nwk_processFreq
0000dc08   nwk_processSecurity
0000dc0c   ps_i2c_delay
0000dc10   BlueRobin_RadioISR_v
0000dc12   _nop
0000dc14   dummy
0000dc16   sx_altitude
0000dc18   __etext__
0000dc18   etext
0000dc18   int_to_array_conversion_table
0000de37   method
0000de38   menu_L2_Stopwatch
0000de4a   menu_L1_Time
0000de5c   menu_L1_Alarm
0000de6e   menu_L1_Temperature
0000de80   menu_L1_Altitude
0000de92   menu_L1_Acceleration
0000dea4   menu_L2_Date
0000deb6   menu_L2_Battery
0000dec8   menu_L2_Acc
0000deda   menu_L2_Ppt
0000deec   menu_L2_Sync
0000defe   menu_L2_RFBSL
0000df84   mrfiRadioCfg
0000dfc4   lcd_font
0000dff0   segments_bitmask
0000e01a   h0
0000e03c   p0
0000e076   bmp_mgrav_per_bit
0000e084   cma_mgrav_per_bit
0000e09c   selection_Timeformat
0000e0a4   mrfiBroadcastAddr
0000e0b4   __cinit__
0000e0b4   cinit
0000ffda   __TI_int45
0000ffdc   __TI_int46
0000ffde   __TI_int47
0000ffe0   __TI_int48
0000ffe2   __TI_int49
0000ffe4   __TI_int50
0000ffe6   __TI_int51
0000ffe8   __TI_int52
0000ffea   __TI_int53
0000ffec   __TI_int54
0000ffee   __TI_int55
0000fff0   __TI_int56
0000fff2   __TI_int57
0000fff4   __TI_int58
0000fff6   __TI_int59
0000fff8   __TI_int60
0000fffa   __TI_int61
0000fffc   __TI_int62
0000fffe   _reset_vector
ffffffff   __binit__
ffffffff   __c_args__
ffffffff   __pinit__
ffffffff   binit
ffffffff   pinit

[1062 symbols]
