Archive member included because of file (symbol)

/usr/lib/gcc/msp430/4.6.3/mcpu-430x/mmpy-16/libgcc.a(_udivmod32.o)
                              driver/bmp_ps.o (__udivsi3)
/usr/lib/gcc/msp430/4.6.3/mcpu-430x/mmpy-16/libgcc.a(_divmod32.o)
                              logic/altitude.o (__divsi3)
/usr/lib/gcc/msp430/4.6.3/mcpu-430x/mmpy-16/libgcc.a(_fixunssfsi.o)
                              logic/acceleration.o (__fixunssfsi)
/usr/lib/gcc/msp430/4.6.3/mcpu-430x/mmpy-16/libgcc.a(_addsub_sf.o)
                              logic/acceleration.o (__addsf3)
/usr/lib/gcc/msp430/4.6.3/mcpu-430x/mmpy-16/libgcc.a(_mul_sf.o)
                              logic/acceleration.o (__mulsf3)
/usr/lib/gcc/msp430/4.6.3/mcpu-430x/mmpy-16/libgcc.a(_div_sf.o)
                              driver/ps.o (__divsf3)
/usr/lib/gcc/msp430/4.6.3/mcpu-430x/mmpy-16/libgcc.a(_gt_sf.o)
                              driver/ps.o (__gtsf2)
/usr/lib/gcc/msp430/4.6.3/mcpu-430x/mmpy-16/libgcc.a(_ge_sf.o)
                              /usr/lib/gcc/msp430/4.6.3/mcpu-430x/mmpy-16/libgcc.a(_fixunssfsi.o) (__gesf2)
/usr/lib/gcc/msp430/4.6.3/mcpu-430x/mmpy-16/libgcc.a(_lt_sf.o)
                              driver/ps.o (__ltsf2)
/usr/lib/gcc/msp430/4.6.3/mcpu-430x/mmpy-16/libgcc.a(_si_to_sf.o)
                              driver/ps.o (__floatsisf)
/usr/lib/gcc/msp430/4.6.3/mcpu-430x/mmpy-16/libgcc.a(_sf_to_si.o)
                              /usr/lib/gcc/msp430/4.6.3/mcpu-430x/mmpy-16/libgcc.a(_fixunssfsi.o) (__fixsfsi)
/usr/lib/gcc/msp430/4.6.3/mcpu-430x/mmpy-16/libgcc.a(_thenan_sf.o)
                              /usr/lib/gcc/msp430/4.6.3/mcpu-430x/mmpy-16/libgcc.a(_addsub_sf.o) (__thenan_sf)
/usr/lib/gcc/msp430/4.6.3/mcpu-430x/mmpy-16/libgcc.a(_usi_to_sf.o)
                              logic/acceleration.o (__floatunsisf)
/usr/lib/gcc/msp430/4.6.3/mcpu-430x/mmpy-16/libgcc.a(_clzsi2.o)
                              /usr/lib/gcc/msp430/4.6.3/mcpu-430x/mmpy-16/libgcc.a(_si_to_sf.o) (__clzsi2)
/usr/lib/gcc/msp430/4.6.3/mcpu-430x/mmpy-16/libgcc.a(_pack_sf.o)
                              /usr/lib/gcc/msp430/4.6.3/mcpu-430x/mmpy-16/libgcc.a(_addsub_sf.o) (__pack_f)
/usr/lib/gcc/msp430/4.6.3/mcpu-430x/mmpy-16/libgcc.a(_unpack_sf.o)
                              /usr/lib/gcc/msp430/4.6.3/mcpu-430x/mmpy-16/libgcc.a(_addsub_sf.o) (__unpack_f)
/usr/lib/gcc/msp430/4.6.3/mcpu-430x/mmpy-16/libgcc.a(_fpcmp_parts_sf.o)
                              /usr/lib/gcc/msp430/4.6.3/mcpu-430x/mmpy-16/libgcc.a(_gt_sf.o) (__fpcmp_parts_f)
/usr/lib/gcc/msp430/4.6.3/mcpu-430x/mmpy-16/libgcc.a(_clz.o)
                              /usr/lib/gcc/msp430/4.6.3/mcpu-430x/mmpy-16/libgcc.a(_clzsi2.o) (__clz_tab)
/usr/lib/gcc/msp430/4.6.3/../../../../msp430/lib/mcpu-430x/mmpy-16/libc.a(memcmp.o)
                              simpliciti/Components/nwk/nwk.o (memcmp)
/usr/lib/gcc/msp430/4.6.3/../../../../msp430/lib/mcpu-430x/mmpy-16/libc.a(memcpy.o)
                              logic/stopwatch.o (memcpy)
/usr/lib/gcc/msp430/4.6.3/../../../../msp430/lib/mcpu-430x/mmpy-16/libc.a(memmove.o)
                              simpliciti/Components/nwk/nwk.o (memmove)
/usr/lib/gcc/msp430/4.6.3/../../../../msp430/lib/mcpu-430x/mmpy-16/libc.a(memset.o)
                              simpliciti/Components/mrfi/mrfi.o (memset)
/usr/lib/gcc/msp430/4.6.3/mcpu-430x/mmpy-16/libcrt0.a(_reset_vector__.o)
                              /usr/lib/gcc/msp430/4.6.3/mcpu-430x/mmpy-16/crt0ivtbl64.o (_reset_vector__)
/usr/lib/gcc/msp430/4.6.3/mcpu-430x/mmpy-16/libcrt0.a(__watchdog_support.o)
                              /usr/lib/gcc/msp430/4.6.3/mcpu-430x/mmpy-16/libcrt0.a(_reset_vector__.o) (__watchdog_support)
/usr/lib/gcc/msp430/4.6.3/mcpu-430x/mmpy-16/libcrt0.a(__init_stack.o)
                              /usr/lib/gcc/msp430/4.6.3/mcpu-430x/mmpy-16/libcrt0.a(_reset_vector__.o) (__init_stack)
/usr/lib/gcc/msp430/4.6.3/mcpu-430x/mmpy-16/libcrt0.a(__low_level_init.o)
                              /usr/lib/gcc/msp430/4.6.3/mcpu-430x/mmpy-16/libcrt0.a(_reset_vector__.o) (__low_level_init)
/usr/lib/gcc/msp430/4.6.3/mcpu-430x/mmpy-16/libcrt0.a(_copy_data.o)
                              /usr/lib/gcc/msp430/4.6.3/mcpu-430x/mmpy-16/libcrt0.a(_reset_vector__.o) (__do_copy_data)
/usr/lib/gcc/msp430/4.6.3/mcpu-430x/mmpy-16/libcrt0.a(_clear_bss.o)
                              /usr/lib/gcc/msp430/4.6.3/mcpu-430x/mmpy-16/libcrt0.a(_reset_vector__.o) (__do_clear_bss)
/usr/lib/gcc/msp430/4.6.3/mcpu-430x/mmpy-16/libcrt0.a(__stop_progExec__.o)
                              /usr/lib/gcc/msp430/4.6.3/mcpu-430x/mmpy-16/libcrt0.a(_reset_vector__.o) (__stop_progExec__)
/usr/lib/gcc/msp430/4.6.3/mcpu-430x/mmpy-16/libcrt0.a(_endless_loop__.o)
                              /usr/lib/gcc/msp430/4.6.3/mcpu-430x/mmpy-16/libcrt0.a(_reset_vector__.o) (_endless_loop__)
/usr/lib/gcc/msp430/4.6.3/mcpu-430x/mmpy-16/libcrt0.a(_unexpected_.o)
[...]
Memory Configuration

Name             Origin             Length             Attributes
sfr              0x0000000000000000 0x0000000000000010
peripheral_8bit  0x0000000000000010 0x00000000000000f0
peripheral_16bit 0x0000000000000100 0x0000000000000100
bsl              0x0000000000001000 0x0000000000000800
infomem          0x0000000000001800 0x0000000000000200
infod            0x0000000000001800 0x0000000000000080
infoc            0x0000000000001880 0x0000000000000080
infob            0x0000000000001900 0x0000000000000080
infoa            0x0000000000001980 0x0000000000000080
ram              0x0000000000001c00 0x0000000000000ffe xw
rom              0x0000000000008000 0x0000000000007f80 xr
vectors          0x000000000000ff80 0x0000000000000080
ram2             0x0000000000000000 0x0000000000000000 xw
ram_mirror       0x0000000000000000 0x0000000000000000 xw
usbram           0x0000000000000000 0x0000000000000000 xw
far_rom          0x0000000000000000 0x0000000000000000
*default*        0x0000000000000000 0xffffffffffffffff

Linker script and memory map

LOAD /usr/lib/gcc/msp430/4.6.3/mcpu-430x/mmpy-16/crt0ivtbl64.o
LOAD logic/acceleration.o
LOAD logic/alarm.o
LOAD logic/altitude.o
LOAD logic/battery.o
LOAD logic/clock.o
LOAD logic/date.o
LOAD logic/menu.o
LOAD logic/rfbsl.o
LOAD logic/rfsimpliciti.o
LOAD logic/stopwatch.o
LOAD logic/temperature.o
LOAD logic/user.o
LOAD driver/adc12.o
LOAD driver/as.o
LOAD driver/bmp_as.o
LOAD driver/bmp_ps.o
LOAD driver/buzzer.o
LOAD driver/cma_as.o
LOAD driver/cma_ps.o
LOAD driver/display.o
LOAD driver/pmm.o
LOAD driver/ports.o
LOAD driver/ps.o
LOAD driver/radio.o
LOAD driver/rf1a.o
LOAD driver/timer.o
LOAD simpliciti/Applications/application/End_Device/main_ED_BM.o
LOAD simpliciti/Components/bsp/bsp.o
LOAD simpliciti/Components/mrfi/mrfi.o
LOAD simpliciti/Components/nwk/nwk.o
LOAD simpliciti/Components/nwk/nwk_api.o
LOAD simpliciti/Components/nwk/nwk_frame.o
LOAD simpliciti/Components/nwk/nwk_globals.o
LOAD simpliciti/Components/nwk/nwk_QMgmt.o
LOAD simpliciti/Components/nwk_applications/nwk_freq.o
LOAD simpliciti/Components/nwk_applications/nwk_ioctl.o
LOAD simpliciti/Components/nwk_applications/nwk_join.o
LOAD simpliciti/Components/nwk_applications/nwk_link.o
LOAD simpliciti/Components/nwk_applications/nwk_mgmt.o
LOAD simpliciti/Components/nwk_applications/nwk_ping.o
LOAD simpliciti/Components/nwk_applications/nwk_security.o
LOAD main.o
LOAD even_in_range.o
LOAD /usr/lib/gcc/msp430/4.6.3/mcpu-430x/mmpy-16/libgcc.a
LOAD /usr/lib/gcc/msp430/4.6.3/../../../../msp430/lib/mcpu-430x/mmpy-16/libc.a
LOAD /usr/lib/gcc/msp430/4.6.3/mcpu-430x/mmpy-16/libgcc.a
LOAD /usr/lib/gcc/msp430/4.6.3/mcpu-430x/mmpy-16/libcrt0.a
                0x0000000000000080                PROVIDE (__info_segment_size, 0x80)
                0x0000000000001800                PROVIDE (__infod, 0x1800)
                0x0000000000001880                PROVIDE (__infoc, 0x1880)
                0x0000000000001900                PROVIDE (__infob, 0x1900)
                0x0000000000001980                PROVIDE (__infoa, 0x1980)
                0x0000000000000700                __ADC12CTL0_L = 0x700
                0x0000000000000701                __ADC12CTL0_H = 0x701
                0x0000000000000700                __ADC12CTL0 = 0x700
                0x0000000000000702                __ADC12CTL1_L = 0x702
                0x0000000000000703                __ADC12CTL1_H = 0x703
                0x0000000000000702                __ADC12CTL1 = 0x702
                0x0000000000000704                __ADC12CTL2_L = 0x704
                0x0000000000000705                __ADC12CTL2_H = 0x705
                0x0000000000000704                __ADC12CTL2 = 0x704
                0x000000000000070a                __ADC12IFG_L = 0x70a
                0x000000000000070b                __ADC12IFG_H = 0x70b
                0x000000000000070a                __ADC12IFG = 0x70a
                0x000000000000070c                __ADC12IE_L = 0x70c
                0x000000000000070d                __ADC12IE_H = 0x70d
                0x000000000000070c                __ADC12IE = 0x70c
                0x000000000000070e                __ADC12IV_L = 0x70e
                0x000000000000070f                __ADC12IV_H = 0x70f
                0x000000000000070e                __ADC12IV = 0x70e
                0x0000000000000720                __ADC12MEM0_L = 0x720
                0x0000000000000721                __ADC12MEM0_H = 0x721
                0x0000000000000720                __ADC12MEM0 = 0x720
                0x0000000000000722                __ADC12MEM1_L = 0x722
                0x0000000000000723                __ADC12MEM1_H = 0x723
                0x0000000000000722                __ADC12MEM1 = 0x722
                0x0000000000000724                __ADC12MEM2_L = 0x724
                0x0000000000000725                __ADC12MEM2_H = 0x725
                0x0000000000000724                __ADC12MEM2 = 0x724
                0x0000000000000726                __ADC12MEM3_L = 0x726
                0x0000000000000727                __ADC12MEM3_H = 0x727
                0x0000000000000726                __ADC12MEM3 = 0x726
                0x0000000000000728                __ADC12MEM4_L = 0x728
                0x0000000000000729                __ADC12MEM4_H = 0x729
                0x0000000000000728                __ADC12MEM4 = 0x728
                0x000000000000072a                __ADC12MEM5_L = 0x72a
                0x000000000000072b                __ADC12MEM5_H = 0x72b
                0x000000000000072a                __ADC12MEM5 = 0x72a
                0x000000000000072c                __ADC12MEM6_L = 0x72c
                0x000000000000072d                __ADC12MEM6_H = 0x72d
                0x000000000000072c                __ADC12MEM6 = 0x72c
                0x000000000000072e                __ADC12MEM7_L = 0x72e
                0x000000000000072f                __ADC12MEM7_H = 0x72f
                0x000000000000072e                __ADC12MEM7 = 0x72e
                0x0000000000000730                __ADC12MEM8_L = 0x730
                0x0000000000000731                __ADC12MEM8_H = 0x731
                0x0000000000000730                __ADC12MEM8 = 0x730
                0x0000000000000732                __ADC12MEM9_L = 0x732
                0x0000000000000733                __ADC12MEM9_H = 0x733
                0x0000000000000732                __ADC12MEM9 = 0x732
                0x0000000000000734                __ADC12MEM10_L = 0x734
                0x0000000000000735                __ADC12MEM10_H = 0x735
                0x0000000000000734                __ADC12MEM10 = 0x734
                0x0000000000000736                __ADC12MEM11_L = 0x736
                0x0000000000000737                __ADC12MEM11_H = 0x737
                0x0000000000000736                __ADC12MEM11 = 0x736
                0x0000000000000738                __ADC12MEM12_L = 0x738
                0x0000000000000739                __ADC12MEM12_H = 0x739
                0x0000000000000738                __ADC12MEM12 = 0x738
                0x000000000000073a                __ADC12MEM13_L = 0x73a
                0x000000000000073b                __ADC12MEM13_H = 0x73b
                0x000000000000073a                __ADC12MEM13 = 0x73a
                0x000000000000073c                __ADC12MEM14_L = 0x73c
                0x000000000000073d                __ADC12MEM14_H = 0x73d
                0x000000000000073c                __ADC12MEM14 = 0x73c
                0x000000000000073e                __ADC12MEM15_L = 0x73e
                0x000000000000073f                __ADC12MEM15_H = 0x73f
                0x000000000000073e                __ADC12MEM15 = 0x73e
                0x0000000000000710                __ADC12MCTL0 = 0x710
                0x0000000000000711                __ADC12MCTL1 = 0x711
                0x0000000000000712                __ADC12MCTL2 = 0x712
                0x0000000000000713                __ADC12MCTL3 = 0x713
                0x0000000000000714                __ADC12MCTL4 = 0x714
                0x0000000000000715                __ADC12MCTL5 = 0x715
                0x0000000000000716                __ADC12MCTL6 = 0x716
                0x0000000000000717                __ADC12MCTL7 = 0x717
                0x0000000000000718                __ADC12MCTL8 = 0x718
                0x0000000000000719                __ADC12MCTL9 = 0x719
                0x000000000000071a                __ADC12MCTL10 = 0x71a
                0x000000000000071b                __ADC12MCTL11 = 0x71b
                0x000000000000071c                __ADC12MCTL12 = 0x71c
                0x000000000000071d                __ADC12MCTL13 = 0x71d
                0x000000000000071e                __ADC12MCTL14 = 0x71e
                0x000000000000071f                __ADC12MCTL15 = 0x71f
                0x00000000000009c0                __AESACTL0_L = 0x9c0
                0x00000000000009c1                __AESACTL0_H = 0x9c1
                0x00000000000009c0                __AESACTL0 = 0x9c0
                0x00000000000009c4                __AESASTAT_L = 0x9c4
                0x00000000000009c5                __AESASTAT_H = 0x9c5
                0x00000000000009c4                __AESASTAT = 0x9c4
                0x00000000000009c6                __AESAKEY_L = 0x9c6
                0x00000000000009c7                __AESAKEY_H = 0x9c7
                0x00000000000009c6                __AESAKEY = 0x9c6
                0x00000000000009c8                __AESADIN_L = 0x9c8
                0x00000000000009c9                __AESADIN_H = 0x9c9
                0x00000000000009c8                __AESADIN = 0x9c8
                0x00000000000009ca                __AESADOUT_L = 0x9ca
                0x00000000000009cb                __AESADOUT_H = 0x9cb
                0x00000000000009ca                __AESADOUT = 0x9ca
                0x00000000000008c0                __CBCTL0_L = 0x8c0
                0x00000000000008c1                __CBCTL0_H = 0x8c1
                0x00000000000008c0                __CBCTL0 = 0x8c0
                0x00000000000008c2                __CBCTL1_L = 0x8c2
                0x00000000000008c3                __CBCTL1_H = 0x8c3
                0x00000000000008c2                __CBCTL1 = 0x8c2
                0x00000000000008c4                __CBCTL2_L = 0x8c4
                0x00000000000008c5                __CBCTL2_H = 0x8c5
                0x00000000000008c4                __CBCTL2 = 0x8c4
                0x00000000000008c6                __CBCTL3_L = 0x8c6
                0x00000000000008c7                __CBCTL3_H = 0x8c7
                0x00000000000008c6                __CBCTL3 = 0x8c6
                0x00000000000008cc                __CBINT_L = 0x8cc
                0x00000000000008cd                __CBINT_H = 0x8cd
                0x00000000000008cc                __CBINT = 0x8cc
                0x00000000000008ce                __CBIV = 0x8ce
                0x0000000000000f00                __RF1AIFCTL0_L = 0xf00
                0x0000000000000f01                __RF1AIFCTL0_H = 0xf01
                0x0000000000000f00                __RF1AIFCTL0 = 0xf00
                0x0000000000000f02                __RF1AIFCTL1_L = 0xf02
                0x0000000000000f03                __RF1AIFCTL1_H = 0xf03
                0x0000000000000f02                __RF1AIFCTL1 = 0xf02
                0x0000000000000f04                __RF1AIFCTL2_L = 0xf04
                0x0000000000000f05                __RF1AIFCTL2_H = 0xf05
                0x0000000000000f04                __RF1AIFCTL2 = 0xf04
                0x0000000000000f06                __RF1AIFERR_L = 0xf06
                0x0000000000000f07                __RF1AIFERR_H = 0xf07
                0x0000000000000f06                __RF1AIFERR = 0xf06
                0x0000000000000f0c                __RF1AIFERRV_L = 0xf0c
                0x0000000000000f0d                __RF1AIFERRV_H = 0xf0d
                0x0000000000000f0c                __RF1AIFERRV = 0xf0c
                0x0000000000000f0e                __RF1AIFIV_L = 0xf0e
                0x0000000000000f0f                __RF1AIFIV_H = 0xf0f
                0x0000000000000f0e                __RF1AIFIV = 0xf0e
                0x0000000000000f10                __RF1AINSTRW_L = 0xf10
                0x0000000000000f11                __RF1AINSTRW_H = 0xf11
                0x0000000000000f10                __RF1AINSTRW = 0xf10
                0x0000000000000f12                __RF1AINSTR1W_L = 0xf12
                0x0000000000000f13                __RF1AINSTR1W_H = 0xf13
                0x0000000000000f12                __RF1AINSTR1W = 0xf12
                0x0000000000000f14                __RF1AINSTR2W_L = 0xf14
                0x0000000000000f15                __RF1AINSTR2W_H = 0xf15
                0x0000000000000f14                __RF1AINSTR2W = 0xf14
                0x0000000000000f16                __RF1ADINW_L = 0xf16
                0x0000000000000f17                __RF1ADINW_H = 0xf17
                0x0000000000000f16                __RF1ADINW = 0xf16
                0x0000000000000f20                __RF1ASTAT0W_L = 0xf20
                0x0000000000000f21                __RF1ASTAT0W_H = 0xf21
                0x0000000000000f20                __RF1ASTAT0W = 0xf20
                0x0000000000000f22                __RF1ASTAT1W_L = 0xf22
                0x0000000000000f23                __RF1ASTAT1W_H = 0xf23
                0x0000000000000f22                __RF1ASTAT1W = 0xf22
                0x0000000000000f24                __RF1ASTAT2W_L = 0xf24
                0x0000000000000f25                __RF1ASTAT2W_H = 0xf25
                0x0000000000000f24                __RF1ASTAT2W = 0xf24
                0x0000000000000f28                __RF1ADOUT0W_L = 0xf28
                0x0000000000000f29                __RF1ADOUT0W_H = 0xf29
                0x0000000000000f28                __RF1ADOUT0W = 0xf28
                0x0000000000000f2a                __RF1ADOUT1W_L = 0xf2a
                0x0000000000000f2b                __RF1ADOUT1W_H = 0xf2b
                0x0000000000000f2a                __RF1ADOUT1W = 0xf2a
                0x0000000000000f2c                __RF1ADOUT2W_L = 0xf2c
                0x0000000000000f2d                __RF1ADOUT2W_H = 0xf2d
                0x0000000000000f2c                __RF1ADOUT2W = 0xf2c
                0x0000000000000f30                __RF1AIN_L = 0xf30
                0x0000000000000f31                __RF1AIN_H = 0xf31
                0x0000000000000f30                __RF1AIN = 0xf30
                0x0000000000000f32                __RF1AIFG_L = 0xf32
                0x0000000000000f33                __RF1AIFG_H = 0xf33
                0x0000000000000f32                __RF1AIFG = 0xf32
                0x0000000000000f34                __RF1AIES_L = 0xf34
                0x0000000000000f35                __RF1AIES_H = 0xf35
                0x0000000000000f34                __RF1AIES = 0xf34
                0x0000000000000f36                __RF1AIE_L = 0xf36
                0x0000000000000f37                __RF1AIE_H = 0xf37
                0x0000000000000f36                __RF1AIE = 0xf36
                0x0000000000000f38                __RF1AIV_L = 0xf38
                0x0000000000000f39                __RF1AIV_H = 0xf39
                0x0000000000000f38                __RF1AIV = 0xf38
                0x0000000000000f3c                __RF1ARXFIFO_L = 0xf3c
                0x0000000000000f3d                __RF1ARXFIFO_H = 0xf3d
                0x0000000000000f3c                __RF1ARXFIFO = 0xf3c
                0x0000000000000f3e                __RF1ATXFIFO_L = 0xf3e
                0x0000000000000f3f                __RF1ATXFIFO_H = 0xf3f
                0x0000000000000f3e                __RF1ATXFIFO = 0xf3e
                0x0000000000000150                __CRCDI_L = 0x150
                0x0000000000000151                __CRCDI_H = 0x151
                0x0000000000000150                __CRCDI = 0x150
                0x0000000000000152                __CRCDIRB_L = 0x152
                0x0000000000000153                __CRCDIRB_H = 0x153
                0x0000000000000152                __CRCDIRB = 0x152
                0x0000000000000154                __CRCINIRES_L = 0x154
                0x0000000000000155                __CRCINIRES_H = 0x155
                0x0000000000000154                __CRCINIRES = 0x154
                0x0000000000000156                __CRCRESR_L = 0x156
                0x0000000000000157                __CRCRESR_H = 0x157
                0x0000000000000156                __CRCRESR = 0x156
                0x0000000000000500                __DMACTL0_L = 0x500
                0x0000000000000501                __DMACTL0_H = 0x501
                0x0000000000000500                __DMACTL0 = 0x500
                0x0000000000000502                __DMACTL1_L = 0x502
                0x0000000000000503                __DMACTL1_H = 0x503
                0x0000000000000502                __DMACTL1 = 0x502
                0x0000000000000504                __DMACTL2_L = 0x504
                0x0000000000000505                __DMACTL2_H = 0x505
                0x0000000000000504                __DMACTL2 = 0x504
                0x0000000000000506                __DMACTL3_L = 0x506
                0x0000000000000507                __DMACTL3_H = 0x507
                0x0000000000000506                __DMACTL3 = 0x506
                0x0000000000000508                __DMACTL4_L = 0x508
                0x0000000000000509                __DMACTL4_H = 0x509
                0x0000000000000508                __DMACTL4 = 0x508
                0x000000000000050e                __DMAIV_L = 0x50e
                0x000000000000050f                __DMAIV_H = 0x50f
                0x000000000000050e                __DMAIV = 0x50e
                0x0000000000000510                __DMA0CTL_L = 0x510
                0x0000000000000511                __DMA0CTL_H = 0x511
                0x0000000000000510                __DMA0CTL = 0x510
                0x0000000000000512                __DMA0SA = 0x512
                0x0000000000000516                __DMA0DA = 0x516
                0x000000000000051a                __DMA0SZ = 0x51a
                0x0000000000000520                __DMA1CTL_L = 0x520
                0x0000000000000521                __DMA1CTL_H = 0x521
                0x0000000000000520                __DMA1CTL = 0x520
                0x0000000000000522                __DMA1SA = 0x522
                0x0000000000000526                __DMA1DA = 0x526
                0x000000000000052a                __DMA1SZ = 0x52a
                0x0000000000000530                __DMA2CTL_L = 0x530
                0x0000000000000531                __DMA2CTL_H = 0x531
                0x0000000000000530                __DMA2CTL = 0x530
                0x0000000000000532                __DMA2SA = 0x532
                0x0000000000000536                __DMA2DA = 0x536
                0x000000000000053a                __DMA2SZ = 0x53a
                0x0000000000000140                __FCTL1_L = 0x140
                0x0000000000000141                __FCTL1_H = 0x141
                0x0000000000000140                __FCTL1 = 0x140
                0x0000000000000144                __FCTL3_L = 0x144
                0x0000000000000145                __FCTL3_H = 0x145
                0x0000000000000144                __FCTL3 = 0x144
                0x0000000000000146                __FCTL4_L = 0x146
                0x0000000000000147                __FCTL4_H = 0x147
                0x0000000000000146                __FCTL4 = 0x146
                0x0000000000000a00                __LCDBCTL0_L = 0xa00
                0x0000000000000a01                __LCDBCTL0_H = 0xa01
                0x0000000000000a00                __LCDBCTL0 = 0xa00
                0x0000000000000a02                __LCDBCTL1_L = 0xa02
                0x0000000000000a03                __LCDBCTL1_H = 0xa03
                0x0000000000000a02                __LCDBCTL1 = 0xa02
                0x0000000000000a04                __LCDBBLKCTL_L = 0xa04
                0x0000000000000a05                __LCDBBLKCTL_H = 0xa05
                0x0000000000000a04                __LCDBBLKCTL = 0xa04
                0x0000000000000a06                __LCDBMEMCTL_L = 0xa06
                0x0000000000000a07                __LCDBMEMCTL_H = 0xa07
                0x0000000000000a06                __LCDBMEMCTL = 0xa06
                0x0000000000000a08                __LCDBVCTL_L = 0xa08
                0x0000000000000a09                __LCDBVCTL_H = 0xa09
                0x0000000000000a08                __LCDBVCTL = 0xa08
                0x0000000000000a0a                __LCDBPCTL0_L = 0xa0a
                0x0000000000000a0b                __LCDBPCTL0_H = 0xa0b
                0x0000000000000a0a                __LCDBPCTL0 = 0xa0a
                0x0000000000000a0c                __LCDBPCTL1_L = 0xa0c
                0x0000000000000a0d                __LCDBPCTL1_H = 0xa0d
                0x0000000000000a0c                __LCDBPCTL1 = 0xa0c
                0x0000000000000a0e                __LCDBPCTL2_L = 0xa0e
                0x0000000000000a0f                __LCDBPCTL2_H = 0xa0f
                0x0000000000000a0e                __LCDBPCTL2 = 0xa0e
                0x0000000000000a10                __LCDBPCTL3_L = 0xa10
                0x0000000000000a11                __LCDBPCTL3_H = 0xa11
                0x0000000000000a10                __LCDBPCTL3 = 0xa10
                0x0000000000000a12                __LCDBCPCTL_L = 0xa12
                0x0000000000000a13                __LCDBCPCTL_H = 0xa13
                0x0000000000000a12                __LCDBCPCTL = 0xa12
                0x0000000000000a1e                __LCDBIV = 0xa1e
                0x0000000000000a20                __LCDM1 = 0xa20
                0x0000000000000a21                __LCDM2 = 0xa21
                0x0000000000000a22                __LCDM3 = 0xa22
                0x0000000000000a23                __LCDM4 = 0xa23
                0x0000000000000a24                __LCDM5 = 0xa24
                0x0000000000000a25                __LCDM6 = 0xa25
                0x0000000000000a26                __LCDM7 = 0xa26
                0x0000000000000a27                __LCDM8 = 0xa27
                0x0000000000000a28                __LCDM9 = 0xa28
                0x0000000000000a29                __LCDM10 = 0xa29
                0x0000000000000a2a                __LCDM11 = 0xa2a
                0x0000000000000a2b                __LCDM12 = 0xa2b
                0x0000000000000a2c                __LCDM13 = 0xa2c
                0x0000000000000a2d                __LCDM14 = 0xa2d
                0x0000000000000a2e                __LCDM15 = 0xa2e
                0x0000000000000a2f                __LCDM16 = 0xa2f
                0x0000000000000a30                __LCDM17 = 0xa30
                0x0000000000000a31                __LCDM18 = 0xa31
                0x0000000000000a32                __LCDM19 = 0xa32
                0x0000000000000a33                __LCDM20 = 0xa33
                0x0000000000000a34                __LCDM21 = 0xa34
                0x0000000000000a35                __LCDM22 = 0xa35
                0x0000000000000a36                __LCDM23 = 0xa36
                0x0000000000000a37                __LCDM24 = 0xa37
                0x0000000000000a40                __LCDBM1 = 0xa40
                0x0000000000000a41                __LCDBM2 = 0xa41
                0x0000000000000a42                __LCDBM3 = 0xa42
                0x0000000000000a43                __LCDBM4 = 0xa43
                0x0000000000000a44                __LCDBM5 = 0xa44
                0x0000000000000a45                __LCDBM6 = 0xa45
                0x0000000000000a46                __LCDBM7 = 0xa46
                0x0000000000000a47                __LCDBM8 = 0xa47
                0x0000000000000a48                __LCDBM9 = 0xa48
                0x0000000000000a49                __LCDBM10 = 0xa49
                0x0000000000000a4a                __LCDBM11 = 0xa4a
                0x0000000000000a4b                __LCDBM12 = 0xa4b
                0x0000000000000a4c                __LCDBM13 = 0xa4c
                0x0000000000000a4d                __LCDBM14 = 0xa4d
                0x0000000000000a4e                __LCDBM15 = 0xa4e
                0x0000000000000a4f                __LCDBM16 = 0xa4f
                0x0000000000000a50                __LCDBM17 = 0xa50
                0x0000000000000a51                __LCDBM18 = 0xa51
                0x0000000000000a52                __LCDBM19 = 0xa52
                0x0000000000000a53                __LCDBM20 = 0xa53
                0x0000000000000a54                __LCDBM21 = 0xa54
                0x0000000000000a55                __LCDBM22 = 0xa55
                0x0000000000000a56                __LCDBM23 = 0xa56
                0x0000000000000a57                __LCDBM24 = 0xa57
                0x00000000000004c0                __MPY_L = 0x4c0
                0x00000000000004c1                __MPY_H = 0x4c1
                0x00000000000004c0                __MPY = 0x4c0
                0x00000000000004c2                __MPYS_L = 0x4c2
                0x00000000000004c3                __MPYS_H = 0x4c3
                0x00000000000004c2                __MPYS = 0x4c2
                0x00000000000004c4                __MAC_L = 0x4c4
                0x00000000000004c5                __MAC_H = 0x4c5
                0x00000000000004c4                __MAC = 0x4c4
                0x00000000000004c6                __MACS_L = 0x4c6
                0x00000000000004c7                __MACS_H = 0x4c7
                0x00000000000004c6                __MACS = 0x4c6
                0x00000000000004c8                __OP2_L = 0x4c8
                0x00000000000004c9                __OP2_H = 0x4c9
                0x00000000000004c8                __OP2 = 0x4c8
                0x00000000000004ca                __RESLO_L = 0x4ca
                0x00000000000004cb                __RESLO_H = 0x4cb
                0x00000000000004ca                __RESLO = 0x4ca
                0x00000000000004cc                __RESHI_L = 0x4cc
                0x00000000000004cd                __RESHI_H = 0x4cd
                0x00000000000004cc                __RESHI = 0x4cc
                0x00000000000004ce                __SUMEXT_L = 0x4ce
                0x00000000000004cf                __SUMEXT_H = 0x4cf
                0x00000000000004ce                __SUMEXT = 0x4ce
                0x00000000000004d0                __MPY32L_L = 0x4d0
                0x00000000000004d1                __MPY32L_H = 0x4d1
                0x00000000000004d0                __MPY32L = 0x4d0
                0x00000000000004d2                __MPY32H_L = 0x4d2
                0x00000000000004d3                __MPY32H_H = 0x4d3
                0x00000000000004d2                __MPY32H = 0x4d2
                0x00000000000004d4                __MPYS32L_L = 0x4d4
                0x00000000000004d5                __MPYS32L_H = 0x4d5
                0x00000000000004d4                __MPYS32L = 0x4d4
                0x00000000000004d6                __MPYS32H_L = 0x4d6
                0x00000000000004d7                __MPYS32H_H = 0x4d7
                0x00000000000004d6                __MPYS32H = 0x4d6
                0x00000000000004d8                __MAC32L_L = 0x4d8
                0x00000000000004d9                __MAC32L_H = 0x4d9
                0x00000000000004d8                __MAC32L = 0x4d8
                0x00000000000004da                __MAC32H_L = 0x4da
                0x00000000000004db                __MAC32H_H = 0x4db
                0x00000000000004da                __MAC32H = 0x4da
                0x00000000000004dc                __MACS32L_L = 0x4dc
                0x00000000000004dd                __MACS32L_H = 0x4dd
                0x00000000000004dc                __MACS32L = 0x4dc
                0x00000000000004de                __MACS32H_L = 0x4de
                0x00000000000004df                __MACS32H_H = 0x4df
                0x00000000000004de                __MACS32H = 0x4de
                0x00000000000004e0                __OP2L_L = 0x4e0
                0x00000000000004e1                __OP2L_H = 0x4e1
                0x00000000000004e0                __OP2L = 0x4e0
                0x00000000000004e2                __OP2H_L = 0x4e2
                0x00000000000004e3                __OP2H_H = 0x4e3
                0x00000000000004e2                __OP2H = 0x4e2
                0x00000000000004e4                __RES0_L = 0x4e4
                0x00000000000004e5                __RES0_H = 0x4e5
                0x00000000000004e4                __RES0 = 0x4e4
                0x00000000000004e6                __RES1_L = 0x4e6
                0x00000000000004e7                __RES1_H = 0x4e7
                0x00000000000004e6                __RES1 = 0x4e6
                0x00000000000004e8                __RES2_L = 0x4e8
                0x00000000000004e9                __RES2_H = 0x4e9
                0x00000000000004e8                __RES2 = 0x4e8
                0x00000000000004ea                __RES3_L = 0x4ea
                0x00000000000004eb                __RES3_H = 0x4eb
                0x00000000000004ea                __RES3 = 0x4ea
                0x00000000000004ec                __MPY32CTL0_L = 0x4ec
                0x00000000000004ed                __MPY32CTL0_H = 0x4ed
                0x00000000000004ec                __MPY32CTL0 = 0x4ec
                0x0000000000000200                __PAIN_L = 0x200
                0x0000000000000201                __PAIN_H = 0x201
                0x0000000000000200                __PAIN = 0x200
                0x0000000000000202                __PAOUT_L = 0x202
                0x0000000000000203                __PAOUT_H = 0x203
                0x0000000000000202                __PAOUT = 0x202
                0x0000000000000204                __PADIR_L = 0x204
                0x0000000000000205                __PADIR_H = 0x205
                0x0000000000000204                __PADIR = 0x204
                0x0000000000000206                __PAREN_L = 0x206
                0x0000000000000207                __PAREN_H = 0x207
                0x0000000000000206                __PAREN = 0x206
                0x0000000000000208                __PADS_L = 0x208
                0x0000000000000209                __PADS_H = 0x209
                0x0000000000000208                __PADS = 0x208
                0x000000000000020a                __PASEL_L = 0x20a
                0x000000000000020b                __PASEL_H = 0x20b
                0x000000000000020a                __PASEL = 0x20a
                0x0000000000000218                __PAIES_L = 0x218
                0x0000000000000219                __PAIES_H = 0x219
                0x0000000000000218                __PAIES = 0x218
                0x000000000000021a                __PAIE_L = 0x21a
                0x000000000000021b                __PAIE_H = 0x21b
                0x000000000000021a                __PAIE = 0x21a
                0x000000000000021c                __PAIFG_L = 0x21c
                0x000000000000021d                __PAIFG_H = 0x21d
                0x000000000000021c                __PAIFG = 0x21c
                0x000000000000020e                __P1IV = 0x20e
                0x000000000000021e                __P2IV = 0x21e
                0x0000000000000220                __PBIN_L = 0x220
                0x0000000000000221                __PBIN_H = 0x221
                0x0000000000000220                __PBIN = 0x220
                0x0000000000000222                __PBOUT_L = 0x222
                0x0000000000000223                __PBOUT_H = 0x223
                0x0000000000000222                __PBOUT = 0x222
                0x0000000000000224                __PBDIR_L = 0x224
                0x0000000000000225                __PBDIR_H = 0x225
                0x0000000000000224                __PBDIR = 0x224
                0x0000000000000226                __PBREN_L = 0x226
                0x0000000000000227                __PBREN_H = 0x227
                0x0000000000000226                __PBREN = 0x226
                0x0000000000000228                __PBDS_L = 0x228
                0x0000000000000229                __PBDS_H = 0x229
                0x0000000000000228                __PBDS = 0x228
                0x000000000000022a                __PBSEL_L = 0x22a
                0x000000000000022b                __PBSEL_H = 0x22b
                0x000000000000022a                __PBSEL = 0x22a
                0x0000000000000240                __PCIN_L = 0x240
                0x0000000000000241                __PCIN_H = 0x241
                0x0000000000000240                __PCIN = 0x240
                0x0000000000000242                __PCOUT_L = 0x242
                0x0000000000000243                __PCOUT_H = 0x243
                0x0000000000000242                __PCOUT = 0x242
                0x0000000000000244                __PCDIR_L = 0x244
                0x0000000000000245                __PCDIR_H = 0x245
                0x0000000000000244                __PCDIR = 0x244
                0x0000000000000246                __PCREN_L = 0x246
                0x0000000000000247                __PCREN_H = 0x247
                0x0000000000000246                __PCREN = 0x246
                0x0000000000000248                __PCDS_L = 0x248
                0x0000000000000249                __PCDS_H = 0x249
                0x0000000000000248                __PCDS = 0x248
                0x000000000000024a                __PCSEL_L = 0x24a
                0x000000000000024b                __PCSEL_H = 0x24b
                0x000000000000024a                __PCSEL = 0x24a
                0x0000000000000320                __PJIN_L = 0x320
                0x0000000000000321                __PJIN_H = 0x321
                0x0000000000000320                __PJIN = 0x320
                0x0000000000000322                __PJOUT_L = 0x322
                0x0000000000000323                __PJOUT_H = 0x323
                0x0000000000000322                __PJOUT = 0x322
                0x0000000000000324                __PJDIR_L = 0x324
                0x0000000000000325                __PJDIR_H = 0x325
                0x0000000000000324                __PJDIR = 0x324
                0x0000000000000326                __PJREN_L = 0x326
                0x0000000000000327                __PJREN_H = 0x327
                0x0000000000000326                __PJREN = 0x326
                0x0000000000000328                __PJDS_L = 0x328
                0x0000000000000329                __PJDS_H = 0x329
                0x0000000000000328                __PJDS = 0x328
                0x00000000000001c0                __PMAPKEYID_L = 0x1c0
                0x00000000000001c1                __PMAPKEYID_H = 0x1c1
                0x00000000000001c0                __PMAPKEYID = 0x1c0
                0x00000000000001c2                __PMAPCTL_L = 0x1c2
                0x00000000000001c3                __PMAPCTL_H = 0x1c3
                0x00000000000001c2                __PMAPCTL = 0x1c2
                0x00000000000001c8                __P1MAP01_L = 0x1c8
                0x00000000000001c9                __P1MAP01_H = 0x1c9
                0x00000000000001c8                __P1MAP01 = 0x1c8
                0x00000000000001ca                __P1MAP23_L = 0x1ca
                0x00000000000001cb                __P1MAP23_H = 0x1cb
                0x00000000000001ca                __P1MAP23 = 0x1ca
                0x00000000000001cc                __P1MAP45_L = 0x1cc
                0x00000000000001cd                __P1MAP45_H = 0x1cd
                0x00000000000001cc                __P1MAP45 = 0x1cc
                0x00000000000001ce                __P1MAP67_L = 0x1ce
                0x00000000000001cf                __P1MAP67_H = 0x1cf
                0x00000000000001ce                __P1MAP67 = 0x1ce
                0x00000000000001d0                __P2MAP01_L = 0x1d0
                0x00000000000001d1                __P2MAP01_H = 0x1d1
                0x00000000000001d0                __P2MAP01 = 0x1d0
                0x00000000000001d2                __P2MAP23_L = 0x1d2
                0x00000000000001d3                __P2MAP23_H = 0x1d3
                0x00000000000001d2                __P2MAP23 = 0x1d2
                0x00000000000001d4                __P2MAP45_L = 0x1d4
                0x00000000000001d5                __P2MAP45_H = 0x1d5
                0x00000000000001d4                __P2MAP45 = 0x1d4
                0x00000000000001d6                __P2MAP67_L = 0x1d6
                0x00000000000001d7                __P2MAP67_H = 0x1d7
                0x00000000000001d6                __P2MAP67 = 0x1d6
                0x00000000000001d8                __P3MAP01_L = 0x1d8
                0x00000000000001d9                __P3MAP01_H = 0x1d9
                0x00000000000001d8                __P3MAP01 = 0x1d8
                0x00000000000001da                __P3MAP23_L = 0x1da
                0x00000000000001db                __P3MAP23_H = 0x1db
                0x00000000000001da                __P3MAP23 = 0x1da
                0x00000000000001dc                __P3MAP45_L = 0x1dc
                0x00000000000001dd                __P3MAP45_H = 0x1dd
                0x00000000000001dc                __P3MAP45 = 0x1dc
                0x00000000000001de                __P3MAP67_L = 0x1de
                0x00000000000001df                __P3MAP67_H = 0x1df
                0x00000000000001de                __P3MAP67 = 0x1de
                0x0000000000000120                __PMMCTL0_L = 0x120
                0x0000000000000121                __PMMCTL0_H = 0x121
                0x0000000000000120                __PMMCTL0 = 0x120
                0x0000000000000122                __PMMCTL1_L = 0x122
                0x0000000000000123                __PMMCTL1_H = 0x123
                0x0000000000000122                __PMMCTL1 = 0x122
                0x0000000000000124                __SVSMHCTL_L = 0x124
                0x0000000000000125                __SVSMHCTL_H = 0x125
                0x0000000000000124                __SVSMHCTL = 0x124
                0x0000000000000126                __SVSMLCTL_L = 0x126
                0x0000000000000127                __SVSMLCTL_H = 0x127
                0x0000000000000126                __SVSMLCTL = 0x126
                0x0000000000000128                __SVSMIO_L = 0x128
                0x0000000000000129                __SVSMIO_H = 0x129
                0x0000000000000128                __SVSMIO = 0x128
                0x000000000000012c                __PMMIFG_L = 0x12c
                0x000000000000012d                __PMMIFG_H = 0x12d
                0x000000000000012c                __PMMIFG = 0x12c
                0x000000000000012e                __PMMRIE_L = 0x12e
                0x000000000000012f                __PMMRIE_H = 0x12f
                0x000000000000012e                __PMMRIE = 0x12e
                0x0000000000000158                __RCCTL0_L = 0x158
                0x0000000000000159                __RCCTL0_H = 0x159
                0x0000000000000158                __RCCTL0 = 0x158
                0x00000000000001b0                __REFCTL0_L = 0x1b0
                0x00000000000001b1                __REFCTL0_H = 0x1b1
                0x00000000000001b0                __REFCTL0 = 0x1b0
                0x00000000000004a0                __RTCCTL01_L = 0x4a0
                0x00000000000004a1                __RTCCTL01_H = 0x4a1
                0x00000000000004a0                __RTCCTL01 = 0x4a0
                0x00000000000004a2                __RTCCTL23_L = 0x4a2
                0x00000000000004a3                __RTCCTL23_H = 0x4a3
                0x00000000000004a2                __RTCCTL23 = 0x4a2
                0x00000000000004a8                __RTCPS0CTL_L = 0x4a8
                0x00000000000004a9                __RTCPS0CTL_H = 0x4a9
                0x00000000000004a8                __RTCPS0CTL = 0x4a8
                0x00000000000004aa                __RTCPS1CTL_L = 0x4aa
                0x00000000000004ab                __RTCPS1CTL_H = 0x4ab
                0x00000000000004aa                __RTCPS1CTL = 0x4aa
                0x00000000000004ac                __RTCPS_L = 0x4ac
                0x00000000000004ad                __RTCPS_H = 0x4ad
                0x00000000000004ac                __RTCPS = 0x4ac
                0x00000000000004ae                __RTCIV = 0x4ae
                0x00000000000004b0                __RTCTIM0_L = 0x4b0
                0x00000000000004b1                __RTCTIM0_H = 0x4b1
                0x00000000000004b0                __RTCTIM0 = 0x4b0
                0x00000000000004b2                __RTCTIM1_L = 0x4b2
                0x00000000000004b3                __RTCTIM1_H = 0x4b3
                0x00000000000004b2                __RTCTIM1 = 0x4b2
                0x00000000000004b4                __RTCDATE_L = 0x4b4
                0x00000000000004b5                __RTCDATE_H = 0x4b5
                0x00000000000004b4                __RTCDATE = 0x4b4
                0x00000000000004b6                __RTCYEAR_L = 0x4b6
                0x00000000000004b7                __RTCYEAR_H = 0x4b7
                0x00000000000004b6                __RTCYEAR = 0x4b6
                0x00000000000004b8                __RTCAMINHR_L = 0x4b8
                0x00000000000004b9                __RTCAMINHR_H = 0x4b9
                0x00000000000004b8                __RTCAMINHR = 0x4b8
                0x00000000000004ba                __RTCADOWDAY_L = 0x4ba
                0x00000000000004bb                __RTCADOWDAY_H = 0x4bb
                0x00000000000004ba                __RTCADOWDAY = 0x4ba
                0x0000000000000100                __SFRIE1_L = 0x100
                0x0000000000000101                __SFRIE1_H = 0x101
                0x0000000000000100                __SFRIE1 = 0x100
                0x0000000000000102                __SFRIFG1_L = 0x102
                0x0000000000000103                __SFRIFG1_H = 0x103
                0x0000000000000102                __SFRIFG1 = 0x102
                0x0000000000000104                __SFRRPCR_L = 0x104
                0x0000000000000105                __SFRRPCR_H = 0x105
                0x0000000000000104                __SFRRPCR = 0x104
                0x0000000000000180                __SYSCTL_L = 0x180
                0x0000000000000181                __SYSCTL_H = 0x181
                0x0000000000000180                __SYSCTL = 0x180
                0x0000000000000182                __SYSBSLC_L = 0x182
                0x0000000000000183                __SYSBSLC_H = 0x183
                0x0000000000000182                __SYSBSLC = 0x182
                0x0000000000000186                __SYSJMBC_L = 0x186
                0x0000000000000187                __SYSJMBC_H = 0x187
                0x0000000000000186                __SYSJMBC = 0x186
                0x0000000000000188                __SYSJMBI0_L = 0x188
                0x0000000000000189                __SYSJMBI0_H = 0x189
                0x0000000000000188                __SYSJMBI0 = 0x188
                0x000000000000018a                __SYSJMBI1_L = 0x18a
                0x000000000000018b                __SYSJMBI1_H = 0x18b
                0x000000000000018a                __SYSJMBI1 = 0x18a
                0x000000000000018c                __SYSJMBO0_L = 0x18c
                0x000000000000018d                __SYSJMBO0_H = 0x18d
                0x000000000000018c                __SYSJMBO0 = 0x18c
                0x000000000000018e                __SYSJMBO1_L = 0x18e
                0x000000000000018f                __SYSJMBO1_H = 0x18f
                0x000000000000018e                __SYSJMBO1 = 0x18e
                0x0000000000000198                __SYSBERRIV_L = 0x198
                0x0000000000000199                __SYSBERRIV_H = 0x199
                0x0000000000000198                __SYSBERRIV = 0x198
                0x000000000000019a                __SYSUNIV_L = 0x19a
                0x000000000000019b                __SYSUNIV_H = 0x19b
                0x000000000000019a                __SYSUNIV = 0x19a
                0x000000000000019c                __SYSSNIV_L = 0x19c
                0x000000000000019d                __SYSSNIV_H = 0x19d
                0x000000000000019c                __SYSSNIV = 0x19c
                0x000000000000019e                __SYSRSTIV_L = 0x19e
                0x000000000000019f                __SYSRSTIV_H = 0x19f
                0x000000000000019e                __SYSRSTIV = 0x19e
                0x0000000000000340                __TA0CTL = 0x340
                0x0000000000000342                __TA0CCTL0 = 0x342
                0x0000000000000344                __TA0CCTL1 = 0x344
                0x0000000000000346                __TA0CCTL2 = 0x346
                0x0000000000000348                __TA0CCTL3 = 0x348
                0x000000000000034a                __TA0CCTL4 = 0x34a
                0x0000000000000350                __TA0R = 0x350
                0x0000000000000352                __TA0CCR0 = 0x352
                0x0000000000000354                __TA0CCR1 = 0x354
                0x0000000000000356                __TA0CCR2 = 0x356
                0x0000000000000358                __TA0CCR3 = 0x358
                0x000000000000035a                __TA0CCR4 = 0x35a
                0x000000000000036e                __TA0IV = 0x36e
                0x0000000000000360                __TA0EX0 = 0x360
                0x0000000000000380                __TA1CTL = 0x380
                0x0000000000000382                __TA1CCTL0 = 0x382
                0x0000000000000384                __TA1CCTL1 = 0x384
                0x0000000000000386                __TA1CCTL2 = 0x386
                0x0000000000000390                __TA1R = 0x390
                0x0000000000000392                __TA1CCR0 = 0x392
                0x0000000000000394                __TA1CCR1 = 0x394
                0x0000000000000396                __TA1CCR2 = 0x396
                0x00000000000003ae                __TA1IV = 0x3ae
                0x00000000000003a0                __TA1EX0 = 0x3a0
                0x0000000000000160                __UCSCTL0_L = 0x160
                0x0000000000000161                __UCSCTL0_H = 0x161
                0x0000000000000160                __UCSCTL0 = 0x160
                0x0000000000000162                __UCSCTL1_L = 0x162
                0x0000000000000163                __UCSCTL1_H = 0x163
                0x0000000000000162                __UCSCTL1 = 0x162
                0x0000000000000164                __UCSCTL2_L = 0x164
                0x0000000000000165                __UCSCTL2_H = 0x165
                0x0000000000000164                __UCSCTL2 = 0x164
                0x0000000000000166                __UCSCTL3_L = 0x166
                0x0000000000000167                __UCSCTL3_H = 0x167
                0x0000000000000166                __UCSCTL3 = 0x166
                0x0000000000000168                __UCSCTL4_L = 0x168
                0x0000000000000169                __UCSCTL4_H = 0x169
                0x0000000000000168                __UCSCTL4 = 0x168
                0x000000000000016a                __UCSCTL5_L = 0x16a
                0x000000000000016b                __UCSCTL5_H = 0x16b
                0x000000000000016a                __UCSCTL5 = 0x16a
                0x000000000000016c                __UCSCTL6_L = 0x16c
                0x000000000000016d                __UCSCTL6_H = 0x16d
                0x000000000000016c                __UCSCTL6 = 0x16c
                0x000000000000016e                __UCSCTL7_L = 0x16e
                0x000000000000016f                __UCSCTL7_H = 0x16f
                0x000000000000016e                __UCSCTL7 = 0x16e
                0x0000000000000170                __UCSCTL8_L = 0x170
                0x0000000000000171                __UCSCTL8_H = 0x171
                0x0000000000000170                __UCSCTL8 = 0x170
                0x00000000000005c0                __UCA0CTLW0_L = 0x5c0
                0x00000000000005c1                __UCA0CTLW0_H = 0x5c1
                0x00000000000005c0                __UCA0CTLW0 = 0x5c0
                0x00000000000005c6                __UCA0BRW_L = 0x5c6
                0x00000000000005c7                __UCA0BRW_H = 0x5c7
                0x00000000000005c6                __UCA0BRW = 0x5c6
                0x00000000000005c8                __UCA0MCTL = 0x5c8
                0x00000000000005ca                __UCA0STAT = 0x5ca
                0x00000000000005cc                __UCA0RXBUF = 0x5cc
                0x00000000000005ce                __UCA0TXBUF = 0x5ce
                0x00000000000005d0                __UCA0ABCTL = 0x5d0
                0x00000000000005d2                __UCA0IRCTL_L = 0x5d2
                0x00000000000005d3                __UCA0IRCTL_H = 0x5d3
                0x00000000000005d2                __UCA0IRCTL = 0x5d2
                0x00000000000005dc                __UCA0ICTL_L = 0x5dc
                0x00000000000005dd                __UCA0ICTL_H = 0x5dd
                0x00000000000005dc                __UCA0ICTL = 0x5dc
                0x00000000000005de                __UCA0IV = 0x5de
                0x00000000000005e0                __UCB0CTLW0_L = 0x5e0
                0x00000000000005e1                __UCB0CTLW0_H = 0x5e1
                0x00000000000005e0                __UCB0CTLW0 = 0x5e0
                0x00000000000005e6                __UCB0BRW_L = 0x5e6
                0x00000000000005e7                __UCB0BRW_H = 0x5e7
                0x00000000000005e6                __UCB0BRW = 0x5e6
                0x00000000000005ea                __UCB0STAT = 0x5ea
                0x00000000000005ec                __UCB0RXBUF = 0x5ec
                0x00000000000005ee                __UCB0TXBUF = 0x5ee
                0x00000000000005f0                __UCB0I2COA_L = 0x5f0
                0x00000000000005f1                __UCB0I2COA_H = 0x5f1
                0x00000000000005f0                __UCB0I2COA = 0x5f0
                0x00000000000005f2                __UCB0I2CSA_L = 0x5f2
                0x00000000000005f3                __UCB0I2CSA_H = 0x5f3
                0x00000000000005f2                __UCB0I2CSA = 0x5f2
                0x00000000000005fc                __UCB0ICTL_L = 0x5fc
                0x00000000000005fd                __UCB0ICTL_H = 0x5fd
                0x00000000000005fc                __UCB0ICTL = 0x5fc
                0x00000000000005fe                __UCB0IV = 0x5fe
                0x000000000000015c                __WDTCTL_L = 0x15c
                0x000000000000015d                __WDTCTL_H = 0x15d
                0x000000000000015c                __WDTCTL = 0x15c

.hash
 *(.hash)

.dynsym
 *(.dynsym)

.dynstr
 *(.dynstr)

.gnu.version
 *(.gnu.version)

.gnu.version_d
 *(.gnu.version_d)

.gnu.version_r
 *(.gnu.version_r)

.rel.init
 *(.rel.init)

.rela.init
 *(.rela.init)

.rel.fini
 *(.rel.fini)

.rela.fini
 *(.rela.fini)

.rel.text
 *(.rel.text .rel.text.* .rel.gnu.linkonce.t.*)

.rela.text
 *(.rela.text .rela.text.* .rela.gnu.linkonce.t.*)

.rel.rodata
 *(.rel.rodata .rel.rodata.* .rel.gnu.linkonce.r.*)

.rela.rodata
 *(.rela.rodata .rela.rodata.* .rela.gnu.linkonce.r.*)

.rel.data
 *(.rel.data .rel.data.* .rel.gnu.linkonce.d.*)

.rela.data
 *(.rela.data .rela.data.* .rela.gnu.linkonce.d.*)

.rel.bss
 *(.rel.bss .rel.bss.* .rel.gnu.linkonce.b.*)

.rela.bss
 *(.rela.bss .rela.bss.* .rela.gnu.linkonce.b.*)

.rel.ctors
 *(.rel.ctors)

.rela.ctors
 *(.rela.ctors)

.rel.dtors
 *(.rel.dtors)

.rela.dtors
 *(.rela.dtors)

.rel.got
 *(.rel.got)

.rela.got
 *(.rela.got)

.rel.plt
 *(.rel.plt)

.rela.plt
 *(.rela.plt)

.text           0x0000000000008000     0x74f2
                0x0000000000008000                . = ALIGN (0x2)
 *(.init .init.*)
 *(.init0)
 .init0         0x0000000000008000        0x0 /usr/lib/gcc/msp430/4.6.3/mcpu-430x/mmpy-16/libcrt0.a(_reset_vector__.o)
                0x0000000000008000                _reset_vector__
 *(.init1)
 .init1         0x0000000000008000        0xc /usr/lib/gcc/msp430/4.6.3/mcpu-430x/mmpy-16/libcrt0.a(__watchdog_support.o)
                0x0000000000008000                __watchdog_support
 *(.init2)
 .init2         0x000000000000800c        0x4 /usr/lib/gcc/msp430/4.6.3/mcpu-430x/mmpy-16/libcrt0.a(__init_stack.o)
                0x000000000000800c                __init_stack
 *(.init3)
 .init3         0x0000000000008010        0x0 /usr/lib/gcc/msp430/4.6.3/mcpu-430x/mmpy-16/libcrt0.a(__low_level_init.o)
                0x0000000000008010                __low_level_init
 *(.init4)
 .init4         0x0000000000008010       0x18 /usr/lib/gcc/msp430/4.6.3/mcpu-430x/mmpy-16/libcrt0.a(_copy_data.o)
                0x0000000000008010                __do_copy_data
 .init4         0x0000000000008028       0x16 /usr/lib/gcc/msp430/4.6.3/mcpu-430x/mmpy-16/libcrt0.a(_clear_bss.o)
                0x0000000000008028                __do_clear_bss
 *(.init5)
 *(.init6)
 *(.init7)
 *(.init8)
 *(.init9)
 .init9         0x000000000000803e       0x3a main.o
                0x000000000000803e                main
 *(.fini9)
 .fini9         0x0000000000008078        0x0 /usr/lib/gcc/msp430/4.6.3/mcpu-430x/mmpy-16/libcrt0.a(__stop_progExec__.o)
                0x0000000000008078                __stop_progExec__
 *(.fini8)
 *(.fini7)
 *(.fini6)
 *(.fini5)
 *(.fini4)
 *(.fini3)
 *(.fini2)
 *(.fini1)
 *(.fini0)
 .fini0         0x0000000000008078        0x6 /usr/lib/gcc/msp430/4.6.3/mcpu-430x/mmpy-16/libcrt0.a(_endless_loop__.o)
                0x0000000000008078                _endless_loop__
 *(.fini .fini.*)
                0x000000000000807e                . = ALIGN (0x2)
                0x000000000000807e                __ctors_start = .
 *(.ctors)
                0x000000000000807e                __ctors_end = .
                0x000000000000807e                __dtors_start = .
 *(.dtors)
                0x000000000000807e                __dtors_end = .
                0x000000000000807e                . = ALIGN (0x2)
 *(.text .text.* .gnu.linkonce.t.*)
 .text          0x000000000000807e        0x4 /usr/lib/gcc/msp430/4.6.3/mcpu-430x/mmpy-16/crt0ivtbl64.o
                0x000000000000807e                __isr_37
                0x000000000000807e                __isr_47
                0x000000000000807e                __isr_51
                0x000000000000807e                __isr_57
                0x000000000000807e                __isr_33
                0x000000000000807e                __isr_32
                0x000000000000807e                __isr_42
                0x000000000000807e                __isr_49
                0x000000000000807e                __isr_59
                0x000000000000807e                __isr_39
                0x000000000000807e                __isr_46
                0x000000000000807e                __isr_41
                0x000000000000807e                __isr_60
                0x000000000000807e                __isr_36
                0x000000000000807e                __isr_34
                0x000000000000807e                __isr_44
                0x000000000000807e                __isr_61
                0x000000000000807e                __isr_43
                0x000000000000807e                __isr_50
                0x000000000000807e                __isr_56
                0x000000000000807e                __isr_38
                0x000000000000807e                __isr_35
                0x000000000000807e                __isr_45
                0x000000000000807e                __isr_58
                0x000000000000807e                __isr_62
                0x000000000000807e                __isr_52
                0x000000000000807e                __isr_40
 .text.crt0     0x0000000000008082        0x0 /usr/lib/gcc/msp430/4.6.3/mcpu-430x/mmpy-16/crt0ivtbl64.o
 .text          0x0000000000008082        0x0 logic/acceleration.o
 .text.reset_acceleration
                0x0000000000008082       0x12 logic/acceleration.o
                0x0000000000008082                reset_acceleration
 .text.sx_acceleration
                0x0000000000008094       0x2e logic/acceleration.o
                0x0000000000008094                sx_acceleration
 .text.acceleration_value_is_positive
                0x00000000000080c2        0xe logic/acceleration.o
                0x00000000000080c2                acceleration_value_is_positive
 .text.convert_acceleration_value_to_mgrav
                0x00000000000080d0       0xae logic/acceleration.o
                0x00000000000080d0                convert_acceleration_value_to_mgrav
 .text.is_acceleration_measurement
                0x000000000000817e       0x14 logic/acceleration.o
                0x000000000000817e                is_acceleration_measurement
 .text.do_acceleration_measurement
                0x0000000000008192       0x1c logic/acceleration.o
                0x0000000000008192                do_acceleration_measurement
 .text.display_acceleration
                0x00000000000081ae      0x156 logic/acceleration.o
                0x00000000000081ae                display_acceleration
 .text          0x0000000000008304        0x0 logic/alarm.o
 .text.reset_alarm
                0x0000000000008304       0x1c logic/alarm.o
                0x0000000000008304                reset_alarm
 .text.check_alarm
                0x0000000000008320       0x1c logic/alarm.o
                0x0000000000008320                check_alarm
 .text.stop_alarm
                0x000000000000833c        0xa logic/alarm.o
                0x000000000000833c                stop_alarm
 .text.sx_alarm
                0x0000000000008346       0x32 logic/alarm.o
                0x0000000000008346                sx_alarm
 .text.mx_alarm
                0x0000000000008378       0xe0 logic/alarm.o
                0x0000000000008378                mx_alarm
 .text.display_alarm
                0x0000000000008458       0xd0 logic/alarm.o
                0x0000000000008458                display_alarm
 .text          0x0000000000008528        0x0 logic/altitude.o
 .text.convert_m_to_ft
                0x0000000000008528       0x28 logic/altitude.o
                0x0000000000008528                convert_m_to_ft
 .text.convert_ft_to_m
                0x0000000000008550       0x28 logic/altitude.o
                0x0000000000008550                convert_ft_to_m
 .text.is_altitude_measurement
                0x0000000000008578       0x14 logic/altitude.o
                0x0000000000008578                is_altitude_measurement
 .text.stop_altitude_measurement
                0x000000000000858c       0x28 logic/altitude.o
                0x000000000000858c                stop_altitude_measurement
 .text.do_altitude_measurement
                0x00000000000085b4       0xc8 logic/altitude.o
                0x00000000000085b4                do_altitude_measurement
 .text.start_altitude_measurement
                0x000000000000867c       0x50 logic/altitude.o
                0x000000000000867c                start_altitude_measurement
 .text.reset_altitude_measurement
                0x00000000000086cc       0x40 logic/altitude.o
                0x00000000000086cc                reset_altitude_measurement
 .text.sx_altitude
                0x000000000000870c        0x2 logic/altitude.o
                0x000000000000870c                sx_altitude
 .text.mx_altitude
                0x000000000000870e       0xdc logic/altitude.o
                0x000000000000870e                mx_altitude
 .text.display_altitude
                0x00000000000087ea      0x104 logic/altitude.o
                0x00000000000087ea                display_altitude
 .text          0x00000000000088ee        0x0 logic/battery.o
 .text.reset_batt_measurement
                0x00000000000088ee       0x16 logic/battery.o
                0x00000000000088ee                reset_batt_measurement
 .text.battery_measurement
                0x0000000000008904       0x98 logic/battery.o
                0x0000000000008904                battery_measurement
 .text.display_battery_V
                0x000000000000899c       0x70 logic/battery.o
                0x000000000000899c                display_battery_V
 .text          0x0000000000008a0c        0x0 logic/clock.o
 .text.display_selection_Timeformat1
                0x0000000000008a0c       0x18 logic/clock.o
                0x0000000000008a0c                display_selection_Timeformat1
 .text.reset_clock
                0x0000000000008a24       0x28 logic/clock.o
                0x0000000000008a24                reset_clock
 .text.clock_tick
                0x0000000000008a4c       0x80 logic/clock.o
                0x0000000000008a4c                clock_tick
 .text.convert_hour_to_12H_format
                0x0000000000008acc       0x16 logic/clock.o
                0x0000000000008acc                convert_hour_to_12H_format
 .text.is_hour_am
                0x0000000000008ae2       0x10 logic/clock.o
                0x0000000000008ae2                is_hour_am
 .text.mx_time  0x0000000000008af2      0x1f8 logic/clock.o
                0x0000000000008af2                mx_time
 .text.sx_time  0x0000000000008cea       0x12 logic/clock.o
                0x0000000000008cea                sx_time
 .text.display_time
                0x0000000000008cfc      0x1be logic/clock.o
                0x0000000000008cfc                display_time
 .text          0x0000000000008eba        0x0 logic/date.o
 .text.reset_date
                0x0000000000008eba       0x1a logic/date.o
                0x0000000000008eba                reset_date
 .text.get_numberOfDays
                0x0000000000008ed4       0x9c logic/date.o
                0x0000000000008ed4                get_numberOfDays
 .text.add_day  0x0000000000008f70       0x44 logic/date.o
                0x0000000000008f70                add_day
 .text.mx_date  0x0000000000008fb4      0x1d2 logic/date.o
                0x0000000000008fb4                mx_date
 .text.sx_date  0x0000000000009186       0x12 logic/date.o
                0x0000000000009186                sx_date
 .text.display_date
                0x0000000000009198       0xd6 logic/date.o
                0x0000000000009198                display_date
 .text          0x000000000000926e        0x0 logic/menu.o
 .text.update_time
                0x000000000000926e        0xe logic/menu.o
                0x000000000000926e                update_time
 .text.update_stopwatch
                0x000000000000927c        0xe logic/menu.o
                0x000000000000927c                update_stopwatch
 .text.update_date
                0x000000000000928a        0xe logic/menu.o
                0x000000000000928a                update_date
 .text.update_alarm
                0x0000000000009298        0xe logic/menu.o
                0x0000000000009298                update_alarm
 .text.update_temperature
                0x00000000000092a6        0xe logic/menu.o
                0x00000000000092a6                update_temperature
 .text.update_battery_voltage
                0x00000000000092b4        0xe logic/menu.o
                0x00000000000092b4                update_battery_voltage
 .text.update_acceleration
                0x00000000000092c2        0xe logic/menu.o
                0x00000000000092c2                update_acceleration
 .text.display_nothing
                0x00000000000092d0        0x2 logic/menu.o
                0x00000000000092d0                display_nothing
 .text          0x00000000000092d2        0x0 logic/rfbsl.o
 .text.sx_rfbsl
                0x00000000000092d2       0x4c logic/rfbsl.o
                0x00000000000092d2                sx_rfbsl
 .text.display_rfbsl
                0x000000000000931e       0x30 logic/rfbsl.o
                0x000000000000931e                display_rfbsl
 .text          0x000000000000934e        0x0 logic/rfsimpliciti.o
 .text.reset_rf
                0x000000000000934e        0xa logic/rfsimpliciti.o
                0x000000000000934e                reset_rf
 .text.start_simpliciti_tx_only
                0x0000000000009358       0xe4 logic/rfsimpliciti.o
                0x0000000000009358                start_simpliciti_tx_only
 .text.sx_ppt   0x000000000000943c       0x26 logic/rfsimpliciti.o
                0x000000000000943c                sx_ppt
 .text.sx_rf    0x0000000000009462       0x26 logic/rfsimpliciti.o
                0x0000000000009462                sx_rf
 .text.display_rf
                0x0000000000009488       0x14 logic/rfsimpliciti.o
                0x0000000000009488                display_rf
 .text.display_ppt
                0x000000000000949c       0x14 logic/rfsimpliciti.o
                0x000000000000949c                display_ppt
 .text.display_sync
                0x00000000000094b0       0x14 logic/rfsimpliciti.o
                0x00000000000094b0                display_sync
 .text.is_rf    0x00000000000094c4        0xc logic/rfsimpliciti.o
                0x00000000000094c4                is_rf
 .text.simpliciti_get_ed_data_callback
                0x00000000000094d0       0xb6 logic/rfsimpliciti.o
                0x00000000000094d0                simpliciti_get_ed_data_callback
 .text.start_simpliciti_sync
                0x0000000000009586       0xaa logic/rfsimpliciti.o
                0x0000000000009586                start_simpliciti_sync
 .text.sx_sync  0x0000000000009630       0x24 logic/rfsimpliciti.o
                0x0000000000009630                sx_sync
 .text.simpliciti_sync_decode_ap_cmd_callback
                0x0000000000009654      0x138 logic/rfsimpliciti.o
                0x0000000000009654                simpliciti_sync_decode_ap_cmd_callback
 .text.simpliciti_sync_get_data_callback
                0x000000000000978c       0xe0 logic/rfsimpliciti.o
                0x000000000000978c                simpliciti_sync_get_data_callback
 .text          0x000000000000986c        0x0 logic/stopwatch.o
 .text.update_stopwatch_timer
                0x000000000000986c       0x3e logic/stopwatch.o
                0x000000000000986c                update_stopwatch_timer
 .text.reset_stopwatch
                0x00000000000098aa       0x2a logic/stopwatch.o
                0x00000000000098aa                reset_stopwatch
 .text.is_stopwatch
                0x00000000000098d4       0x16 logic/stopwatch.o
                0x00000000000098d4                is_stopwatch
 .text.start_stopwatch
                0x00000000000098ea       0x26 logic/stopwatch.o
                0x00000000000098ea                start_stopwatch
 .text.display_stopwatch
                0x0000000000009910      0x110 logic/stopwatch.o
                0x0000000000009910                display_stopwatch
 .text.stop_stopwatch
                0x0000000000009a20       0x1e logic/stopwatch.o
                0x0000000000009a20                stop_stopwatch
 .text.sx_stopwatch
                0x0000000000009a3e       0x18 logic/stopwatch.o
                0x0000000000009a3e                sx_stopwatch
 .text.mx_stopwatch
                0x0000000000009a56       0x1a logic/stopwatch.o
                0x0000000000009a56                mx_stopwatch
 .text.stopwatch_tick
                0x0000000000009a70      0x11e logic/stopwatch.o
                0x0000000000009a70                stopwatch_tick
 .text          0x0000000000009b8e        0x0 logic/temperature.o
 .text.temperature_measurement
                0x0000000000009b8e       0xdc logic/temperature.o
                0x0000000000009b8e                temperature_measurement
 .text.reset_temp_measurement
                0x0000000000009c6a        0xc logic/temperature.o
                0x0000000000009c6a                reset_temp_measurement
 .text.convert_C_to_F
                0x0000000000009c76       0x34 logic/temperature.o
                0x0000000000009c76                convert_C_to_F
 .text.convert_F_to_C
                0x0000000000009caa       0x30 logic/temperature.o
                0x0000000000009caa                convert_F_to_C
 .text.is_temp_measurement
                0x0000000000009cda        0xc logic/temperature.o
                0x0000000000009cda                is_temp_measurement
 .text.mx_temperature
                0x0000000000009ce6       0xdc logic/temperature.o
                0x0000000000009ce6                mx_temperature
 .text.display_temperature
                0x0000000000009dc2       0xe4 logic/temperature.o
                0x0000000000009dc2                display_temperature
 .text          0x0000000000009ea6        0x0 logic/user.o
 .text.dummy    0x0000000000009ea6        0x2 logic/user.o
                0x0000000000009ea6                dummy
 .text.set_value
                0x0000000000009ea8      0x262 logic/user.o
                0x0000000000009ea8                set_value
 .text          0x000000000000a10a        0x0 driver/adc12.o
 .text.adc12_single_conversion
                0x000000000000a10a       0x78 driver/adc12.o
                0x000000000000a10a                adc12_single_conversion
 .text.ADC12ISR
                0x000000000000a182       0x2a driver/adc12.o
                0x000000000000a182                ADC12ISR
 .text          0x000000000000a1ac        0x0 driver/as.o
 .text.as_init  0x000000000000a1ac       0x32 driver/as.o
                0x000000000000a1ac                as_init
 .text.as_start
                0x000000000000a1de       0x3c driver/as.o
                0x000000000000a1de                as_start
 .text.as_stop  0x000000000000a21a       0x36 driver/as.o
                0x000000000000a21a                as_stop
 .text.as_read_register
                0x000000000000a250       0x6a driver/as.o
                0x000000000000a250                as_read_register
 .text.as_write_register
                0x000000000000a2ba       0x6a driver/as.o
                0x000000000000a2ba                as_write_register
 .text          0x000000000000a324        0x0 driver/bmp_as.o
 .text.bmp_as_stop
                0x000000000000a324        0x6 driver/bmp_as.o
                0x000000000000a324                bmp_as_stop
 .text.bmp_as_read_register
                0x000000000000a32a        0xa driver/bmp_as.o
                0x000000000000a32a                bmp_as_read_register
 .text.bmp_as_write_register
                0x000000000000a334        0x6 driver/bmp_as.o
                0x000000000000a334                bmp_as_write_register
 .text.bmp_as_start
                0x000000000000a33a       0x66 driver/bmp_as.o
                0x000000000000a33a                bmp_as_start
 .text.bmp_as_get_data
                0x000000000000a3a0       0x52 driver/bmp_as.o
                0x000000000000a3a0                bmp_as_get_data
 .text          0x000000000000a3f2        0x0 driver/bmp_ps.o
 .text.bmp_ps_stop
                0x000000000000a3f2        0x2 driver/bmp_ps.o
                0x000000000000a3f2                bmp_ps_stop
 .text.bmp_ps_write_register
                0x000000000000a3f4        0xe driver/bmp_ps.o
                0x000000000000a3f4                bmp_ps_write_register
 .text.bmp_ps_start
                0x000000000000a402        0xe driver/bmp_ps.o
                0x000000000000a402                bmp_ps_start
 .text.bmp_ps_read_register
                0x000000000000a410        0xe driver/bmp_ps.o
                0x000000000000a410                bmp_ps_read_register
 .text.bmp_ps_get_cal_param
                0x000000000000a41e       0xa4 driver/bmp_ps.o
                0x000000000000a41e                bmp_ps_get_cal_param
 .text.bmp_ps_init
                0x000000000000a4c2       0x2e driver/bmp_ps.o
                0x000000000000a4c2                bmp_ps_init
 .text.bmp_ps_get_pa
                0x000000000000a4f0      0x37e driver/bmp_ps.o
                0x000000000000a4f0                bmp_ps_get_pa
 .text.bmp_ps_get_temp
                0x000000000000a86e       0xd8 driver/bmp_ps.o
                0x000000000000a86e                bmp_ps_get_temp
 .text          0x000000000000a946        0x0 driver/buzzer.o
 .text.reset_buzzer
                0x000000000000a946        0xe driver/buzzer.o
                0x000000000000a946                reset_buzzer
 .text.start_buzzer
                0x000000000000a954       0x42 driver/buzzer.o
                0x000000000000a954                start_buzzer
 .text.stop_buzzer
                0x000000000000a996       0x22 driver/buzzer.o
                0x000000000000a996                stop_buzzer
 .text.is_buzzer
                0x000000000000a9b8        0xc driver/buzzer.o
                0x000000000000a9b8                is_buzzer
 .text.countdown_buzzer
                0x000000000000a9c4       0x12 driver/buzzer.o
                0x000000000000a9c4                countdown_buzzer
 .text.toggle_buzzer
                0x000000000000a9d6       0x4a driver/buzzer.o
                0x000000000000a9d6                toggle_buzzer
 .text          0x000000000000aa20        0x0 driver/cma_as.o
 .text.cma_as_stop
                0x000000000000aa20        0x6 driver/cma_as.o
                0x000000000000aa20                cma_as_stop
 .text.cma_as_read_register
                0x000000000000aa26        0xc driver/cma_as.o
                0x000000000000aa26                cma_as_read_register
 .text.cma_as_write_register
                0x000000000000aa32        0xc driver/cma_as.o
                0x000000000000aa32                cma_as_write_register
 .text.cma_as_start
                0x000000000000aa3e       0x4e driver/cma_as.o
                0x000000000000aa3e                cma_as_start
 .text.cma_as_get_data
                0x000000000000aa8c       0x30 driver/cma_as.o
                0x000000000000aa8c                cma_as_get_data
 .text          0x000000000000aabc        0x0 driver/cma_ps.o
 .text.cma_ps_write_register
                0x000000000000aabc        0xe driver/cma_ps.o
                0x000000000000aabc                cma_ps_write_register
 .text.cma_ps_stop
                0x000000000000aaca        0xc driver/cma_ps.o
                0x000000000000aaca                cma_ps_stop
 .text.cma_ps_start
                0x000000000000aad6        0xe driver/cma_ps.o
                0x000000000000aad6                cma_ps_start
 .text.cma_ps_read_register
                0x000000000000aae4        0xe driver/cma_ps.o
                0x000000000000aae4                cma_ps_read_register
 .text.cma_ps_init
                0x000000000000aaf2       0x58 driver/cma_ps.o
                0x000000000000aaf2                cma_ps_init
 .text.cma_ps_get_pa
                0x000000000000ab4a       0x80 driver/cma_ps.o
                0x000000000000ab4a                cma_ps_get_pa
 .text.cma_ps_get_temp
                0x000000000000abca       0x5a driver/cma_ps.o
                0x000000000000abca                cma_ps_get_temp
 .text          0x000000000000ac24        0x0 driver/display.o
 .text.lcd_init
                0x000000000000ac24       0x2a driver/display.o
                0x000000000000ac24                lcd_init
 .text.write_lcd_mem
                0x000000000000ac4e       0x60 driver/display.o
                0x000000000000ac4e                write_lcd_mem
 .text.int_to_array
                0x000000000000acae       0xd0 driver/display.o
                0x000000000000acae                int_to_array
 .text.display_symbol
                0x000000000000ad7e       0x1c driver/display.o
                0x000000000000ad7e                display_symbol
 .text.display_am_pm_symbol
                0x000000000000ad9a       0x1e driver/display.o
                0x000000000000ad9a                display_am_pm_symbol
 .text.display_char
                0x000000000000adb8       0x76 driver/display.o
                0x000000000000adb8                display_char
 .text.display_chars
                0x000000000000ae2e       0x3e driver/display.o
                0x000000000000ae2e                display_chars
 .text.display_value
                0x000000000000ae6c       0x20 driver/display.o
                0x000000000000ae6c                display_value
 .text.display_hours
                0x000000000000ae8c       0x40 driver/display.o
                0x000000000000ae8c                display_hours
 .text.switch_seg
                0x000000000000aecc        0xa driver/display.o
                0x000000000000aecc                switch_seg
 .text.clear_line
                0x000000000000aed6       0x58 driver/display.o
                0x000000000000aed6                clear_line
 .text.clear_display
                0x000000000000af2e        0xe driver/display.o
                0x000000000000af2e                clear_display
 .text.clear_display_all
                0x000000000000af3c       0x1e driver/display.o
                0x000000000000af3c                clear_display_all
 .text.start_blink
                0x000000000000af5a        0x6 driver/display.o
                0x000000000000af5a                start_blink
 .text.stop_blink
                0x000000000000af60        0x8 driver/display.o
                0x000000000000af60                stop_blink
 .text.clear_blink_mem
                0x000000000000af68        0x6 driver/display.o
                0x000000000000af68                clear_blink_mem
 .text.set_blink_rate
                0x000000000000af6e       0x14 driver/display.o
                0x000000000000af6e                set_blink_rate
 .text          0x000000000000af82        0x0 driver/pmm.o
 .text.SetVCoreUp
                0x000000000000af82       0x46 driver/pmm.o
                0x000000000000af82                SetVCoreUp
 .text.SetVCoreDown
                0x000000000000afc8       0x28 driver/pmm.o
                0x000000000000afc8                SetVCoreDown
 .text.SetVCore
                0x000000000000aff0       0x2c driver/pmm.o
                0x000000000000aff0                SetVCore
 .text          0x000000000000b01c        0x0 driver/ports.o
 .text.button_repeat_function
                0x000000000000b01c       0x62 driver/ports.o
                0x000000000000b01c                button_repeat_function
 .text.init_buttons
                0x000000000000b07e       0x26 driver/ports.o
                0x000000000000b07e                init_buttons
 .text.PORT2_ISR
                0x000000000000b0a4      0x24e driver/ports.o
                0x000000000000b0a4                PORT2_ISR
                0x000000000000b0a4                __isr_48
 .text.button_repeat_on
                0x000000000000b2f2       0x3e driver/ports.o
                0x000000000000b2f2                button_repeat_on
 .text.button_repeat_off
                0x000000000000b330        0xc driver/ports.o
                0x000000000000b330                button_repeat_off
 .text          0x000000000000b33c        0x0 driver/ps.o
 .text.ps_init  0x000000000000b33c       0x26 driver/ps.o
                0x000000000000b33c                ps_init
 .text.ps_i2c_delay
                0x000000000000b362        0x4 driver/ps.o
                0x000000000000b362                ps_i2c_delay
 .text.ps_i2c_read
                0x000000000000b366       0x68 driver/ps.o
                0x000000000000b366                ps_i2c_read
 .text.ps_i2c_write
                0x000000000000b3ce       0x54 driver/ps.o
                0x000000000000b3ce                ps_i2c_write
 .text.ps_i2c_sda
                0x000000000000b422       0xac driver/ps.o
                0x000000000000b422                ps_i2c_sda
 .text.ps_read_register
                0x000000000000b4ce       0x7e driver/ps.o
                0x000000000000b4ce                ps_read_register
 .text.ps_write_register
                0x000000000000b54c       0x64 driver/ps.o
                0x000000000000b54c                ps_write_register
 .text.init_pressure_table
                0x000000000000b5b0       0x28 driver/ps.o
                0x000000000000b5b0                init_pressure_table
 .text.update_pressure_table
                0x000000000000b5d8      0x258 driver/ps.o
                0x000000000000b5d8                update_pressure_table
 .text.conv_pa_to_meter
                0x000000000000b830      0x2e2 driver/ps.o
                0x000000000000b830                conv_pa_to_meter
 .text          0x000000000000bb12        0x0 driver/radio.o
 .text.radio_reset
                0x000000000000bb12       0x32 driver/radio.o
                0x000000000000bb12                radio_reset
 .text.radio_powerdown
                0x000000000000bb44       0x12 driver/radio.o
                0x000000000000bb44                radio_powerdown
 .text.radio_sxoff
                0x000000000000bb56       0x12 driver/radio.o
                0x000000000000bb56                radio_sxoff
 .text.open_radio
                0x000000000000bb68       0x12 driver/radio.o
                0x000000000000bb68                open_radio
 .text.close_radio
                0x000000000000bb7a       0x12 driver/radio.o
                0x000000000000bb7a                close_radio
 .text.radio_ISR
                0x000000000000bb8c       0x1e driver/radio.o
                0x000000000000bb8c                radio_ISR
                0x000000000000bb8c                __isr_53
 .text          0x000000000000bbaa        0x0 driver/rf1a.o
 .text.ReadSingleReg
                0x000000000000bbaa       0x16 driver/rf1a.o
                0x000000000000bbaa                ReadSingleReg
 .text.WriteSingleReg
                0x000000000000bbc0       0x38 driver/rf1a.o
                0x000000000000bbc0                WriteSingleReg
 .text.Strobe   0x000000000000bbf8       0x94 driver/rf1a.o
                0x000000000000bbf8                Strobe
 .text.ResetRadioCore
                0x000000000000bc8c       0x12 driver/rf1a.o
                0x000000000000bc8c                ResetRadioCore
 .text.ReadBurstReg
                0x000000000000bc9e       0x4c driver/rf1a.o
                0x000000000000bc9e                ReadBurstReg
 .text.WriteBurstReg
                0x000000000000bcea       0x44 driver/rf1a.o
                0x000000000000bcea                WriteBurstReg
 .text.WritePATable
                0x000000000000bd2e       0x6a driver/rf1a.o
                0x000000000000bd2e                WritePATable
 .text          0x000000000000bd98        0x0 driver/timer.o
 .text.Timer0_Init
                0x000000000000bd98       0x14 driver/timer.o
                0x000000000000bd98                Timer0_Init
 .text.Timer0_Start
                0x000000000000bdac        0x8 driver/timer.o
                0x000000000000bdac                Timer0_Start
 .text.Timer0_Stop
                0x000000000000bdb4        0xc driver/timer.o
                0x000000000000bdb4                Timer0_Stop
 .text.Timer0_A3_Start
                0x000000000000bdc0       0x28 driver/timer.o
                0x000000000000bdc0                Timer0_A3_Start
 .text.Timer0_A3_Stop
                0x000000000000bde8        0x8 driver/timer.o
                0x000000000000bde8                Timer0_A3_Stop
 .text.Timer0_A4_Delay
                0x000000000000bdf0       0x62 driver/timer.o
                0x000000000000bdf0                Timer0_A4_Delay
 .text.TIMER0_A0_ISR
                0x000000000000be52      0x292 driver/timer.o
                0x000000000000be52                TIMER0_A0_ISR
                0x000000000000be52                __isr_55
 .text.TIMER0_A1_5_ISR
                0x000000000000c0e4       0x82 driver/timer.o
                0x000000000000c0e4                __isr_54
                0x000000000000c0e4                TIMER0_A1_5_ISR
 .text          0x000000000000c166        0x0 simpliciti/Applications/application/End_Device/main_ED_BM.o
 .text.simpliciti_link
                0x000000000000c166       0xc0 simpliciti/Applications/application/End_Device/main_ED_BM.o
                0x000000000000c166                simpliciti_link
 .text.simpliciti_main_tx_only
                0x000000000000c226       0x4c simpliciti/Applications/application/End_Device/main_ED_BM.o
                0x000000000000c226                simpliciti_main_tx_only
 .text.simpliciti_main_sync
                0x000000000000c272       0xb8 simpliciti/Applications/application/End_Device/main_ED_BM.o
                0x000000000000c272                simpliciti_main_sync
 .text          0x000000000000c32a        0x0 simpliciti/Components/bsp/bsp.o
 .text.BSP_EARLY_INIT
                0x000000000000c32a       0xae simpliciti/Components/bsp/bsp.o
                0x000000000000c32a                BSP_EARLY_INIT
 .text.BSP_InitBoard
                0x000000000000c3d8       0x10 simpliciti/Components/bsp/bsp.o
                0x000000000000c3d8                BSP_InitBoard
 .text.BSP_Delay
                0x000000000000c3e8       0x36 simpliciti/Components/bsp/bsp.o
                0x000000000000c3e8                BSP_Delay
 .text.BSP_InitLeds
                0x000000000000c41e       0x18 simpliciti/Components/bsp/bsp.o
                0x000000000000c41e                BSP_InitLeds
 .text.BSP_InitButtons
                0x000000000000c436        0xe simpliciti/Components/bsp/bsp.o
                0x000000000000c436                BSP_InitButtons
 .text.BSP_InitDrivers
                0x000000000000c444        0xa simpliciti/Components/bsp/bsp.o
                0x000000000000c444                BSP_InitDrivers
 .text.BSP_Init
                0x000000000000c44e        0xe simpliciti/Components/bsp/bsp.o
                0x000000000000c44e                BSP_Init
 .text          0x000000000000c45c        0x0 simpliciti/Components/mrfi/mrfi.o
 .text.Mrfi_CalculateRssi
                0x000000000000c45c       0x32 simpliciti/Components/mrfi/mrfi.o
 .text.Mrfi_DelayUsec
                0x000000000000c48e       0x2e simpliciti/Components/mrfi/mrfi.o
 .text.MRFI_Receive
                0x000000000000c4bc        0xe simpliciti/Components/mrfi/mrfi.o
                0x000000000000c4bc                MRFI_Receive
 .text.MRFI_RandomByte
                0x000000000000c4ca       0x22 simpliciti/Components/mrfi/mrfi.o
                0x000000000000c4ca                MRFI_RandomByte
 .text.MRFI_DelayMs
                0x000000000000c4ec       0x18 simpliciti/Components/mrfi/mrfi.o
                0x000000000000c4ec                MRFI_DelayMs
 .text.MRFI_ReplyDelay
                0x000000000000c504       0x5e simpliciti/Components/mrfi/mrfi.o
                0x000000000000c504                MRFI_ReplyDelay
 .text.MRFI_PostKillSem
                0x000000000000c562        0xe simpliciti/Components/mrfi/mrfi.o
                0x000000000000c562                MRFI_PostKillSem
 .text.MRFI_GetRadioState
                0x000000000000c570        0x6 simpliciti/Components/mrfi/mrfi.o
                0x000000000000c570                MRFI_GetRadioState
 .text.mrfiRadioInterfaceInit
                0x000000000000c576        0x2 simpliciti/Components/mrfi/mrfi.o
                0x000000000000c576                mrfiRadioInterfaceInit
 .text.mrfiRadioInterfaceReadReg
                0x000000000000c578       0x44 simpliciti/Components/mrfi/mrfi.o
                0x000000000000c578                mrfiRadioInterfaceReadReg
 .text.MRFI_Rssi
                0x000000000000c5bc       0x22 simpliciti/Components/mrfi/mrfi.o
                0x000000000000c5bc                MRFI_Rssi
 .text.mrfiRadioInterfaceWriteReg
                0x000000000000c5de       0x36 simpliciti/Components/mrfi/mrfi.o
                0x000000000000c5de                mrfiRadioInterfaceWriteReg
 .text.mrfiRadioInterfaceCmdStrobe
                0x000000000000c614       0x90 simpliciti/Components/mrfi/mrfi.o
                0x000000000000c614                mrfiRadioInterfaceCmdStrobe
 .text.Mrfi_RxModeOff
                0x000000000000c6a4       0x2c simpliciti/Components/mrfi/mrfi.o
 .text.MRFI_RxIdle
                0x000000000000c6d0       0x1e simpliciti/Components/mrfi/mrfi.o
                0x000000000000c6d0                MRFI_RxIdle
 .text.Mrfi_RxModeOn
                0x000000000000c6ee       0x16 simpliciti/Components/mrfi/mrfi.o
 .text.MRFI_RxOn
                0x000000000000c704       0x20 simpliciti/Components/mrfi/mrfi.o
                0x000000000000c704                MRFI_RxOn
 .text.MRFI_WakeUp
                0x000000000000c724       0x22 simpliciti/Components/mrfi/mrfi.o
                0x000000000000c724                MRFI_WakeUp
 .text.MRFI_Sleep
                0x000000000000c746       0x26 simpliciti/Components/mrfi/mrfi.o
                0x000000000000c746                MRFI_Sleep
 .text.MRFI_DisableRxAddrFilter
                0x000000000000c76c       0x10 simpliciti/Components/mrfi/mrfi.o
                0x000000000000c76c                MRFI_DisableRxAddrFilter
 .text.MRFI_EnableRxAddrFilter
                0x000000000000c77c       0x1e simpliciti/Components/mrfi/mrfi.o
                0x000000000000c77c                MRFI_EnableRxAddrFilter
 .text.MRFI_SetRxAddrFilter
                0x000000000000c79a       0x2c simpliciti/Components/mrfi/mrfi.o
                0x000000000000c79a                MRFI_SetRxAddrFilter
 .text.MRFI_SetRFPwr
                0x000000000000c7c6       0x28 simpliciti/Components/mrfi/mrfi.o
                0x000000000000c7c6                MRFI_SetRFPwr
 .text.MRFI_SetLogicalChannel
                0x000000000000c7ee       0x30 simpliciti/Components/mrfi/mrfi.o
                0x000000000000c7ee                MRFI_SetLogicalChannel
 .text.MRFI_Init
                0x000000000000c81e      0x192 simpliciti/Components/mrfi/mrfi.o
                0x000000000000c81e                MRFI_Init
 .text.mrfiRadioInterfaceWriteTxFifo
                0x000000000000c9b0       0x36 simpliciti/Components/mrfi/mrfi.o
                0x000000000000c9b0                mrfiRadioInterfaceWriteTxFifo
 .text.MRFI_Transmit
                0x000000000000c9e6       0xe8 simpliciti/Components/mrfi/mrfi.o
                0x000000000000c9e6                MRFI_Transmit
 .text.mrfiRadioInterfaceReadRxFifo
                0x000000000000cace       0x74 simpliciti/Components/mrfi/mrfi.o
                0x000000000000cace                mrfiRadioInterfaceReadRxFifo
 .text.MRFI_RadioIsr
                0x000000000000cb42      0x17e simpliciti/Components/mrfi/mrfi.o
                0x000000000000cb42                MRFI_RadioIsr
 .text          0x000000000000ccc0        0x0 simpliciti/Components/nwk/nwk.o
 .text.map_lid2idx
                0x000000000000ccc0       0x32 simpliciti/Components/nwk/nwk.o
 .text.nwk_nwkInit
                0x000000000000ccf2       0x8e simpliciti/Components/nwk/nwk.o
                0x000000000000ccf2                nwk_nwkInit
 .text.nwk_getNextConnection
                0x000000000000cd80       0x6c simpliciti/Components/nwk/nwk.o
                0x000000000000cd80                nwk_getNextConnection
 .text.nwk_freeConnection
                0x000000000000cdec        0x6 simpliciti/Components/nwk/nwk.o
                0x000000000000cdec                nwk_freeConnection
 .text.nwk_getConnInfo
                0x000000000000cdf2       0x32 simpliciti/Components/nwk/nwk.o
                0x000000000000cdf2                nwk_getConnInfo
 .text.nwk_isLinkDuplicate
                0x000000000000ce24       0x30 simpliciti/Components/nwk/nwk.o
                0x000000000000ce24                nwk_isLinkDuplicate
 .text.nwk_findAddressMatch
                0x000000000000ce54       0x24 simpliciti/Components/nwk/nwk.o
                0x000000000000ce54                nwk_findAddressMatch
 .text.nwk_checkConnInfo
                0x000000000000ce78       0x26 simpliciti/Components/nwk/nwk.o
                0x000000000000ce78                nwk_checkConnInfo
 .text.nwk_isConnectionValid
                0x000000000000ce9e       0x8e simpliciti/Components/nwk/nwk.o
                0x000000000000ce9e                nwk_isConnectionValid
 .text.nwk_allocateLocalRxPort
                0x000000000000cf2c       0x8a simpliciti/Components/nwk/nwk.o
                0x000000000000cf2c                nwk_allocateLocalRxPort
 .text.nwk_isValidReply
                0x000000000000cfb6       0x3e simpliciti/Components/nwk/nwk.o
                0x000000000000cfb6                nwk_isValidReply
 .text.nwk_findPeer
                0x000000000000cff4       0x3a simpliciti/Components/nwk/nwk.o
                0x000000000000cff4                nwk_findPeer
 .text.nwk_checkAppMsgTID
                0x000000000000d02e       0x30 simpliciti/Components/nwk/nwk.o
                0x000000000000d02e                nwk_checkAppMsgTID
 .text.nwk_getNumObjectFromMsg
                0x000000000000d05e        0xe simpliciti/Components/nwk/nwk.o
                0x000000000000d05e                nwk_getNumObjectFromMsg
 .text.nwk_putNumObjectIntoMsg
                0x000000000000d06c       0x38 simpliciti/Components/nwk/nwk.o
                0x000000000000d06c                nwk_putNumObjectIntoMsg
 .text.nwk_NVObj
                0x000000000000d0a4        0x4 simpliciti/Components/nwk/nwk.o
                0x000000000000d0a4                nwk_NVObj
 .text          0x000000000000d0a8        0x0 simpliciti/Components/nwk/nwk_api.o
 .text.SMPL_Init
                0x000000000000d0a8       0x36 simpliciti/Components/nwk/nwk_api.o
                0x000000000000d0a8                SMPL_Init
 .text.SMPL_LinkListen
                0x000000000000d0de       0x68 simpliciti/Components/nwk/nwk_api.o
                0x000000000000d0de                SMPL_LinkListen
 .text.SMPL_SendOpt
                0x000000000000d146       0xec simpliciti/Components/nwk/nwk_api.o
                0x000000000000d146                SMPL_SendOpt
 .text.SMPL_Send
                0x000000000000d232        0x8 simpliciti/Components/nwk/nwk_api.o