################################################################################
#                                                                              #
#      IAR Universal Linker V5.7.0.39                                          #
#                                                                              #
#           Link time     =  10/Dec/2013  09:18:06                             #
#           Target CPU    =  MSP430                                            #
#           List file     =  "D:\ALaurent\Temp\git\EZ430-MyChronos\Sports Watc #
#                            h\915MHz - Limited IAR KickStart (USA)\List\ez430 #
#                            _chronos_915MHz.map"                              #
#           Output file 1 =  "D:\ALaurent\Temp\git\EZ430-MyChronos\Sports Watc #
#                            h\915MHz - Limited IAR KickStart (USA)\Exe\ez430_ #
#                            chronos_915MHz.d43"                               #
#                            Format: debug                                     #
#                            UBROF version 10.0.6                              #
#                            Using library modules for C-SPY (-rt)             #
#           Command line  =  --ks_version                                      #
#                            "D:\ALaurent\Temp\git\EZ430-MyChronos\Sports Watc #
#                            h\915MHz - Limited IAR KickStart (USA)\Obj\accele #
#                            ration.r43"                                       #
#                            "D:\ALaurent\Temp\git\EZ430-MyChronos\Sports Watc #
#                            h\915MHz - Limited IAR KickStart (USA)\Obj\alarm. #
#                            r43"                                              #
#                            "D:\ALaurent\Temp\git\EZ430-MyChronos\Sports Watc #
#                            h\915MHz - Limited IAR KickStart (USA)\Obj\altitu #
#                            de.r43"                                           #
#                            "D:\ALaurent\Temp\git\EZ430-MyChronos\Sports Watc #
#                            h\915MHz - Limited IAR KickStart (USA)\Obj\as.r43 #
#                            "                                                 #
#                            "D:\ALaurent\Temp\git\EZ430-MyChronos\Sports Watc #
#                            h\915MHz - Limited IAR KickStart (USA)\Obj\batter #
#                            y.r43"                                            #
#                            "D:\ALaurent\Temp\git\EZ430-MyChronos\Sports Watc #
#                            h\bluerobin\BlueRobin_RX_915MHz.r43"              #
#                            "D:\ALaurent\Temp\git\EZ430-MyChronos\Sports Watc #
#                            h\915MHz - Limited IAR KickStart (USA)\Obj\bluero #
#                            bin_stubs.r43"                                    #
#                            "D:\ALaurent\Temp\git\EZ430-MyChronos\Sports Watc #
#                            h\915MHz - Limited IAR KickStart (USA)\Obj\bmp_as #
#                            .r43"                                             #
#                            "D:\ALaurent\Temp\git\EZ430-MyChronos\Sports Watc #
#                            h\915MHz - Limited IAR KickStart (USA)\Obj\bmp_ps #
#                            .r43"                                             #
#                            "D:\ALaurent\Temp\git\EZ430-MyChronos\Sports Watc #
#                            h\simpliciti\CC430_End_Device_915MHz.r43"         #
#                            "D:\ALaurent\Temp\git\EZ430-MyChronos\Sports Watc #
#                            h\915MHz - Limited IAR KickStart (USA)\Obj\clock. #
#                            r43"                                              #
#                            "D:\ALaurent\Temp\git\EZ430-MyChronos\Sports Watc #
#                            h\915MHz - Limited IAR KickStart (USA)\Obj\cma_as #
#                            .r43"                                             #
#                            "D:\ALaurent\Temp\git\EZ430-MyChronos\Sports Watc #
#                            h\915MHz - Limited IAR KickStart (USA)\Obj\cma_ps #
#                            .r43"                                             #
#                            "D:\ALaurent\Temp\git\EZ430-MyChronos\Sports Watc #
#                            h\915MHz - Limited IAR KickStart (USA)\Obj\date.r #
#                            43"                                               #
#                            "D:\ALaurent\Temp\git\EZ430-MyChronos\Sports Watc #
#                            h\driver\ez430_chronos_drivers.r43"               #
#                            "D:\ALaurent\Temp\git\EZ430-MyChronos\Sports Watc #
#                            h\915MHz - Limited IAR KickStart (USA)\Obj\main.r #
#                            43"                                               #
#                            "D:\ALaurent\Temp\git\EZ430-MyChronos\Sports Watc #
#                            h\915MHz - Limited IAR KickStart (USA)\Obj\menu.r #
#                            43"                                               #
#                            "D:\ALaurent\Temp\git\EZ430-MyChronos\Sports Watc #
#                            h\915MHz - Limited IAR KickStart (USA)\Obj\ps.r43 #
#                            "                                                 #
#                            "D:\ALaurent\Temp\git\EZ430-MyChronos\Sports Watc #
#                            h\915MHz - Limited IAR KickStart (USA)\Obj\rfbsl. #
#                            r43"                                              #
#                            "D:\ALaurent\Temp\git\EZ430-MyChronos\Sports Watc #
#                            h\915MHz - Limited IAR KickStart (USA)\Obj\rfsimp #
#                            liciti.r43"                                       #
#                            "D:\ALaurent\Temp\git\EZ430-MyChronos\Sports Watc #
#                            h\915MHz - Limited IAR KickStart (USA)\Obj\stopwa #
#                            tch.r43"                                          #
#                            "D:\ALaurent\Temp\git\EZ430-MyChronos\Sports Watc #
#                            h\915MHz - Limited IAR KickStart (USA)\Obj\temper #
#                            ature.r43"                                        #
#                            "D:\ALaurent\Temp\git\EZ430-MyChronos\Sports Watc #
#                            h\915MHz - Limited IAR KickStart (USA)\Obj\user.r #
#                            43"                                               #
#                            -o                                                #
#                            "D:\ALaurent\Temp\git\EZ430-MyChronos\Sports Watc #
#                            h\915MHz - Limited IAR KickStart (USA)\Exe\ez430_ #
#                            chronos_915MHz.d43"                               #
#                            -l                                                #
#                            "D:\ALaurent\Temp\git\EZ430-MyChronos\Sports Watc #
#                            h\915MHz - Limited IAR KickStart (USA)\List\ez430 #
#                            _chronos_915MHz.map"                              #
#                            -xmsn                                             #
#                            "-ID:\ALaurent\eZ430\dev\IAR Embedded Workbench 6 #
#                            .5\430\LIB\"                                      #
#                            -f                                                #
#                            "D:\ALaurent\eZ430\dev\IAR Embedded Workbench 6.5 #
#                            \430\CONFIG\lnkCC430F6137.xcl"                    #
#                            (-cmsp430 -D?CPU30_OFFSET=2 -QCODE_I=CODE_ID      #
#                            -QTLS16_I=TLS16_ID                                #
#                            -Z(DATA)DATA16_I,DATA16_Z,DATA16_N,TLS16_I,DATA16 #
#                            _HEAP+_DATA16_HEAP_SIZE=1C00-2BFD                 #
#                            -Z(DATA)CODE_I -Z(DATA)CSTACK+_STACK_SIZE#        #
#                            -Z(CONST)INFO=1800-19FF                           #
#                            -Z(CONST)INFOA=1980-19FF                          #
#                            -Z(CONST)INFOB=1900-197F                          #
#                            -Z(CONST)INFOC=1880-18FF                          #
#                            -Z(CONST)INFOD=1800-187F                          #
#                            -Z(CONST)DATA16_C,DATA16_ID,TLS16_ID,DIFUNCT,CHEC #
#                            KSUM=8000-FF7F                                    #
#                            -Z(CODE)CSTART,ISR_CODE,CODE_ID=8000-FF7F         #
#                            -P(CODE)CODE=8000-FF7F -Z(CODE)INTVEC=FF80-FFFF   #
#                            -Z(CODE)RESET=FFFE-FFFF) -D_STACK_SIZE=50 -rt     #
#                            "D:\ALaurent\eZ430\dev\IAR Embedded Workbench 6.5 #
#                            \430\LIB\DLIB\dl430xsfn.r43"                      #
#                            -e_PrintfLarge=_Printf -e_ScanfLarge=_Scanf       #
#                            -D_DATA16_HEAP_SIZE=50 -s __program_start         #
#                            -D_DATA20_HEAP_SIZE=50                            #
#                                                                              #
#                           Copyright (C) 1987-2013 IAR Systems AB.            #
################################################################################





                ****************************************
                *                                      *
                *           CROSS REFERENCE            *
                *                                      *
                ****************************************

       Program entry at :           8508  Relocatable, from module : ?cstart




                ****************************************
                *                                      *
                *            RUNTIME MODEL             *
                *                                      *
                ****************************************

  __Heap_Handler             = Basic
  __SystemLibrary            = DLib
  __core                     = 430X
  __data_model               = small
  __dlib_file_descriptor     = 0
  __dlib_full_locale_support = 0
  __double_size              = 32
  __pic                      = no
  __reg_r4                   = free
  __reg_r5                   = free
  __rt_version               = 3

                ****************************************
                *                                      *
                *    AUTOMATIC SYMBOL REDIRECTIONS     *
                *                                      *
                ****************************************

                  There are no automatic symbol redirections.



                ****************************************
                *                                      *
                *              MODULE MAP              *
                *                                      *
                ****************************************


  DEFINED ABSOLUTE ENTRIES
    *************************************************************************

  DEFINED ABSOLUTE ENTRIES
  PROGRAM MODULE, NAME : ?ABS_ENTRY_MOD

Absolute parts
           ENTRY                   ADDRESS         REF BY
           =====                   =======         ======
           _DATA20_HEAP_SIZE       0050 
           _DATA16_HEAP_SIZE       0050 
           _STACK_SIZE             0050 
           ?CPU30_OFFSET           0002 
    *************************************************************************

  FILE NAME : D:\ALaurent\Temp\git\EZ430-MyChronos\Sports Watch\915MHz - Limited IAR KickStart (USA)\Obj\acceleration.r43
  PROGRAM MODULE, NAME : acceleration

  SEGMENTS IN THE MODULE
  ======================
DATA16_Z
  Relative segment, address: 1C78 - 1C81 (0xa bytes), align: 1
  Segment part 3.             Intra module refs:   display_acceleration
                                                   do_acceleration_measurement
                                                   is_acceleration_measurement
                                                   reset_acceleration
                                                   sx_acceleration
           ENTRY                   ADDRESS         REF BY
           =====                   =======         ======
           sAccel                  1C78            TIMER0_A0_ISR (timer)
                                                   simpliciti_get_ed_data_callback (rfsimpliciti)
    -------------------------------------------------------------------------
DATA16_C
  Relative segment, address: 8150 - 8153 (0x4 bytes), align: 0
  Segment part 2.             Intra module refs:   display_acceleration
    -------------------------------------------------------------------------
DATA16_C
  Relative segment, address: 8000 - 800D (0xe bytes), align: 1
  Segment part 4.             Intra module refs:   convert_acceleration_value_to_mgrav
           ENTRY                   ADDRESS         REF BY
           =====                   =======         ======
           bmp_mgrav_per_bit       8000 
    -------------------------------------------------------------------------
DATA16_C
  Relative segment, address: 800E - 801B (0xe bytes), align: 1
  Segment part 5.             Intra module refs:   convert_acceleration_value_to_mgrav
           ENTRY                   ADDRESS         REF BY
           =====                   =======         ======
           cma_mgrav_per_bit       800E 
    -------------------------------------------------------------------------
<CODE> 1 (was CODE)
  Relative segment, address: E14C - E159 (0xe bytes), align: 1
  Segment part 12.
           ENTRY                   ADDRESS         REF BY
           =====                   =======         ======
           reset_acceleration      E14C            init_global_variables (main)
               CSTACK = 00000000 ( 00000004 )
    -------------------------------------------------------------------------
<CODE> 1 (was CODE)
  Relative segment, address: D542 - D569 (0x28 bytes), align: 1
  Segment part 11.
           ENTRY                   ADDRESS         REF BY
           =====                   =======         ======
           sx_acceleration         D542            menu_L1_Acceleration (menu)
               calls direct
               CSTACK = 00000000 ( 00000004 )
    -------------------------------------------------------------------------
<CODE> 1 (was CODE)
  Relative segment, address: C90E - C955 (0x48 bytes), align: 1
  Segment part 9.             Intra module refs:   display_acceleration
           ENTRY                   ADDRESS         REF BY
           =====                   =======         ======
           convert_acceleration_value_to_mgrav
                                   C90E 
               CSTACK = 00000000 ( 00000010 )
    -------------------------------------------------------------------------
<CODE> 1 (was CODE)
  Relative segment, address: DB9A - DBB1 (0x18 bytes), align: 1
  Segment part 8.             Intra module refs:   display_acceleration
           ENTRY                   ADDRESS         REF BY
           =====                   =======         ======
           is_acceleration_measurement
                                   DB9A            TIMER0_A0_ISR (timer)
               CSTACK = 00000000 ( 00000004 )
    -------------------------------------------------------------------------
<CODE> 1 (was CODE)
  Relative segment, address: DA08 - DA23 (0x1c bytes), align: 1
  Segment part 7.
           ENTRY                   ADDRESS         REF BY
           =====                   =======         ======
           do_acceleration_measurement
                                   DA08            process_requests (main)
               calls direct
               CSTACK = 00000000 ( 00000004 )
    -------------------------------------------------------------------------
<CODE> 1 (was CODE)
  Relative segment, address: 98B0 - 99EF (0x140 bytes), align: 1
  Segment part 6.
           ENTRY                   ADDRESS         REF BY
           =====                   =======         ======
           display_acceleration    98B0            menu_L1_Acceleration (menu)
               calls direct
               CSTACK = 00000000 ( 00000010 )

    *************************************************************************

  FILE NAME : D:\ALaurent\Temp\git\EZ430-MyChronos\Sports Watch\915MHz - Limited IAR KickStart (USA)\Obj\alarm.r43
  PROGRAM MODULE, NAME : alarm

  SEGMENTS IN THE MODULE
  ======================
DATA16_Z
  Relative segment, address: 1D90 - 1D93 (0x4 bytes), align: 0
  Segment part 2.             Intra module refs:   check_alarm
                                                   display_alarm
                                                   mx_alarm
                                                   reset_alarm
                                                   stop_alarm
                                                   sx_alarm
           ENTRY                   ADDRESS         REF BY
           =====                   =======         ======
           sAlarm                  1D90            PORT2_ISR (ports)
                                                   TIMER0_A0_ISR (timer)
                                                   simpliciti_sync_decode_ap_cmd_callback (rfsimpliciti)
                                                   simpliciti_sync_get_data_callback (rfsimpliciti)
    -------------------------------------------------------------------------
<CODE> 1 (was CODE)
  Relative segment, address: DB6A - DB81 (0x18 bytes), align: 1
  Segment part 10.
           ENTRY                   ADDRESS         REF BY
           =====                   =======         ======
           reset_alarm             DB6A            init_global_variables (main)
               CSTACK = 00000000 ( 00000004 )
    -------------------------------------------------------------------------
<CODE> 1 (was CODE)
  Relative segment, address: D9EC - DA07 (0x1c bytes), align: 1
  Segment part 9.
           ENTRY                   ADDRESS         REF BY
           =====                   =======         ======
           check_alarm             D9EC            TIMER0_A0_ISR (timer)
               CSTACK = 00000000 ( 00000004 )
    -------------------------------------------------------------------------
<CODE> 1 (was CODE)
  Relative segment, address: E404 - E40B (0x8 bytes), align: 1
  Segment part 8.
           ENTRY                   ADDRESS         REF BY
           =====                   =======         ======
           stop_alarm              E404            PORT2_ISR (ports)
                                                   TIMER0_A0_ISR (timer)
               calls direct
               CSTACK = 00000000 ( 00000004 )
    -------------------------------------------------------------------------
<CODE> 1 (was CODE)
  Relative segment, address: D056 - D087 (0x32 bytes), align: 1
  Segment part 7.
           ENTRY                   ADDRESS         REF BY
           =====                   =======         ======
           sx_alarm                D056            menu_L1_Alarm (menu)
               CSTACK = 00000000 ( 00000004 )
    -------------------------------------------------------------------------
<CODE> 1 (was CODE)
  Relative segment, address: A40E - A4FD (0xf0 bytes), align: 1
  Segment part 6.
           ENTRY                   ADDRESS         REF BY
           =====                   =======         ======
           mx_alarm                A40E            menu_L1_Alarm (menu)
               calls direct
               CSTACK = 00000000 ( 0000001A )
    -------------------------------------------------------------------------
<CODE> 1 (was CODE)
  Relative segment, address: B702 - B793 (0x92 bytes), align: 1
  Segment part 3.
           ENTRY                   ADDRESS         REF BY
           =====                   =======         ======
           display_alarm           B702            menu_L1_Alarm (menu)
               calls direct
               CSTACK = 00000000 ( 00000008 )
    -------------------------------------------------------------------------
<CODE> 1 (was CODE)
  Relative segment, address: D8E6 - D8F5 (0x10 bytes), align: 1
  Segment part 4.             Intra module refs:   display_alarm
           LOCAL                   ADDRESS         
           =====                   =======         
           ?Subroutine0            D8E6 
    -------------------------------------------------------------------------
<CODE> 1 (was CODE)
  Relative segment, address: D8F6 - D903 (0xe bytes), align: 1
  Segment part 5.             Intra module refs:   ?Subroutine0
                                                   display_alarm
           LOCAL                   ADDRESS         
           =====                   =======         
           ?Subroutine1            D8F6 

    *************************************************************************

  FILE NAME : D:\ALaurent\Temp\git\EZ430-MyChronos\Sports Watch\915MHz - Limited IAR KickStart (USA)\Obj\altitude.r43
  PROGRAM MODULE, NAME : altitude

  SEGMENTS IN THE MODULE
  ======================
DATA16_AN
  Relative segment, address: 0200 - 0201 (0x2 bytes), align: 0
  Segment part 1. ROOT.       Intra module refs:   PORT2_ISR (ports)
                                                   TIMER0_A0_ISR (timer)
                                                   button_repeat_function (ports)
                                                   do_altitude_measurement
                                                   start_altitude_measurement
                                                   wakeup_event (main)
           ENTRY                   ADDRESS         REF BY
           =====                   =======         ======
           _A_PAIN_L               0200 
           LOCAL                   ADDRESS         
           =====                   =======         
           PAIN                    0200 
           PAIN_H                  0201 
           PAIN_L                  0200 
    -------------------------------------------------------------------------
DATA16_AN
  Relative segment, address: 021A - 021B (0x2 bytes), align: 0
  Segment part 2. ROOT.       Intra module refs:   PORT2_ISR (ports)
                                                   as_start (as)
                                                   as_stop (as)
                                                   bmp_as_start (bmp_as)
                                                   init_buttons (ports)
                                                   start_altitude_measurement
                                                   stop_altitude_measurement
                                                   sx_ppt (rfsimpliciti)
                                                   sx_rf (rfsimpliciti)
                                                   sx_sync (rfsimpliciti)
           ENTRY                   ADDRESS         REF BY
           =====                   =======         ======
           _A_PAIE_L               021A 
           LOCAL                   ADDRESS         
           =====                   =======         
           PAIE                    021A 
           PAIE_H                  021B 
           PAIE_L                  021A 
    -------------------------------------------------------------------------
DATA16_AN
  Relative segment, address: 021C - 021D (0x2 bytes), align: 0
  Segment part 3. ROOT.       Intra module refs:   PORT2_ISR (ports)
                                                   as_start (as)
                                                   bmp_as_start (bmp_as)
                                                   init_buttons (ports)
                                                   start_altitude_measurement
                                                   start_simpliciti_sync (rfsimpliciti)
                                                   start_simpliciti_tx_only (rfsimpliciti)
                                                   stop_altitude_measurement
           ENTRY                   ADDRESS         REF BY
           =====                   =======         ======
           _A_PAIFG_L              021C 
           LOCAL                   ADDRESS         
           =====                   =======         
           PAIFG                   021C 
           PAIFG_H                 021D 
           PAIFG_L                 021C 
    -------------------------------------------------------------------------
DATA16_Z
  Relative segment, address: 1C82 - 1C8F (0xe bytes), align: 1
  Segment part 6.             Intra module refs:   ?Subroutine5
                                                   display_altitude
                                                   do_altitude_measurement
                                                   is_altitude_measurement
                                                   mx_altitude
                                                   reset_altitude_measurement
                                                   start_altitude_measurement
                                                   stop_altitude_measurement
           ENTRY                   ADDRESS         REF BY
           =====                   =======         ======
           sAlt                    1C82            TIMER0_A0_ISR (timer)
                                                   read_calibration_values (main)
                                                   simpliciti_sync_decode_ap_cmd_callback (rfsimpliciti)
                                                   simpliciti_sync_get_data_callback (rfsimpliciti)
    -------------------------------------------------------------------------
<CODE> 1 (was CODE)
  Relative segment, address: CEE8 - CF1F (0x38 bytes), align: 1
  Segment part 23.
           ENTRY                   ADDRESS         REF BY
           =====                   =======         ======
           reset_altitude_measurement
                                   CEE8            init_global_variables (main)
               calls direct
               CSTACK = 00000000 ( 00000004 )
    -------------------------------------------------------------------------
<CODE> 1 (was CODE)
  Relative segment, address: E122 - E12F (0xe bytes), align: 1
  Segment part 24.            Intra module refs:   mx_altitude
                                                   reset_altitude_measurement
           LOCAL                   ADDRESS         
           =====                   =======         
           ?Subroutine5            E122 
    -------------------------------------------------------------------------
<CODE> 1 (was CODE)
  Relative segment, address: CD60 - CD71 (0x12 bytes), align: 1
  Segment part 19.            Intra module refs:   mx_altitude
           ENTRY                   ADDRESS         REF BY
           =====                   =======         ======
           convert_ft_to_m         CD60 
               CSTACK = 00000000 ( 00000004 )
    -------------------------------------------------------------------------
<CODE> 1 (was CODE)
  Relative segment, address: CD72 - CD77 (0x6 bytes), align: 1
  Segment part 20.            Intra module refs:   convert_ft_to_m
                                                   convert_m_to_ft
           LOCAL                   ADDRESS         
           =====                   =======         
           ?Subroutine1            CD72 
    -------------------------------------------------------------------------
<CODE> 1 (was CODE)
  Relative segment, address: CD78 - CD81 (0xa bytes), align: 1
  Segment part 21.            Intra module refs:   ?Subroutine2
                                                   ?Subroutine3
                                                   convert_ft_to_m
                                                   convert_m_to_ft
           LOCAL                   ADDRESS         
           =====                   =======         
           ?Subroutine6            CD78 
    -------------------------------------------------------------------------
<CODE> 1 (was CODE)
  Relative segment, address: CD82 - CD97 (0x16 bytes), align: 1
  Segment part 22.            Intra module refs:   display_altitude
                                                   mx_altitude
           ENTRY                   ADDRESS         REF BY
           =====                   =======         ======
           convert_m_to_ft         CD82 
               CSTACK = 00000000 ( 00000004 )
    -------------------------------------------------------------------------
<CODE> 1 (was CODE)
  Relative segment, address: DBB2 - DBC9 (0x18 bytes), align: 1
  Segment part 18.
           ENTRY                   ADDRESS         REF BY
           =====                   =======         ======
           is_altitude_measurement
                                   DBB2            TIMER0_A0_ISR (timer)
               CSTACK = 00000000 ( 00000004 )
    -------------------------------------------------------------------------
<CODE> 1 (was CODE)
  Relative segment, address: C6BC - C707 (0x4c bytes), align: 1
  Segment part 17.            Intra module refs:   display_altitude
                                                   reset_altitude_measurement
           ENTRY                   ADDRESS         REF BY
           =====                   =======         ======
           start_altitude_measurement
                                   C6BC            start_simpliciti_sync (rfsimpliciti)
               calls direct
               CSTACK = 00000000 ( 00000004 )
    -------------------------------------------------------------------------
<CODE> 1 (was CODE)
  Relative segment, address: D56A - D591 (0x28 bytes), align: 1
  Segment part 16.            Intra module refs:   display_altitude
                                                   reset_altitude_measurement
           ENTRY                   ADDRESS         REF BY
           =====                   =======         ======
           stop_altitude_measurement
                                   D56A            TIMER0_A0_ISR (timer)
                                                   start_simpliciti_sync (rfsimpliciti)
               calls direct
               CSTACK = 00000000 ( 00000004 )
    -------------------------------------------------------------------------
<CODE> 1 (was CODE)
  Relative segment, address: 919A - 9251 (0xb8 bytes), align: 1
  Segment part 11.
           ENTRY                   ADDRESS         REF BY
           =====                   =======         ======
           mx_altitude             919A            menu_L1_Altitude (menu)
               calls direct
               CSTACK = 00000000 ( 0000001E )
    -------------------------------------------------------------------------
<CODE> 1 (was CODE)
  Relative segment, address: 9252 - 9257 (0x6 bytes), align: 1
  Segment part 12.            Intra module refs:   do_altitude_measurement
                                                   mx_altitude
           LOCAL                   ADDRESS         
           =====                   =======         
           ?Subroutine0            9252 
    -------------------------------------------------------------------------
<CODE> 1 (was CODE)
  Relative segment, address: 9258 - 9265 (0xe bytes), align: 1
  Segment part 13.            Intra module refs:   mx_altitude
           LOCAL                   ADDRESS         
           =====                   =======         
           ?Subroutine2            9258 
    -------------------------------------------------------------------------
<CODE> 1 (was CODE)
  Relative segment, address: 9266 - 9267 (0x2 bytes), align: 1
  Segment part 14.
           ENTRY                   ADDRESS         REF BY
           =====                   =======         ======
           sx_altitude             9266            menu_L1_Altitude (menu)
               CSTACK = 00000000 ( 00000004 )
    -------------------------------------------------------------------------
<CODE> 1 (was CODE)
  Relative segment, address: 9268 - 932B (0xc4 bytes), align: 1
  Segment part 15.            Intra module refs:   start_altitude_measurement
           ENTRY                   ADDRESS         REF BY
           =====                   =======         ======
           do_altitude_measurement
                                   9268            process_requests (main)
               calls direct
               CSTACK = 00000000 ( 00000010 )
    -------------------------------------------------------------------------
<CODE> 1 (was CODE)
  Relative segment, address: ABDE - ACA1 (0xc4 bytes), align: 1
  Segment part 7.
           ENTRY                   ADDRESS         REF BY
           =====                   =======         ======
           display_altitude        ABDE            menu_L1_Altitude (menu)
               calls direct
               CSTACK = 00000000 ( 00000008 )
    -------------------------------------------------------------------------
<CODE> 1 (was CODE)
  Relative segment, address: E3D4 - E3D5 (0x2 bytes), align: 1
  Segment part 8.             Intra module refs:   display_altitude
           LOCAL                   ADDRESS         
           =====                   =======         
           ?Subroutine4            E3D4 
    -------------------------------------------------------------------------
<CODE> 1 (was CODE)
  Relative segment, address: E3D6 - E3DB (0x6 bytes), align: 1
  Segment part 9.             Intra module refs:   ?Subroutine4
                                                   display_altitude
    -------------------------------------------------------------------------
<CODE> 1 (was CODE)
  Relative segment, address: E292 - E29D (0xc bytes), align: 1
  Segment part 10.            Intra module refs:   display_altitude
           LOCAL                   ADDRESS         
           =====                   =======         
           ?Subroutine3            E292 
    -------------------------------------------------------------------------
DATA16_C
  Relative segment, address: 8154 - 8157 (0x4 bytes), align: 0
  Segment part 5.             Intra module refs:   start_altitude_measurement

    *************************************************************************

  FILE NAME : D:\ALaurent\Temp\git\EZ430-MyChronos\Sports Watch\915MHz - Limited IAR KickStart (USA)\Obj\as.r43
  PROGRAM MODULE, NAME : as

  SEGMENTS IN THE MODULE
  ======================
DATA16_AN
  Relative segment, address: 0202 - 0203 (0x2 bytes), align: 0
  Segment part 1. ROOT.       Intra module refs:   PORT2_ISR (ports)
                                                   TIMER0_A0_ISR (timer)
                                                   as_init
                                                   as_stop
                                                   init_application (main)
                                                   init_buttons (ports)
                                                   stop_buzzer (buzzer)
                                                   sx_ppt (rfsimpliciti)
                                                   sx_rf (rfsimpliciti)
                                                   sx_sync (rfsimpliciti)
                                                   toggle_buzzer (buzzer)
           ENTRY                   ADDRESS         REF BY
           =====                   =======         ======
           _A_PAOUT_L              0202 
           LOCAL                   ADDRESS         
           =====                   =======         
           PAOUT                   0202 
           PAOUT_H                 0203 
           PAOUT_L                 0202 
    -------------------------------------------------------------------------
DATA16_AN
  Relative segment, address: 0204 - 0205 (0x2 bytes), align: 0
  Segment part 2. ROOT.       Intra module refs:   PORT2_ISR (ports)
                                                   TIMER0_A0_ISR (timer)
                                                   as_init
                                                   as_start
                                                   as_stop
                                                   init_application (main)
                                                   init_buttons (ports)
                                                   ps_init (ps)
                                                   sx_ppt (rfsimpliciti)
                                                   sx_rf (rfsimpliciti)
                                                   sx_sync (rfsimpliciti)
           ENTRY                   ADDRESS         REF BY
           =====                   =======         ======
           _A_PADIR_L              0204 
           LOCAL                   ADDRESS         
           =====                   =======         
           PADIR                   0204 
           PADIR_H                 0205 
           PADIR_L                 0204 
    -------------------------------------------------------------------------
DATA16_AN
  Relative segment, address: 0206 - 0207 (0x2 bytes), align: 0
  Segment part 3. ROOT.       Intra module refs:   as_read_register
                                                   as_start
                                                   as_write_register
                                                   init_buttons (ports)
           ENTRY                   ADDRESS         REF BY
           =====                   =======         ======
           _A_PAREN_L              0206 
           LOCAL                   ADDRESS         
           =====                   =======         
           PAREN                   0206 
           PAREN_H                 0207 
           PAREN_L                 0206 
    -------------------------------------------------------------------------
DATA16_AN
  Relative segment, address: 020A - 020B (0x2 bytes), align: 0
  Segment part 4. ROOT.       Intra module refs:   as_start
                                                   as_stop
                                                   start_buzzer (buzzer)
                                                   stop_buzzer (buzzer)
                                                   toggle_buzzer (buzzer)
           ENTRY                   ADDRESS         REF BY
           =====                   =======         ======
           _A_PASEL_L              020A 
           LOCAL                   ADDRESS         
           =====                   =======         
           PASEL                   020A 
           PASEL_H                 020B 
           PASEL_L                 020A 
    -------------------------------------------------------------------------
DATA16_AN
  Relative segment, address: 0218 - 0219 (0x2 bytes), align: 0
  Segment part 5. ROOT.       Intra module refs:   PORT2_ISR (ports)
                                                   TIMER0_A0_ISR (timer)
                                                   as_start
                                                   init_buttons (ports)
                                                   ps_init (ps)
           ENTRY                   ADDRESS         REF BY
           =====                   =======         ======
           _A_PAIES_L              0218 
           LOCAL                   ADDRESS         
           =====                   =======         
           PAIES                   0218 
           PAIES_H                 0219 
           PAIES_L                 0218 
    -------------------------------------------------------------------------
DATA16_AN
  Relative segment, address: 0322 - 0323 (0x2 bytes), align: 0
  Segment part 8. ROOT.       Intra module refs:   as_init
                                                   as_read_register
                                                   as_start
                                                   as_stop
                                                   as_write_register
                                                   bmp_as_get_data (bmp_as)
                                                   cma_as_get_data (cma_as)
                                                   ps_i2c_read (ps)
                                                   ps_i2c_sda (ps)
                                                   ps_i2c_write (ps)
                                                   ps_init (ps)
           ENTRY                   ADDRESS         REF BY
           =====                   =======         ======
           _A_PJOUT_L              0322 
           LOCAL                   ADDRESS         
           =====                   =======         
           PJOUT                   0322 
           PJOUT_H                 0323 
           PJOUT_L                 0322 
    -------------------------------------------------------------------------
DATA16_AN
  Relative segment, address: 0324 - 0325 (0x2 bytes), align: 0
  Segment part 9. ROOT.       Intra module refs:   as_init
                                                   as_stop
                                                   ps_i2c_read (ps)
                                                   ps_i2c_sda (ps)
                                                   ps_i2c_write (ps)
                                                   ps_init (ps)
           ENTRY                   ADDRESS         REF BY
           =====                   =======         ======
           _A_PJDIR_L              0324 
           LOCAL                   ADDRESS         
           =====                   =======         
           PJDIR                   0324 
           PJDIR_H                 0325 
           PJDIR_L                 0324 
    -------------------------------------------------------------------------
DATA16_AN
  Relative segment, address: 05CC - 05CC (0x1 bytes), align: 0
  Segment part 10. ROOT.      Intra module refs:   as_read_register
                                                   as_write_register
           ENTRY                   ADDRESS         REF BY
           =====                   =======         ======
           UCA0RXBUF               05CC 
    -------------------------------------------------------------------------
DATA16_AN
  Relative segment, address: 05CE - 05CE (0x1 bytes), align: 0
  Segment part 11. ROOT.      Intra module refs:   as_read_register
                                                   as_write_register
           ENTRY                   ADDRESS         REF BY
           =====                   =======         ======
           UCA0TXBUF               05CE 
    -------------------------------------------------------------------------
DATA16_AN
  Relative segment, address: 05DC - 05DD (0x2 bytes), align: 0
  Segment part 12. ROOT.      Intra module refs:   as_read_register
                                                   as_write_register
           ENTRY                   ADDRESS         REF BY
           =====                   =======         ======
           _A_UCA0ICTL_L           05DC 
           LOCAL                   ADDRESS         
           =====                   =======         
           UCA0ICTL                05DC 
           UCA0ICTL_H              05DD 
           UCA0ICTL_L              05DC 
    -------------------------------------------------------------------------
DATA16_Z
  Relative segment, address: 1D94 - 1D94 (0x1 bytes), align: 0
  Segment part 14.            Intra module refs:   ?Subroutine1
                                                   as_init
                                                   as_read_register
                                                   as_write_register
           ENTRY                   ADDRESS         REF BY
           =====                   =======         ======
           as_ok                   1D94            display_acceleration (acceleration)
    -------------------------------------------------------------------------
<CODE> 1 (was CODE)
  Relative segment, address: D604 - D613 (0x10 bytes), align: 1
  Segment part 20.
           ENTRY                   ADDRESS         REF BY
           =====                   =======         ======
           as_stop                 D604            bmp_as_stop (bmp_as)
                                                   cma_as_stop (cma_as)
               CSTACK = 00000000 ( 00000004 )
    -------------------------------------------------------------------------
<CODE> 1 (was CODE)
  Relative segment, address: D614 - D629 (0x16 bytes), align: 1
  Segment part 21.            Intra module refs:   as_init
                                                   as_stop
           LOCAL                   ADDRESS         
           =====                   =======         
           ?Subroutine3            D614 
    -------------------------------------------------------------------------
<CODE> 1 (was CODE)
  Relative segment, address: DE52 - DE63 (0x12 bytes), align: 1
  Segment part 23.
           ENTRY                   ADDRESS         REF BY
           =====                   =======         ======
           as_init                 DE52            init_application (main)
               CSTACK = 00000000 ( 00000004 )
    -------------------------------------------------------------------------
<CODE> 1 (was CODE)
  Relative segment, address: DE2E - DE3F (0x12 bytes), align: 1
  Segment part 24.            Intra module refs:   as_init
                                                   as_stop
           LOCAL                   ADDRESS         
           =====                   =======         
           ?Subroutine4            DE2E 
    -------------------------------------------------------------------------
<CODE> 1 (was CODE)
  Relative segment, address: CBCA - CC05 (0x3c bytes), align: 1
  Segment part 22.
           ENTRY                   ADDRESS         REF BY
           =====                   =======         ======
           as_start                CBCA            bmp_as_start (bmp_as)
                                                   cma_as_start (cma_as)
               calls direct
               CSTACK = 00000000 ( 00000004 )
    -------------------------------------------------------------------------
<CODE> 1 (was CODE)
  Relative segment, address: B4A2 - B4E1 (0x40 bytes), align: 1
  Segment part 15.
           ENTRY                   ADDRESS         REF BY
           =====                   =======         ======
           as_write_register       B4A2            bmp_as_write_register (bmp_as)
                                                   cma_as_write_register (cma_as)
               CSTACK = 00000000 ( 00000004 )
    -------------------------------------------------------------------------
<CODE> 1 (was CODE)
  Relative segment, address: B4E2 - B4E9 (0x8 bytes), align: 1
  Segment part 16.            Intra module refs:   as_read_register
                                                   as_write_register
           LOCAL                   ADDRESS         
           =====                   =======         
           ?Subroutine1            B4E2 
    -------------------------------------------------------------------------
<CODE> 1 (was CODE)
  Relative segment, address: B4EA - B4F9 (0x10 bytes), align: 1
  Segment part 17.            Intra module refs:   as_read_register
                                                   as_write_register
           LOCAL                   ADDRESS         
           =====                   =======         
           ?Subroutine0            B4EA 
    -------------------------------------------------------------------------
<CODE> 1 (was CODE)
  Relative segment, address: B4FA - B539 (0x40 bytes), align: 1
  Segment part 18.
           ENTRY                   ADDRESS         REF BY
           =====                   =======         ======
           as_read_register        B4FA            bmp_as_read_register (bmp_as)
                                                   cma_as_read_register (cma_as)
               CSTACK = 00000000 ( 00000004 )
    -------------------------------------------------------------------------
<CODE> 1 (was CODE)
  Relative segment, address: DBE2 - DBF9 (0x18 bytes), align: 1
  Segment part 19.            Intra module refs:   as_read_register
                                                   as_write_register
           LOCAL                   ADDRESS         
           =====                   =======         
           ?Subroutine2            DBE2 

    *************************************************************************

  FILE NAME : D:\ALaurent\Temp\git\EZ430-MyChronos\Sports Watch\915MHz - Limited IAR KickStart (USA)\Obj\battery.r43
  PROGRAM MODULE, NAME : battery

  SEGMENTS IN THE MODULE
  ======================
DATA16_Z
  Relative segment, address: 1C90 - 1C95 (0x6 bytes), align: 1
  Segment part 2.             Intra module refs:   ?Subroutine0
                                                   battery_measurement
                                                   display_battery_V
                                                   reset_batt_measurement
           ENTRY                   ADDRESS         REF BY
           =====                   =======         ======
           sBatt                   1C90            TIMER0_A0_ISR (timer)
                                                   read_calibration_values (main)
    -------------------------------------------------------------------------
<CODE> 1 (was CODE)
  Relative segment, address: DDF8 - DE09 (0x12 bytes), align: 1
  Segment part 6.
           ENTRY                   ADDRESS         REF BY
           =====                   =======         ======
           reset_batt_measurement
                                   DDF8            init_global_variables (main)
               CSTACK = 00000000 ( 00000004 )
    -------------------------------------------------------------------------
<CODE> 1 (was CODE)
  Relative segment, address: BEFC - BF61 (0x66 bytes), align: 1
  Segment part 5.
           ENTRY                   ADDRESS         REF BY
           =====                   =======         ======
           battery_measurement     BEFC            init_global_variables (main)
                                                   process_requests (main)
               calls direct
               CSTACK = 00000000 ( 00000004 )
    -------------------------------------------------------------------------
<CODE> 1 (was CODE)
  Relative segment, address: CA1A - CA59 (0x40 bytes), align: 1
  Segment part 3.
           ENTRY                   ADDRESS         REF BY
           =====                   =======         ======
           display_battery_V       CA1A            menu_L2_Battery (menu)
               calls direct
               CSTACK = 00000000 ( 00000004 )
    -------------------------------------------------------------------------
<CODE> 1 (was CODE)
  Relative segment, address: D9B4 - D9CF (0x1c bytes), align: 1
  Segment part 4.             Intra module refs:   display_battery_V
           LOCAL                   ADDRESS         
           =====                   =======         
           ?Subroutine0            D9B4 

    *************************************************************************

  FILE NAME : D:\ALaurent\Temp\git\EZ430-MyChronos\Sports Watch\915MHz - Limited IAR KickStart (USA)\Obj\bluerobin_stubs.r43
  PROGRAM MODULE, NAME : bluerobin_stubs

  SEGMENTS IN THE MODULE
  ======================
<CODE> 1 (was CODE)
  Relative segment, address: E4C6 - E4C7 (0x2 bytes), align: 1
  Segment part 9.
           ENTRY                   ADDRESS         REF BY
           =====                   =======         ======
           BlueRobin_RadioISR_v    E4C6            radio_ISR (radio)
               CSTACK = 00000000 ( 00000004 )
    -------------------------------------------------------------------------
<CODE> 1 (was CODE)
  Relative segment, address: E4C4 - E4C5 (0x2 bytes), align: 1
  Segment part 8.
           ENTRY                   ADDRESS         REF BY
           =====                   =======         ======
           BRRX_TimerTask_v        E4C4            TIMER0_A1_5_ISR (timer)
               CSTACK = 00000000 ( 00000004 )
    -------------------------------------------------------------------------
<CODE> 1 (was CODE)
  Relative segment, address: E486 - E489 (0x4 bytes), align: 1
  Segment part 7.
           ENTRY                   ADDRESS         REF BY
           =====                   =======         ======
           is_bluerobin            E486            TIMER0_A0_ISR (timer)
                                                   display_update (main)
                                                   sx_ppt (rfsimpliciti)
                                                   sx_rf (rfsimpliciti)
                                                   sx_rfbsl (rfbsl)
                                                   sx_sync (rfsimpliciti)
               CSTACK = 00000000 ( 00000004 )
    -------------------------------------------------------------------------
<CODE> 1 (was CODE)
  Relative segment, address: E48A - E48D (0x4 bytes), align: 1
  Segment part 6.
           ENTRY                   ADDRESS         REF BY
           =====                   =======         ======
           is_bluerobin_searching
                                   E48A            TIMER0_A0_ISR (timer)
               CSTACK = 00000000 ( 00000004 )
    -------------------------------------------------------------------------
<CODE> 1 (was CODE)
  Relative segment, address: E4C2 - E4C3 (0x2 bytes), align: 1
  Segment part 5.
           ENTRY                   ADDRESS         REF BY
           =====                   =======         ======
           test_mode               E4C2            main (main)
               CSTACK = 00000000 ( 00000004 )
    -------------------------------------------------------------------------
<CODE> 1 (was CODE)
  Relative segment, address: E4C0 - E4C1 (0x2 bytes), align: 1
  Segment part 4.
           ENTRY                   ADDRESS         REF BY
           =====                   =======         ======
           reset_bluerobin         E4C0            init_global_variables (main)
               CSTACK = 00000000 ( 00000004 )
    -------------------------------------------------------------------------
<CODE> 1 (was CODE)
  Relative segment, address: E4BE - E4BF (0x2 bytes), align: 1
  Segment part 3.
           ENTRY                   ADDRESS         REF BY
           =====                   =======         ======
           get_bluerobin_data      E4BE            TIMER0_A0_ISR (timer)
               CSTACK = 00000000 ( 00000004 )
    -------------------------------------------------------------------------
DATA16_Z
  Relative segment, address: 1C96 - 1CAD (0x18 bytes), align: 1
  Segment part 2.
           ENTRY                   ADDRESS         REF BY
           =====                   =======         ======
           sBlueRobin              1C96            radio_ISR (radio)

    *************************************************************************

  FILE NAME : D:\ALaurent\Temp\git\EZ430-MyChronos\Sports Watch\915MHz - Limited IAR KickStart (USA)\Obj\bmp_as.r43
  PROGRAM MODULE, NAME : bmp_as

  SEGMENTS IN THE MODULE
  ======================
DATA16_AN
  Relative segment, address: 05C0 - 05C1 (0x2 bytes), align: 0
  Segment part 4. ROOT.       Intra module refs:   bmp_as_start
                                                   cma_as_start (cma_as)
           ENTRY                   ADDRESS         REF BY
           =====                   =======         ======
           _A_UCA0CTLW0_L          05C0 
           LOCAL                   ADDRESS         
           =====                   =======         
           UCA0CTLW0               05C0 
           UCA0CTLW0_H             05C1 
           UCA0CTLW0_L             05C0 
    -------------------------------------------------------------------------
DATA16_AN
  Relative segment, address: 05C6 - 05C7 (0x2 bytes), align: 0
  Segment part 5. ROOT.       Intra module refs:   bmp_as_start
                                                   cma_as_start (cma_as)
           ENTRY                   ADDRESS         REF BY
           =====                   =======         ======
           _A_UCA0BRW_L            05C6 
           LOCAL                   ADDRESS         
           =====                   =======         
           UCA0BRW                 05C6 
           UCA0BRW_H               05C7 
           UCA0BRW_L               05C6 
    -------------------------------------------------------------------------
<CODE> 1 (was CODE)
  Relative segment, address: BF62 - BFC5 (0x64 bytes), align: 1
  Segment part 11.
           ENTRY                   ADDRESS         REF BY
           =====                   =======         ======
           bmp_as_start            BF62            display_acceleration (acceleration)
                                                   start_simpliciti_tx_only (rfsimpliciti)
               calls direct
               CSTACK = 00000000 ( 00000004 )
    -------------------------------------------------------------------------
<CODE> 1 (was CODE)
  Relative segment, address: E4A2 - E4A5 (0x4 bytes), align: 1
  Segment part 10.
           ENTRY                   ADDRESS         REF BY
           =====                   =======         ======
           bmp_as_stop             E4A2            ?Subroutine2 (rfsimpliciti)
                                                   TIMER0_A0_ISR (timer)
                                                   display_acceleration (acceleration)
               calls direct
               CSTACK = 00000000 ( 00000004 )
    -------------------------------------------------------------------------
<CODE> 1 (was CODE)
  Relative segment, address: E3FC - E403 (0x8 bytes), align: 1
  Segment part 9.             Intra module refs:   bmp_as_get_data
           ENTRY                   ADDRESS         REF BY
           =====                   =======         ======
           bmp_as_read_register    E3FC 
               calls direct
               CSTACK = 00000000 ( 00000004 )
    -------------------------------------------------------------------------
<CODE> 1 (was CODE)
  Relative segment, address: E4A6 - E4A9 (0x4 bytes), align: 1
  Segment part 8.             Intra module refs:   bmp_as_start
           ENTRY                   ADDRESS         REF BY
           =====                   =======         ======
           bmp_as_write_register   E4A6 
               calls direct
               CSTACK = 00000000 ( 00000004 )
    -------------------------------------------------------------------------
<CODE> 1 (was CODE)
  Relative segment, address: C3F4 - C445 (0x52 bytes), align: 1
  Segment part 7.
           ENTRY                   ADDRESS         REF BY
           =====                   =======         ======
           bmp_as_get_data         C3F4            do_acceleration_measurement (acceleration)
                                                   simpliciti_get_ed_data_callback (rfsimpliciti)
                                                   sx_acceleration (acceleration)
               calls direct
               CSTACK = 00000000 ( 00000006 )

    *************************************************************************

  FILE NAME : D:\ALaurent\Temp\git\EZ430-MyChronos\Sports Watch\915MHz - Limited IAR KickStart (USA)\Obj\bmp_ps.r43
  PROGRAM MODULE, NAME : bmp_ps

  SEGMENTS IN THE MODULE
  ======================
DATA16_Z
  Relative segment, address: 1CAE - 1CC3 (0x16 bytes), align: 1
  Segment part 2.             Intra module refs:   bmp_ps_get_cal_param
                                                   bmp_ps_get_pa
                                                   bmp_ps_get_temp
           ENTRY                   ADDRESS         REF BY
           =====                   =======         ======
           bmp_cal_param           1CAE 
    -------------------------------------------------------------------------
DATA16_Z
  Relative segment, address: 1CC4 - 1CC7 (0x4 bytes), align: 1
  Segment part 3.             Intra module refs:   bmp_ps_get_pa
                                                   bmp_ps_get_temp
           ENTRY                   ADDRESS         REF BY
           =====                   =======         ======
           bmp_param_b5            1CC4 
    -------------------------------------------------------------------------
<CODE> 1 (was CODE)
  Relative segment, address: D2C2 - D2EF (0x2e bytes), align: 1
  Segment part 19.
           ENTRY                   ADDRESS         REF BY
           =====                   =======         ======
           bmp_ps_init             D2C2            init_application (main)
               calls direct
               CSTACK = 00000000 ( 00000006 )
    -------------------------------------------------------------------------
<CODE> 1 (was CODE)
  Relative segment, address: B2D0 - B36B (0x9c bytes), align: 1
  Segment part 18.            Intra module refs:   bmp_ps_init
           ENTRY                   ADDRESS         REF BY
           =====                   =======         ======
           bmp_ps_get_cal_param    B2D0 
               calls direct
               CSTACK = 00000000 ( 00000004 )
    -------------------------------------------------------------------------
<CODE> 1 (was CODE)
  Relative segment, address: E1EA - E1F5 (0xc bytes), align: 1
  Segment part 17.
           ENTRY                   ADDRESS         REF BY
           =====                   =======         ======
           bmp_ps_start            E1EA            TIMER0_A0_ISR (timer)
                                                   start_altitude_measurement (altitude)
               calls direct
               CSTACK = 00000000 ( 00000004 )
    -------------------------------------------------------------------------
<CODE> 1 (was CODE)
  Relative segment, address: E4BC - E4BD (0x2 bytes), align: 1
  Segment part 16.
           ENTRY                   ADDRESS         REF BY
           =====                   =======         ======
           bmp_ps_stop             E4BC            stop_altitude_measurement (altitude)
               CSTACK = 00000000 ( 00000004 )
    -------------------------------------------------------------------------
<CODE> 1 (was CODE)
  Relative segment, address: E1DE - E1E9 (0xc bytes), align: 1
  Segment part 15.            Intra module refs:   bmp_ps_start
           ENTRY                   ADDRESS         REF BY
           =====                   =======         ======
           bmp_ps_write_register   E1DE            do_altitude_measurement (altitude)
               calls direct
               CSTACK = 00000000 ( 00000004 )
    -------------------------------------------------------------------------
<CODE> 1 (was CODE)
  Relative segment, address: E1D2 - E1DD (0xc bytes), align: 1
  Segment part 14.            Intra module refs:   ?Subroutine3
                                                   bmp_ps_get_cal_param
                                                   bmp_ps_init
           ENTRY                   ADDRESS         REF BY
           =====                   =======         ======
           bmp_ps_read_register    E1D2 
               calls direct
               CSTACK = 00000000 ( 00000004 )
    -------------------------------------------------------------------------
<CODE> 1 (was CODE)
  Relative segment, address: 99F0 - 9B2B (0x13c bytes), align: 1
  Segment part 5.
           ENTRY                   ADDRESS         REF BY
           =====                   =======         ======
           bmp_ps_get_pa           99F0            do_altitude_measurement (altitude)
               calls direct
               CSTACK = 00000000 ( 00000014 )
    -------------------------------------------------------------------------
<CODE> 1 (was CODE)
  Relative segment, address: E034 - E041 (0xe bytes), align: 1
  Segment part 6.             Intra module refs:   bmp_ps_get_pa
           LOCAL                   ADDRESS         
           =====                   =======         
           ?Subroutine5            E034 
    -------------------------------------------------------------------------
<CODE> 1 (was CODE)
  Relative segment, address: E3A2 - E3AB (0xa bytes), align: 1
  Segment part 7.             Intra module refs:   bmp_ps_get_pa
           LOCAL                   ADDRESS         
           =====                   =======         
           ?Subroutine4            E3A2 
    -------------------------------------------------------------------------
<CODE> 1 (was CODE)
  Relative segment, address: E398 - E3A1 (0xa bytes), align: 1
  Segment part 8.             Intra module refs:   ?Subroutine2
                                                   ?Subroutine4
                                                   bmp_ps_get_temp
           LOCAL                   ADDRESS         
           =====                   =======         
           ?Subroutine6            E398 
    -------------------------------------------------------------------------
<CODE> 1 (was CODE)
  Relative segment, address: E00A - E017 (0xe bytes), align: 1
  Segment part 9.             Intra module refs:   bmp_ps_get_pa
                                                   bmp_ps_get_temp
           LOCAL                   ADDRESS         
           =====                   =======         
           ?Subroutine3            E00A 
    -------------------------------------------------------------------------
<CODE> 1 (was CODE)
  Relative segment, address: E1C6 - E1D1 (0xc bytes), align: 1
  Segment part 10.            Intra module refs:   bmp_ps_get_pa
           LOCAL                   ADDRESS         
           =====                   =======         
           ?Subroutine2            E1C6 
    -------------------------------------------------------------------------
<CODE> 1 (was CODE)
  Relative segment, address: E1A2 - E1AD (0xc bytes), align: 1
  Segment part 11.            Intra module refs:   bmp_ps_get_pa
           LOCAL                   ADDRESS         
           =====                   =======         
           ?Subroutine1            E1A2 
    -------------------------------------------------------------------------
<CODE> 1 (was CODE)
  Relative segment, address: DFFA - E003 (0xa bytes), align: 1
  Segment part 12.            Intra module refs:   bmp_ps_get_pa
                                                   bmp_ps_get_temp
           LOCAL                   ADDRESS         
           =====                   =======         
           ?Subroutine0            DFFA 
    -------------------------------------------------------------------------
<CODE> 1 (was CODE)
  Relative segment, address: E004 - E009 (0x6 bytes), align: 1
  Segment part 13.            Intra module refs:   ?Subroutine0
                                                   bmp_ps_get_pa
                                                   bmp_ps_get_temp
    -------------------------------------------------------------------------
<CODE> 1 (was CODE)
  Relative segment, address: BFC6 - C027 (0x62 bytes), align: 1
  Segment part 4.
           ENTRY                   ADDRESS         REF BY
           =====                   =======         ======
           bmp_ps_get_temp         BFC6            do_altitude_measurement (altitude)
               calls direct
               CSTACK = 00000000 ( 0000000C )

    *************************************************************************

  FILE NAME : D:\ALaurent\Temp\git\EZ430-MyChronos\Sports Watch\simpliciti\CC430_End_Device_915MHz.r43
  LIBRARY MODULE, NAME : bsp

  SEGMENTS IN THE MODULE
  ======================
DATA16_AN
  Relative segment, address: 0222 - 0223 (0x2 bytes), align: 0
  Segment part 4. ROOT.
           ENTRY                   ADDRESS         REF BY
           =====                   =======         ======
           _A_PBOUT_L              0222 
           LOCAL                   ADDRESS         
           =====                   =======         
           PBOUT                   0222 
           PBOUT_H                 0223 
           PBOUT_L                 0222 
    -------------------------------------------------------------------------
DATA16_AN
  Relative segment, address: 0224 - 0225 (0x2 bytes), align: 0
  Segment part 5. ROOT.
           ENTRY                   ADDRESS         REF BY
           =====                   =======         ======
           _A_PBDIR_L              0224 
           LOCAL                   ADDRESS         
           =====                   =======         
           PBDIR                   0224 
           PBDIR_H                 0225 
           PBDIR_L                 0224 
    -------------------------------------------------------------------------
DATA16_AN
  Relative segment, address: 0124 - 0125 (0x2 bytes), align: 0
  Segment part 7. ROOT.       Intra module refs:   SetVCoreUp
                                                   SetVCoreUp (pmm)
           ENTRY                   ADDRESS         REF BY
           =====                   =======         ======
           _A_SVSMHCTL_L           0124 
           LOCAL                   ADDRESS         
           =====                   =======         
           SVSMHCTL                0124 
           SVSMHCTL_H              0125 
           SVSMHCTL_L              0124 
    -------------------------------------------------------------------------
DATA16_AN
  Relative segment, address: 0126 - 0127 (0x2 bytes), align: 0
  Segment part 8. ROOT.       Intra module refs:   SetVCore
                                                   SetVCoreDown (pmm)
                                                   SetVCoreUp
                                                   SetVCoreUp (pmm)
           ENTRY                   ADDRESS         REF BY
           =====                   =======         ======
           _A_SVSMLCTL_L           0126 
           LOCAL                   ADDRESS         
           =====                   =======         
           SVSMLCTL                0126 
           SVSMLCTL_H              0127 
           SVSMLCTL_L              0126 
    -------------------------------------------------------------------------
DATA16_AN
  Relative segment, address: 012C - 012D (0x2 bytes), align: 0
  Segment part 9. ROOT.       Intra module refs:   SetVCore
                                                   SetVCoreDown (pmm)
                                                   SetVCoreUp
                                                   SetVCoreUp (pmm)
           ENTRY                   ADDRESS         REF BY
           =====                   =======         ======
           _A_PMMIFG_L             012C 
           LOCAL                   ADDRESS         
           =====                   =======         
           PMMIFG                  012C 
           PMMIFG_H                012D 
           PMMIFG_L                012C 
    -------------------------------------------------------------------------
DATA16_AN
  Relative segment, address: 0380 - 0381 (0x2 bytes), align: 0
  Segment part 11. ROOT.      Intra module refs:   BSP_Delay
                                                   BSP_InitBoard
                                                   start_buzzer (buzzer)
                                                   stop_buzzer (buzzer)
                                                   toggle_buzzer (buzzer)
           ENTRY                   ADDRESS         REF BY
           =====                   =======         ======
           TA1CTL                  0380 
    -------------------------------------------------------------------------
DATA16_AN
  Relative segment, address: 0382 - 0383 (0x2 bytes), align: 0
  Segment part 12. ROOT.      Intra module refs:   BSP_Delay
                                                   start_buzzer (buzzer)
                                                   stop_buzzer (buzzer)
           ENTRY                   ADDRESS         REF BY
           =====                   =======         ======
           TA1CCTL0                0382 
    -------------------------------------------------------------------------
DATA16_AN
  Relative segment, address: 0390 - 0391 (0x2 bytes), align: 0
  Segment part 13. ROOT.      Intra module refs:   BSP_Delay
                                                   toggle_buzzer (buzzer)
           ENTRY                   ADDRESS         REF BY
           =====                   =======         ======
           TA1R                    0390 
    -------------------------------------------------------------------------
DATA16_AN
  Relative segment, address: 0392 - 0393 (0x2 bytes), align: 0
  Segment part 14. ROOT.      Intra module refs:   BSP_Delay
                                                   start_buzzer (buzzer)
           ENTRY                   ADDRESS         REF BY
           =====                   =======         ======
           TA1CCR0                 0392 
    -------------------------------------------------------------------------
<CODE> 1 (was CODE)
  Relative segment, address: CA5A - CA99 (0x40 bytes), align: 1
  Segment part 31.            Intra module refs:   __low_level_init
           LOCAL                   ADDRESS         
           =====                   =======         
           SetVCore                CA5A 
               calls direct
               CSTACK = 00000000 ( 00000006 )
    -------------------------------------------------------------------------
<CODE> 1 (was CODE)
  Relative segment, address: CB52 - CB8D (0x3c bytes), align: 1
  Segment part 30.            Intra module refs:   SetVCore
           LOCAL                   ADDRESS         
           =====                   =======         
           SetVCoreUp              CB52 
               CSTACK = 00000000 ( 00000004 )
    -------------------------------------------------------------------------
<CODE> 1 (was CODE)
  Relative segment, address: DF4A - DF59 (0x10 bytes), align: 1
  Segment part 32.            Intra module refs:   SetVCore
                                                   SetVCoreUp
           LOCAL                   ADDRESS         
           =====                   =======         
           ?Subroutine0            DF4A 
    -------------------------------------------------------------------------
<CODE> 1 (was CODE)
  Relative segment, address: C834 - C87D (0x4a bytes), align: 1
  Segment part 29.            Intra module refs:   __low_level_init
           LOCAL                   ADDRESS         
           =====                   =======         
           Bsp_SetClocks           C834 
               CSTACK = 00000000 ( 00000004 )
    -------------------------------------------------------------------------
<CODE> 1 (was CODE)
  Relative segment, address: DC2A - DC3F (0x16 bytes), align: 1
  Segment part 28. ROOT.
           ENTRY                   ADDRESS         REF BY
           =====                   =======         ======
           __low_level_init        DC2A            ?cstart_call_low_level_init (?cstart)
               calls direct
               CSTACK = 00000000 ( 00000004 )
    -------------------------------------------------------------------------
<CODE> 1 (was CODE)
  Relative segment, address: DFBA - DFC9 (0x10 bytes), align: 1
  Segment part 27.
           ENTRY                   ADDRESS         REF BY
           =====                   =======         ======
           BSP_InitBoard           DFBA            simpliciti_link (main_ED_BM)
               CSTACK = 00000000 ( 00000004 )
    -------------------------------------------------------------------------
<CODE> 1 (was CODE)
  Relative segment, address: D024 - D055 (0x32 bytes), align: 1
  Segment part 26.
           ENTRY                   ADDRESS         REF BY
           =====                   =======         ======
           BSP_Delay               D024            ?Subroutine3 (mrfi)
               CSTACK = 00000000 ( 00000004 )

    -------------------------------------------------------------------------
  LIBRARY MODULE, NAME : main_ED_BM

  SEGMENTS IN THE MODULE
  ======================
DATA16_Z
  Relative segment, address: 1D95 - 1D95 (0x1 bytes), align: 0
  Segment part 2.             Intra module refs:   Segment part 6
                                                   simpliciti_link
                                                   simpliciti_main_sync
           LOCAL                   ADDRESS         
           =====                   =======         
           sLinkID1                1D95 
    -------------------------------------------------------------------------
<CODE> 1 (was CODE)
  Relative segment, address: E0EA - E0EF (0x6 bytes), align: 1
  Segment part 7.             Intra module refs:   simpliciti_main_sync
                                                   simpliciti_main_tx_only
           LOCAL                   ADDRESS         
           =====                   =======         
           ?Subroutine0            E0EA 
    -------------------------------------------------------------------------
<CODE> 1 (was CODE)
  Relative segment, address: E0F0 - E0F7 (0x8 bytes), align: 1
  Segment part 8.             Intra module refs:   ?Subroutine0
                                                   simpliciti_link
                                                   simpliciti_main_sync
                                                   simpliciti_main_tx_only
    -------------------------------------------------------------------------
<CODE> 1 (was CODE)
  Relative segment, address: B66A - B701 (0x98 bytes), align: 1
  Segment part 9.
           ENTRY                   ADDRESS         REF BY
           =====                   =======         ======
           simpliciti_link         B66A            ?Subroutine5 (rfsimpliciti)
               calls direct
               CSTACK = 00000000 ( 0000000C )
    -------------------------------------------------------------------------
<CODE> 1 (was CODE)
  Relative segment, address: DE88 - DE99 (0x12 bytes), align: 1
  Segment part 10.            Intra module refs:   simpliciti_link
           LOCAL                   ADDRESS         
           =====                   =======         
           ?Subroutine1            DE88 
    -------------------------------------------------------------------------
<CODE> 1 (was CODE)
  Relative segment, address: D1AC - D1DB (0x30 bytes), align: 1
  Segment part 4.
           ENTRY                   ADDRESS         REF BY
           =====                   =======         ======
           simpliciti_main_tx_only
                                   D1AC            start_simpliciti_tx_only (rfsimpliciti)
               calls direct
               CSTACK = 00000000 ( 00000004 )
    -------------------------------------------------------------------------
<CODE> 1 (was CODE)
  Relative segment, address: E2CE - E2D1 (0x4 bytes), align: 1
  Segment part 5.             Intra module refs:   simpliciti_main_sync
                                                   simpliciti_main_tx_only
           LOCAL                   ADDRESS         
           =====                   =======         
           ?Subroutine2            E2CE 
    -------------------------------------------------------------------------
<CODE> 1 (was CODE)
[...]
           =====                   =======         ======
           ?ShiftLeft32_8          DB8E 

    -------------------------------------------------------------------------
  LIBRARY MODULE, NAME : ?OneBitMask32

  SEGMENTS IN THE MODULE
  ======================
<CODE> 1 (was CODE)
  Relative segment, address: D6BA - D6DB (0x22 bytes), align: 1
  Segment part 0.
           ENTRY                   ADDRESS         REF BY
           =====                   =======         ======
           ?OneBitMask32           D6BA            convert_acceleration_value_to_mgrav (acceleration)

    -------------------------------------------------------------------------
  LIBRARY MODULE, NAME : ?ShiftRight32s_8n

  SEGMENTS IN THE MODULE
  ======================
<CODE> 1 (was CODE)
  Relative segment, address: DA5C - DA5F (0x4 bytes), align: 1
  Segment part 2.
           ENTRY                   ADDRESS         REF BY
           =====                   =======         ======
           ?ShiftRight32s_12       DA5C            bmp_ps_get_pa (bmp_ps)
    -------------------------------------------------------------------------
<CODE> 1 (was CODE)
  Relative segment, address: DA60 - DA63 (0x4 bytes), align: 1
  Segment part 3.             Intra module refs:   ?ShiftRight32s_12
           ENTRY                   ADDRESS         REF BY
           =====                   =======         ======
           ?ShiftRight32s_11       DA60 
    -------------------------------------------------------------------------
<CODE> 1 (was CODE)
  Relative segment, address: DA64 - DA67 (0x4 bytes), align: 1
  Segment part 4.             Intra module refs:   ?ShiftRight32s_11
           ENTRY                   ADDRESS         REF BY
           =====                   =======         ======
           ?ShiftRight32s_10       DA64 
    -------------------------------------------------------------------------
<CODE> 1 (was CODE)
  Relative segment, address: DA68 - DA6B (0x4 bytes), align: 1
  Segment part 5.             Intra module refs:   ?ShiftRight32s_10
           ENTRY                   ADDRESS         REF BY
           =====                   =======         ======
           ?ShiftRight32s_9        DA68 
    -------------------------------------------------------------------------
<CODE> 1 (was CODE)
  Relative segment, address: DA6C - DA77 (0xc bytes), align: 1
  Segment part 6.             Intra module refs:   ?ShiftRight32s_9
           ENTRY                   ADDRESS         REF BY
           =====                   =======         ======
           ?ShiftRight32s_8        DA6C 

    -------------------------------------------------------------------------
  LIBRARY MODULE, NAME : ?ShiftRight32u

  SEGMENTS IN THE MODULE
  ======================
<CODE> 1 (was CODE)
  Relative segment, address: C0EA - C129 (0x40 bytes), align: 1
  Segment part 0.
           ENTRY                   ADDRESS         REF BY
           =====                   =======         ======
           ?ShiftRight32u          C0EA            convert_acceleration_value_to_mgrav (acceleration)
    -------------------------------------------------------------------------
<CODE> 1 (was CODE)
  Relative segment, address: C12A - C12D (0x4 bytes), align: 1
  Segment part 1.             Intra module refs:   ?ShiftRight32u
           ENTRY                   ADDRESS         REF BY
           =====                   =======         ======
           ?ShiftRight32u_7        C12A 
    -------------------------------------------------------------------------
<CODE> 1 (was CODE)
  Relative segment, address: C12E - C131 (0x4 bytes), align: 1
  Segment part 2.             Intra module refs:   ?ShiftRight32u_7
           ENTRY                   ADDRESS         REF BY
           =====                   =======         ======
           ?ShiftRight32u_6        C12E 
    -------------------------------------------------------------------------
<CODE> 1 (was CODE)
  Relative segment, address: C132 - C135 (0x4 bytes), align: 1
  Segment part 3.             Intra module refs:   ?ShiftRight32u_6
           ENTRY                   ADDRESS         REF BY
           =====                   =======         ======
           ?ShiftRight32u_5        C132 
    -------------------------------------------------------------------------
<CODE> 1 (was CODE)
  Relative segment, address: C136 - C139 (0x4 bytes), align: 1
  Segment part 4.             Intra module refs:   ?ShiftRight32u_5
           ENTRY                   ADDRESS         REF BY
           =====                   =======         ======
           ?ShiftRight32u_4        C136 
    -------------------------------------------------------------------------
<CODE> 1 (was CODE)
  Relative segment, address: C13A - C13D (0x4 bytes), align: 1
  Segment part 5.             Intra module refs:   ?ShiftRight32u_4
           ENTRY                   ADDRESS         REF BY
           =====                   =======         ======
           ?ShiftRight32u_3        C13A 
    -------------------------------------------------------------------------
<CODE> 1 (was CODE)
  Relative segment, address: C13E - C147 (0xa bytes), align: 1
  Segment part 6.             Intra module refs:   ?ShiftRight32u_3
           ENTRY                   ADDRESS         REF BY
           =====                   =======         ======
           ?ShiftRight32u_2        C13E 

    -------------------------------------------------------------------------
  LIBRARY MODULE, NAME : ?memcmp

  SEGMENTS IN THE MODULE
  ======================
<CODE> 1 (was CODE)
  Relative segment, address: D5DE - D603 (0x26 bytes), align: 1
  Segment part 2.
           ENTRY                   ADDRESS         REF BY
           =====                   =======         ======
           memcmp                  D5DE            Segment part 18 (nwk)
                                                   dispatchFrame (nwk_frame)
                                                   nwk_QfindOldest (nwk_QMgmt)
                                                   nwk_processMgmt (nwk_mgmt)
               CSTACK = 00000000 ( 00000006 )

    -------------------------------------------------------------------------
  LIBRARY MODULE, NAME : ?memcpy

  SEGMENTS IN THE MODULE
  ======================
<CODE> 1 (was CODE)
  Relative segment, address: DEAC - DEBD (0x12 bytes), align: 1
  Segment part 2.
           ENTRY                   ADDRESS         REF BY
           =====                   =======         ======
           memcpy                  DEAC            ?Subroutine0 (nwk_globals)
                                                   ?Subroutine7 (nwk_link)
                                                   SMPL_Ioctl (nwk_api)
                                                   SMPL_SendOpt (nwk_api)
                                                   __data16_memcpy (?memzero)
                                                   display_update (main)
                                                   int_to_array (display)
                                                   nwk_buildFrame (nwk_frame)
                                                   nwk_deviceAddress (nwk_ioctl)
                                                   nwk_join (nwk_join)
                                                   nwk_link (nwk_link)
                                                   nwk_nwkInit (nwk)
                                                   nwk_radioControl (nwk_ioctl)
                                                   nwk_rawSend (nwk_ioctl)
                                                   nwk_retrieveFrame (nwk_frame)
                                                   nwk_sendAckReply (nwk_frame)
                                                   nwk_setAPAddress (nwk_globals)
                                                   reset_stopwatch (stopwatch)
                                                   smpl_send_ping_reply (nwk_ping)
               CSTACK = 00000000 ( 00000004 )

    -------------------------------------------------------------------------
  LIBRARY MODULE, NAME : ?memmove

  SEGMENTS IN THE MODULE
  ======================
<CODE> 1 (was CODE)
  Relative segment, address: CF8A - CFBD (0x34 bytes), align: 1
  Segment part 2.
           ENTRY                   ADDRESS         REF BY
           =====                   =======         ======
           memmove                 CF8A            nwk_getNumObjectFromMsg (nwk)
                                                   nwk_putNumObjectIntoMsg (nwk)
               CSTACK = 00000000 ( 00000006 )

    -------------------------------------------------------------------------
  LIBRARY MODULE, NAME : ?CopyMemoryBytes

  SEGMENTS IN THE MODULE
  ======================
<CODE> 1 (was CODE)
  Relative segment, address: DFEA - DFF9 (0x10 bytes), align: 1
  Segment part 0.
           ENTRY                   ADDRESS         REF BY
           =====                   =======         ======
           ?CopyMemoryBytes        DFEA            MRFI_Receive (mrfi)

    -------------------------------------------------------------------------
  LIBRARY MODULE, NAME : ?memset

  SEGMENTS IN THE MODULE
  ======================
<CODE> 1 (was CODE)
  Relative segment, address: DE1C - DE2D (0x12 bytes), align: 1
  Segment part 2.
           ENTRY                   ADDRESS         REF BY
           =====                   =======         ======
           memset                  DE1C            MRFI_Init (mrfi)
                                                   Segment part 72 (mrfi)
                                                   nwk_QInit (nwk_QMgmt)
                                                   nwk_allocateLocalRxPort (nwk)
                                                   nwk_globalsInit (nwk_globals)
                                                   nwk_linkInit (nwk_link)
                                                   nwk_nwkInit (nwk)
               CSTACK = 00000000 ( 00000004 )

    -------------------------------------------------------------------------
  LIBRARY MODULE, NAME : ?memzero

  SEGMENTS IN THE MODULE
  ======================
<CODE> 1 (was CODE)
  Relative segment, address: DE0A - DE1B (0x12 bytes), align: 1
  Segment part 4.
           ENTRY                   ADDRESS         REF BY
           =====                   =======         ======
           __data16_memzero        DE0A            ?cstart_init_zero (?cstart)
               CSTACK = 00000000 ( 00000004 )
    -------------------------------------------------------------------------
<CODE> 1 (was CODE)
  Relative segment, address: E472 - E475 (0x4 bytes), align: 1
  Segment part 3.
           ENTRY                   ADDRESS         REF BY
           =====                   =======         ======
           __data16_memcpy         E472            ?cstart_init_copy (?cstart)
               calls direct
               CSTACK = 00000000 ( 00000004 )

    -------------------------------------------------------------------------
  LIBRARY MODULE, NAME : ?IndCallR9

  SEGMENTS IN THE MODULE
  ======================
<CODE> 1 (was CODE)
  Relative segment, address: E47A - E47D (0x4 bytes), align: 1
  Segment part 0.
           ENTRY                   ADDRESS         REF BY
           =====                   =======         ======
           ?IndCallR9              E47A            set_value (user)

    -------------------------------------------------------------------------
  LIBRARY MODULE, NAME : ?IndCallR15

  SEGMENTS IN THE MODULE
  ======================
<CODE> 1 (was CODE)
  Relative segment, address: E4B2 - E4B5 (0x4 bytes), align: 1
  Segment part 0.
           ENTRY                   ADDRESS         REF BY
           =====                   =======         ======
           ?IndCallR15             E4B2            ?Subroutine0 (main)
                                                   dispatchFrame (nwk_frame)
                                                   wakeup_event (main)




                ****************************************
                *                                      *
                *            MODULE SUMMARY            *
                *                                      *
                ****************************************

Module                CODE      DATA      CONST
------                ----      ----      -----
                     (Rel)  (Rel)  (Abs)  (Rel)
?Cast32f32i            146
?CopyMemoryBytes        16
?DivMod32s              64
?DivMod32u              56
?DivMod816s             52
?DivMod816u             28
?FLT_Extract            76
?FLT_LT                 82
?IndCallR15              4
?IndCallR9               4
?Mul32                  46
?Mul816                 50
?OneBitMask32           34
?ShiftLeft32_8n         24
?ShiftRight32s_8n       28
?ShiftRight32u          94
?__dbg_break             2
?__exit                 24
?_exit                   4
?cstart                 48
?exit                    4
?memcmp                 38
?memcpy                 18
?memmove                52
?memset                 18
?memzero                22
?reset_vector            2
_Add32f                354
_Cast32fto32u           12
_CmpLt32f               10
_Div32f                304
_Mul32f                272
acceleration           498     10            32
adc12                  136      3     13
  + common             114
alarm                  526      4
altitude               884     14             4
  + shared                             6
as                     310      1      4
  + shared                            14
battery                212      6
bluerobin_stubs         18     24
bmp_as                 198
  + shared                             4
bmp_ps                 742     26
bsp                    302             4
  + shared                            14
buzzer                 194      8
clock                1 002     14             8
cma_as                 144
cma_ps                 316
date                   816      6
display                956     94     12    720
main                 1 278     17     10     31
  + shared                            20
main_ED_BM             390      1
menu                    82      4           216
mrfi                 2 026     59      6     77
  + shared                            18
nwk                    940     29            29
nwk_QMgmt              406    140
nwk_api                612      1
nwk_frame              714      9            24
nwk_freq                 6
nwk_globals            112      9             9
nwk_ioctl              360
nwk_join               344      9
nwk_link               906      8
nwk_mgmt                68      1
nwk_ping               122      1
nwk_security             6
pmm                    144
ports                  670     10             1
  + common              98
ps                   1 530     69      2     68
radio                  158             2
  + common             108
rf1a                   232
rfbsl                  128      1            18
rfsimpliciti         1 186     69            28
stopwatch              748     14      2      9
  + shared                             4
temperature            668      6
timer                  932      7     16     12
  + common             112
user                   506
N/A (command line)             80
N/A (alignment)
----------          ------    ---    ---  -----
Total:              24 516    754    151  1 286
  + common             114


                ****************************************
                *                                      *
                *      SEGMENTS IN ADDRESS ORDER       *
                *                                      *
                ****************************************


SEGMENT              SPACE    START ADDRESS   END ADDRESS     SIZE  TYPE  ALIGN
=======              =====    =============   ===========     ====  ====  =====
DATA16_AN                              0102 - 0103               2   rel    0
                                       0120 - 0121               2 
                                       0124 - 0127               4 
                                       012C - 012D               2 
                                       015C - 015D               2 
                                       0160 - 0169               A 
                                       016C - 016F               4 
                                       01B0 - 01B1               2 
                                       01C0 - 01C3               4 
                                       01C8 - 01C9               2 
                                       01D0 - 01D1               2 
                                       0200 - 0207               8 
                                       020A - 020B               2 
                                       0218 - 021D               6 
                                       0222 - 0225               4 
                                       0244 - 0245               2 
                                       024A - 024B               2 
                                       0320 - 0325               6 
                                       0340 - 0343               4 
                                       0346 - 034B               6 
                                       0350 - 0353               4 
                                       0356 - 035B               6 
                                       036E - 036F               2 
                                       0380 - 0383               4 
                                       0390 - 0393               4 
                                       05C0 - 05C1               2 
                                       05C6 - 05C7               2 
                                       05CC - 05CC               1 
                                       05CE - 05CE               1 
                                       05DC - 05DD               2 
                                       0700 - 0703               4 
                                       070C - 0710               5 
                                       0720 - 0721               2 
                                       0A00 - 0A01               2 
                                       0A04 - 0A07               4 
                                       0A0A - 0A0D               4 
                                       0F02 - 0F03               2 
                                       0F06 - 0F07               2 
                                       0F0C - 0F13               8 
                                       0F20 - 0F23               4 
                                       0F30 - 0F39               A 
DATA16_I                               1C00 - 1C76              77   rel    1
DATA16_Z                               1C78 - 1EA2             22B   rel    1
CSTACK                                 2BAE - 2BFD              50   rel    1
DATA16_C                               8000 - 848E             48F   rel    1
DATA16_ID                              8490 - 8506              77   rel    1
CSTART                                 8508 - 8537              30   rel    1
ISR_CODE                               8538 - 8A7F             548   rel    1
<CODE> 1                               8A80 - E4C9            5A4A   rel    1
INTVEC                                 FF80 - FFF1              72   com    1
RESET                                  FFFE - FFFF               2   rel    1

                ****************************************
                *                                      *
                *        END OF CROSS REFERENCE        *
                *                                      *
                ****************************************

 24 630 bytes of CODE  memory
    754 bytes of DATA  memory (+ 151 absolute )
  1 286 bytes of CONST memory

Errors: none
Warnings: none

